
> africonnect-backend@1.0.0 test
> cross-env NODE_ENV=test node --experimental-vm-modules node_modules/jest/bin/jest.js --config jest.config.js

node.exe : ts-jest[config] (WARN) 
Au caractère C:\Users\Hp\AppData\Roaming\npm\npm.ps1:24 : 5
+     & "node$exe"  "$basedir/node_modules/npm/bin/npm-cli.js" $args
+     ~~~~~~~~~~~~~~~~~~~~~~~~~~~~~~~~~~~~~~~~~~~~~~~~~~~~~~~~~~~~~~
    + CategoryInfo          : NotSpecified: (ts-jest[config] (WARN) :String 
   ) [], RemoteException
    + FullyQualifiedErrorId : NativeCommandError
 
    The "ts-jest" config option "isolatedModules" is deprecated and will be 
removed in v30.0.0. Please use "isolatedModules: true" in 
C:/Users/Hp/Downloads/AfriConnect/backend/tsconfig.json instead, see 
https://www.typescriptlang.org/tsconfig/#isolatedModules
  
ts-jest[config] (WARN) 
    The "ts-jest" config option "isolatedModules" is deprecated and will be 
removed in v30.0.0. Please use "isolatedModules: true" in 
C:/Users/Hp/Downloads/AfriConnect/backend/tsconfig.json instead, see 
https://www.typescriptlang.org/tsconfig/#isolatedModules
  
ts-jest[config] (WARN) 
    The "ts-jest" config option "isolatedModules" is deprecated and will be 
removed in v30.0.0. Please use "isolatedModules: true" in 
C:/Users/Hp/Downloads/AfriConnect/backend/tsconfig.json instead, see 
https://www.typescriptlang.org/tsconfig/#isolatedModules
  
ts-jest[config] (WARN) 
    The "ts-jest" config option "isolatedModules" is deprecated and will be 
removed in v30.0.0. Please use "isolatedModules: true" in 
C:/Users/Hp/Downloads/AfriConnect/backend/tsconfig.json instead, see 
https://www.typescriptlang.org/tsconfig/#isolatedModules
  
(node:20776) ExperimentalWarning: VM Modules is an experimental feature and 
might change at any time
(Use `node --trace-warnings ...` to show where the warning was created)
(node:1388) ExperimentalWarning: VM Modules is an experimental feature and 
might change at any time
(Use `node --trace-warnings ...` to show where the warning was created)
(node:336) ExperimentalWarning: VM Modules is an experimental feature and 
might change at any time
(Use `node --trace-warnings ...` to show where the warning was created)
(node:12056) ExperimentalWarning: VM Modules is an experimental feature and 
might change at any time
(Use `node --trace-warnings ...` to show where the warning was created)
FAIL __tests__/users.test.ts (33.299 s)
  ÔùÅ Console

    console.log
      [INFO] {
        level: 'info',
        message: 'Ô£à Database connected',
        timestamp: '2026-02-04T00:35:28.235Z',
        context: undefined
      }

      at Logger.info (src/utils/logger.ts:49:13)

    console.log
      [INFO] {
        level: 'info',
        message: 'Utilisateur connect├®',
        timestamp: '2026-02-04T00:35:29.764Z',
        context: {
          userId: '8b72b371-52e8-427a-9c9e-6319a9672a9a',
          email: 'test11770165328371@example.com'
        }
      }

      at Logger.info (src/utils/logger.ts:49:13)

    console.error
      [ERROR] {
        level: 'error',
        message: 'Utilisateur non trouv├®',
        timestamp: '2026-02-04T00:35:30.331Z',
        context: {
          path: '/api/users/55e27045-a9c7-4750-af09-5b85f2f367ff',
          method: 'GET',
          statusCode: 404
        },
        error: {
          name: 'Error',
          message: 'Utilisateur non trouv├®',
          stack: 'Error: Utilisateur non trouv├®\n' +
            '    at UserService.getById (C:\\Users\\Hp\\Downloads\\AfriConne
ct\\backend\\src\\services\\user.service.ts:70:26)\n' +
            '    at C:\\Users\\Hp\\Downloads\\AfriConnect\\backend\\src\\rou
tes\\users.routes.ts:24:18'
        }
      }

    [0m [90m 23 |[39m     }[33m;[39m
     [90m 24 |[39m
    [31m[1m>[22m[39m[90m 25 |[39m     
console[33m.[39merror([32m'[ERROR]'[39m[33m,[39m logData)[33m;[39m
     [90m    |[39m             [31m[1m^[22m[39m
     [90m 26 |[39m     [36mreturn[39m logData[33m;[39m
     [90m 27 |[39m   }
     [90m 28 |[39m[0m

      at Logger.error (src/utils/logger.ts:25:13)
      at errorHandler (src/middleware/errorHandler.ts:18:10)
      at Layer.handle_error (node_modules/express/lib/router/layer.js:71:5)
      at trim_prefix (node_modules/express/lib/router/index.js:326:13)
      at node_modules/express/lib/router/index.js:286:9
      at Function.process_params 
(node_modules/express/lib/router/index.js:346:12)
      at next (node_modules/express/lib/router/index.js:280:10)
      at node_modules/express/lib/router/index.js:646:15
      at next (node_modules/express/lib/router/index.js:265:14)
      at next (node_modules/express/lib/router/route.js:141:14)
      at src/routes/users.routes.ts:27:5

    console.log
      [INFO] {
        level: 'info',
        message: 'Utilisateur connect├®',
        timestamp: '2026-02-04T00:35:33.342Z',
        context: {
          userId: 'a8e2943e-8696-4a66-b454-631a41c994ab',
          email: 'test21770165332646@example.com'
        }
      }

      at Logger.info (src/utils/logger.ts:49:13)

    console.error
      [ERROR] {
        level: 'error',
        message: 'Utilisateur non trouv├®',
        timestamp: '2026-02-04T00:35:33.601Z',
        context: {
          path: '/api/users/non-existent-id',
          method: 'GET',
          statusCode: 404
        },
        error: {
          name: 'Error',
          message: 'Utilisateur non trouv├®',
          stack: 'Error: Utilisateur non trouv├®\n' +
            '    at UserService.getById (C:\\Users\\Hp\\Downloads\\AfriConne
ct\\backend\\src\\services\\user.service.ts:70:26)\n' +
            '    at C:\\Users\\Hp\\Downloads\\AfriConnect\\backend\\src\\rou
tes\\users.routes.ts:24:18'
        }
      }

    [0m [90m 23 |[39m     }[33m;[39m
     [90m 24 |[39m
    [31m[1m>[22m[39m[90m 25 |[39m     
console[33m.[39merror([32m'[ERROR]'[39m[33m,[39m logData)[33m;[39m
     [90m    |[39m             [31m[1m^[22m[39m
     [90m 26 |[39m     [36mreturn[39m logData[33m;[39m
     [90m 27 |[39m   }
     [90m 28 |[39m[0m

      at Logger.error (src/utils/logger.ts:25:13)
      at errorHandler (src/middleware/errorHandler.ts:18:10)
      at Layer.handle_error (node_modules/express/lib/router/layer.js:71:5)
      at trim_prefix (node_modules/express/lib/router/index.js:326:13)
      at node_modules/express/lib/router/index.js:286:9
      at Function.process_params 
(node_modules/express/lib/router/index.js:346:12)
      at next (node_modules/express/lib/router/index.js:280:10)
      at node_modules/express/lib/router/index.js:646:15
      at next (node_modules/express/lib/router/index.js:265:14)
      at next (node_modules/express/lib/router/route.js:141:14)
      at src/routes/users.routes.ts:27:5

    console.error
      [ERROR] {
        level: 'error',
        message: 'Email ou mot de passe incorrect',
        timestamp: '2026-02-04T00:35:35.421Z',
        context: { path: '/api/auth/login', method: 'POST', statusCode: 401 
},
        error: {
          name: 'Error',
          message: 'Email ou mot de passe incorrect',
          stack: 'Error: Email ou mot de passe incorrect\n' +
            '    at AuthService.login (C:\\Users\\Hp\\Downloads\\AfriConnect
\\backend\\src\\services\\auth.service.ts:86:26)\n' +
            '    at C:\\Users\\Hp\\Downloads\\AfriConnect\\backend\\src\\rou
tes\\auth.routes.ts:34:20'
        }
      }

    [0m [90m 23 |[39m     }[33m;[39m
     [90m 24 |[39m
    [31m[1m>[22m[39m[90m 25 |[39m     
console[33m.[39merror([32m'[ERROR]'[39m[33m,[39m logData)[33m;[39m
     [90m    |[39m             [31m[1m^[22m[39m
     [90m 26 |[39m     [36mreturn[39m logData[33m;[39m
     [90m 27 |[39m   }
     [90m 28 |[39m[0m

      at Logger.error (src/utils/logger.ts:25:13)
      at errorHandler (src/middleware/errorHandler.ts:18:10)
      at Layer.handle_error (node_modules/express/lib/router/layer.js:71:5)
      at trim_prefix (node_modules/express/lib/router/index.js:326:13)
      at node_modules/express/lib/router/index.js:286:9
      at Function.process_params 
(node_modules/express/lib/router/index.js:346:12)
      at next (node_modules/express/lib/router/index.js:280:10)
      at node_modules/express/lib/router/index.js:646:15
      at next (node_modules/express/lib/router/index.js:265:14)
      at next (node_modules/express/lib/router/route.js:141:14)
      at src/routes/auth.routes.ts:41:5

    console.log
      [INFO] {
        level: 'info',
        message: 'Utilisateur connect├®',
        timestamp: '2026-02-04T00:35:37.344Z',
        context: {
          userId: 'd29ed753-d5a2-4fab-8e8e-4ebd6f0acc94',
          email: 'test41770165336687@example.com'
        }
      }

      at Logger.info (src/utils/logger.ts:49:13)

    console.error
      [ERROR] {
        level: 'error',
        message: 'Email ou mot de passe incorrect',
        timestamp: '2026-02-04T00:35:39.482Z',
        context: { path: '/api/auth/login', method: 'POST', statusCode: 401 
},
        error: {
          name: 'Error',
          message: 'Email ou mot de passe incorrect',
          stack: 'Error: Email ou mot de passe incorrect\n' +
            '    at AuthService.login (C:\\Users\\Hp\\Downloads\\AfriConnect
\\backend\\src\\services\\auth.service.ts:86:26)\n' +
            '    at C:\\Users\\Hp\\Downloads\\AfriConnect\\backend\\src\\rou
tes\\auth.routes.ts:34:20'
        }
      }

    [0m [90m 23 |[39m     }[33m;[39m
     [90m 24 |[39m
    [31m[1m>[22m[39m[90m 25 |[39m     
console[33m.[39merror([32m'[ERROR]'[39m[33m,[39m logData)[33m;[39m
     [90m    |[39m             [31m[1m^[22m[39m
     [90m 26 |[39m     [36mreturn[39m logData[33m;[39m
     [90m 27 |[39m   }
     [90m 28 |[39m[0m

      at Logger.error (src/utils/logger.ts:25:13)
      at errorHandler (src/middleware/errorHandler.ts:18:10)
      at Layer.handle_error (node_modules/express/lib/router/layer.js:71:5)
      at trim_prefix (node_modules/express/lib/router/index.js:326:13)
      at node_modules/express/lib/router/index.js:286:9
      at Function.process_params 
(node_modules/express/lib/router/index.js:346:12)
      at next (node_modules/express/lib/router/index.js:280:10)
      at node_modules/express/lib/router/index.js:646:15
      at next (node_modules/express/lib/router/index.js:265:14)
      at next (node_modules/express/lib/router/route.js:141:14)
      at src/routes/auth.routes.ts:41:5

    console.error
      [ERROR] {
        level: 'error',
        message: 'Email ou mot de passe incorrect',
        timestamp: '2026-02-04T00:35:42.107Z',
        context: { path: '/api/auth/login', method: 'POST', statusCode: 401 
},
        error: {
          name: 'Error',
          message: 'Email ou mot de passe incorrect',
          stack: 'Error: Email ou mot de passe incorrect\n' +
            '    at AuthService.login (C:\\Users\\Hp\\Downloads\\AfriConnect
\\backend\\src\\services\\auth.service.ts:86:26)\n' +
            '    at C:\\Users\\Hp\\Downloads\\AfriConnect\\backend\\src\\rou
tes\\auth.routes.ts:34:20'
        }
      }

    [0m [90m 23 |[39m     }[33m;[39m
     [90m 24 |[39m
    [31m[1m>[22m[39m[90m 25 |[39m     
console[33m.[39merror([32m'[ERROR]'[39m[33m,[39m logData)[33m;[39m
     [90m    |[39m             [31m[1m^[22m[39m
     [90m 26 |[39m     [36mreturn[39m logData[33m;[39m
     [90m 27 |[39m   }
     [90m 28 |[39m[0m

      at Logger.error (src/utils/logger.ts:25:13)
      at errorHandler (src/middleware/errorHandler.ts:18:10)
      at Layer.handle_error (node_modules/express/lib/router/layer.js:71:5)
      at trim_prefix (node_modules/express/lib/router/index.js:326:13)
      at node_modules/express/lib/router/index.js:286:9
      at Function.process_params 
(node_modules/express/lib/router/index.js:346:12)
      at next (node_modules/express/lib/router/index.js:280:10)
      at node_modules/express/lib/router/index.js:646:15
      at next (node_modules/express/lib/router/index.js:265:14)
      at next (node_modules/express/lib/router/route.js:141:14)
      at src/routes/auth.routes.ts:41:5

    console.error
      [ERROR] {
        level: 'error',
        message: 'Email ou mot de passe incorrect',
        timestamp: '2026-02-04T00:35:44.349Z',
        context: { path: '/api/auth/login', method: 'POST', statusCode: 401 
},
        error: {
          name: 'Error',
          message: 'Email ou mot de passe incorrect',
          stack: 'Error: Email ou mot de passe incorrect\n' +
            '    at AuthService.login (C:\\Users\\Hp\\Downloads\\AfriConnect
\\backend\\src\\services\\auth.service.ts:86:26)\n' +
            '    at C:\\Users\\Hp\\Downloads\\AfriConnect\\backend\\src\\rou
tes\\auth.routes.ts:34:20'
        }
      }

    [0m [90m 23 |[39m     }[33m;[39m
     [90m 24 |[39m
    [31m[1m>[22m[39m[90m 25 |[39m     
console[33m.[39merror([32m'[ERROR]'[39m[33m,[39m logData)[33m;[39m
     [90m    |[39m             [31m[1m^[22m[39m
     [90m 26 |[39m     [36mreturn[39m logData[33m;[39m
     [90m 27 |[39m   }
     [90m 28 |[39m[0m

      at Logger.error (src/utils/logger.ts:25:13)
      at errorHandler (src/middleware/errorHandler.ts:18:10)
      at Layer.handle_error (node_modules/express/lib/router/layer.js:71:5)
      at trim_prefix (node_modules/express/lib/router/index.js:326:13)
      at node_modules/express/lib/router/index.js:286:9
      at Function.process_params 
(node_modules/express/lib/router/index.js:346:12)
      at next (node_modules/express/lib/router/index.js:280:10)
      at node_modules/express/lib/router/index.js:646:15
      at next (node_modules/express/lib/router/index.js:265:14)
      at next (node_modules/express/lib/router/route.js:141:14)
      at src/routes/auth.routes.ts:41:5

  ÔùÅ Users API ÔÇ║ GET /api/users/:id ÔÇ║ devrait retourner les 
informations d'un utilisateur

    expect(received).toBe(expected) // Object.is equality

    Expected: 200
    Received: 404

    [0m [90m 57 |[39m         
[33m.[39m[36mset[39m([32m'Authorization'[39m[33m,[39m [32m`Bearer 
${authToken}`[39m)[33m;[39m
     [90m 58 |[39m
    [31m[1m>[22m[39m[90m 59 |[39m       
expect(response[33m.[39mstatus)[33m.[39mtoBe([35m200[39m)[33m;[39m
     [90m    |[39m                               [31m[1m^[22m[39m
     [90m 60 |[39m       expect(response[33m.[39mbody[33m.[39msuccess)
[33m.[39mtoBe([36mtrue[39m)[33m;[39m
     [90m 61 |[39m       expect(response[33m.[39mbody[33m.[39mdata[33
m.[39mid)[33m.[39mtoBe(otherUser[33m.[39mid)[33m;[39m
     [90m 62 |[39m       expect(response[33m.[39mbody[33m.[39mdata[33
m.[39memail)[33m.[39mtoBe(otherUser[33m.[39memail)[33m;[39m[0m

      at Object.<anonymous> (__tests__/users.test.ts:59:31)

  ÔùÅ Users API ÔÇ║ POST /api/users/:id/follow ÔÇ║ devrait suivre un 
utilisateur

    TypeError: Cannot read properties of undefined (reading 'accessToken')

    [0m [90m 43 |[39m       })[33m;[39m
     [90m 44 |[39m
    [31m[1m>[22m[39m[90m 45 |[39m     authToken [33m=[39m 
loginResponse[33m.[39mbody[33m.[39mdata[33m.[39maccessToken[33m;[39m
     [90m    |[39m                                         
[31m[1m^[22m[39m
     [90m 46 |[39m   })[33m;[39m
     [90m 47 |[39m
     [90m 48 |[39m   afterEach([36masync[39m () [33m=>[39m {[0m

      at Object.<anonymous> (__tests__/users.test.ts:45:41)

  ÔùÅ Users API ÔÇ║ POST /api/users/:id/follow ÔÇ║ devrait unfollow un 
utilisateur d├®j├á suivi

    expect(received).toBe(expected) // Object.is equality

    Expected: 200
    Received: 401

    [0m [90m 94 |[39m         
[33m.[39m[36mset[39m([32m'Authorization'[39m[33m,[39m [32m`Bearer 
${authToken}`[39m)[33m;[39m
     [90m 95 |[39m
    [31m[1m>[22m[39m[90m 96 |[39m       
expect(response[33m.[39mstatus)[33m.[39mtoBe([35m200[39m)[33m;[39m
     [90m    |[39m                               [31m[1m^[22m[39m
     [90m 97 |[39m       expect(response[33m.[39mbody[33m.[39mdata[33
m.[39mfollowing)[33m.[39mtoBe([36mfalse[39m)[33m;[39m
     [90m 98 |[39m     })[33m;[39m
     [90m 99 |[39m[0m

      at Object.<anonymous> (__tests__/users.test.ts:96:31)

  ÔùÅ Users API ÔÇ║ POST /api/users/:id/follow ÔÇ║ ne devrait pas permettre 
de se suivre soi-m├¬me

    TypeError: Cannot read properties of undefined (reading 'accessToken')

    [0m [90m 43 |[39m       })[33m;[39m
     [90m 44 |[39m
    [31m[1m>[22m[39m[90m 45 |[39m     authToken [33m=[39m 
loginResponse[33m.[39mbody[33m.[39mdata[33m.[39maccessToken[33m;[39m
     [90m    |[39m                                         
[31m[1m^[22m[39m
     [90m 46 |[39m   })[33m;[39m
     [90m 47 |[39m
     [90m 48 |[39m   afterEach([36masync[39m () [33m=>[39m {[0m

      at Object.<anonymous> (__tests__/users.test.ts:45:41)

  ÔùÅ Users API ÔÇ║ GET /api/users/:id/followers ÔÇ║ devrait retourner la 
liste des followers

    TypeError: Cannot read properties of undefined (reading 'accessToken')

    [0m [90m 43 |[39m       })[33m;[39m
     [90m 44 |[39m
    [31m[1m>[22m[39m[90m 45 |[39m     authToken [33m=[39m 
loginResponse[33m.[39mbody[33m.[39mdata[33m.[39maccessToken[33m;[39m
     [90m    |[39m                                         
[31m[1m^[22m[39m
     [90m 46 |[39m   })[33m;[39m
     [90m 47 |[39m
     [90m 48 |[39m   afterEach([36masync[39m () [33m=>[39m {[0m

      at Object.<anonymous> (__tests__/users.test.ts:45:41)

  ÔùÅ Users API ÔÇ║ GET /api/users/:id/following ÔÇ║ devrait retourner la 
liste des utilisateurs suivis

    TypeError: Cannot read properties of undefined (reading 'accessToken')

    [0m [90m 43 |[39m       })[33m;[39m
     [90m 44 |[39m
    [31m[1m>[22m[39m[90m 45 |[39m     authToken [33m=[39m 
loginResponse[33m.[39mbody[33m.[39mdata[33m.[39maccessToken[33m;[39m
     [90m    |[39m                                         
[31m[1m^[22m[39m
     [90m 46 |[39m   })[33m;[39m
     [90m 47 |[39m
     [90m 48 |[39m   afterEach([36masync[39m () [33m=>[39m {[0m

      at Object.<anonymous> (__tests__/users.test.ts:45:41)

FAIL __tests__/products.test.ts (35.356 s)
  ÔùÅ Console

    console.log
      [INFO] {
        level: 'info',
        message: 'Ô£à Database connected',
        timestamp: '2026-02-04T00:35:28.168Z',
        context: undefined
      }

      at Logger.info (src/utils/logger.ts:49:13)

    console.log
      [INFO] {
        level: 'info',
        message: 'Utilisateur connect├®',
        timestamp: '2026-02-04T00:35:29.544Z',
        context: {
          userId: '9ba8cd0f-5adf-4248-b6b8-267ef3a46ed7',
          email: 'test11770165328620@example.com'
        }
      }

      at Logger.info (src/utils/logger.ts:49:13)

    console.log
      prisma:error 
      Invalid `prisma.product.findMany()` invocation in
      C:\Users\Hp\Downloads\AfriConnect\backend\src\services\product.service
.ts:35:22
      
        32 }
        33 
        34 const [products, total] = await Promise.all([
      ÔåÆ 35   prisma.product.findMany(
      Inconsistent query result: Field seller is required to return data, 
got `null` instead.

      at Object.mc (node_modules/@prisma/client/runtime/library.js:21:432)
          at async Promise.all (index 0)

    console.error
      [ERROR] {
        level: 'error',
        message: '\n' +
          'Invalid `prisma.product.findMany()` invocation in\n' +
          'C:\\Users\\Hp\\Downloads\\AfriConnect\\backend\\src\\services\\pr
oduct.service.ts:35:22\n' +
          '\n' +
          '  32 }\n' +
          '  33 \n' +
          '  34 const [products, total] = await Promise.all([\n' +
          'ÔåÆ 35   prisma.product.findMany(\n' +
          'Inconsistent query result: Field seller is required to return 
data, got `null` instead.',
        timestamp: '2026-02-04T00:35:30.503Z',
        context: { path: '/api/products', method: 'GET', statusCode: 500 },
        error: {
          name: 'PrismaClientUnknownRequestError',
          message: '\n' +
            'Invalid `prisma.product.findMany()` invocation in\n' +
            'C:\\Users\\Hp\\Downloads\\AfriConnect\\backend\\src\\services\\
product.service.ts:35:22\n' +
            '\n' +
            '  32 }\n' +
            '  33 \n' +
            '  34 const [products, total] = await Promise.all([\n' +
            'ÔåÆ 35   prisma.product.findMany(\n' +
            'Inconsistent query result: Field seller is required to return 
data, got `null` instead.',
          stack: 'PrismaClientUnknownRequestError: \n' +
            'Invalid `prisma.product.findMany()` invocation in\n' +
            'C:\\Users\\Hp\\Downloads\\AfriConnect\\backend\\src\\services\\
product.service.ts:35:22\n' +
            '\n' +
            '  32 }\n' +
            '  33 \n' +
            '  34 const [products, total] = await Promise.all([\n' +
            'ÔåÆ 35   prisma.product.findMany(\n' +
            'Inconsistent query result: Field seller is required to return 
data, got `null` instead.\n' +
            '    at $n.handleRequestError (C:\\Users\\Hp\\Downloads\\AfriCon
nect\\backend\\node_modules\\@prisma\\client\\runtime\\library.js:121:7505)\
n' +
            '    at $n.handleAndLogRequestError (C:\\Users\\Hp\\Downloads\\A
friConnect\\backend\\node_modules\\@prisma\\client\\runtime\\library.js:121:
6623)\n' +
            '    at $n.request (C:\\Users\\Hp\\Downloads\\AfriConnect\\backe
nd\\node_modules\\@prisma\\client\\runtime\\library.js:121:6307)\n' +
            '    at l (C:\\Users\\Hp\\Downloads\\AfriConnect\\backend\\node_
modules\\@prisma\\client\\runtime\\library.js:130:9633)\n' +
            '    at async Promise.all (index 0)\n' +
            '    at ProductService.list (C:\\Users\\Hp\\Downloads\\AfriConne
ct\\backend\\src\\services\\product.service.ts:34:31)\n' +
            '    at C:\\Users\\Hp\\Downloads\\AfriConnect\\backend\\src\\rou
tes\\products.routes.ts:16:20'
        }
      }

    [0m [90m 23 |[39m     }[33m;[39m
     [90m 24 |[39m
    [31m[1m>[22m[39m[90m 25 |[39m     
console[33m.[39merror([32m'[ERROR]'[39m[33m,[39m logData)[33m;[39m
     [90m    |[39m             [31m[1m^[22m[39m
     [90m 26 |[39m     [36mreturn[39m logData[33m;[39m
     [90m 27 |[39m   }
     [90m 28 |[39m[0m

      at Logger.error (src/utils/logger.ts:25:13)
      at errorHandler (src/middleware/errorHandler.ts:18:10)
      at Layer.handle_error (node_modules/express/lib/router/layer.js:71:5)
      at trim_prefix (node_modules/express/lib/router/index.js:326:13)
      at node_modules/express/lib/router/index.js:286:9
      at Function.process_params 
(node_modules/express/lib/router/index.js:346:12)
      at next (node_modules/express/lib/router/index.js:280:10)
      at node_modules/express/lib/router/index.js:646:15
      at next (node_modules/express/lib/router/index.js:265:14)
      at next (node_modules/express/lib/router/route.js:141:14)
      at src/routes/products.routes.ts:25:5

    console.log
      [INFO] {
        level: 'info',
        message: 'Utilisateur connect├®',
        timestamp: '2026-02-04T00:35:33.612Z',
        context: {
          userId: '79c50a87-43fd-4393-a0e2-172110fca0ea',
          email: 'test21770165333068@example.com'
        }
      }

      at Logger.info (src/utils/logger.ts:49:13)

    console.log
      [INFO] {
        level: 'info',
        message: 'Utilisateur connect├®',
        timestamp: '2026-02-04T00:35:35.746Z',
        context: {
          userId: 'bb191a4f-325f-4415-8fab-0e0742cbc02e',
          email: 'test31770165335278@example.com'
        }
      }

      at Logger.info (src/utils/logger.ts:49:13)

    console.log
      [INFO] {
        level: 'info',
        message: 'Utilisateur connect├®',
        timestamp: '2026-02-04T00:35:37.883Z',
        context: {
          userId: '272ff247-d5f6-4caa-9755-f8b35a9dfdfc',
          email: 'test41770165337463@example.com'
        }
      }

      at Logger.info (src/utils/logger.ts:49:13)

    console.error
      [ERROR] {
        level: 'error',
        message: 'Email ou mot de passe incorrect',
        timestamp: '2026-02-04T00:35:39.757Z',
        context: { path: '/api/auth/login', method: 'POST', statusCode: 401 
},
        error: {
          name: 'Error',
          message: 'Email ou mot de passe incorrect',
          stack: 'Error: Email ou mot de passe incorrect\n' +
            '    at AuthService.login (C:\\Users\\Hp\\Downloads\\AfriConnect
\\backend\\src\\services\\auth.service.ts:86:26)\n' +
            '    at C:\\Users\\Hp\\Downloads\\AfriConnect\\backend\\src\\rou
tes\\auth.routes.ts:34:20'
        }
      }

    [0m [90m 23 |[39m     }[33m;[39m
     [90m 24 |[39m
    [31m[1m>[22m[39m[90m 25 |[39m     
console[33m.[39merror([32m'[ERROR]'[39m[33m,[39m logData)[33m;[39m
     [90m    |[39m             [31m[1m^[22m[39m
     [90m 26 |[39m     [36mreturn[39m logData[33m;[39m
     [90m 27 |[39m   }
     [90m 28 |[39m[0m

      at Logger.error (src/utils/logger.ts:25:13)
      at errorHandler (src/middleware/errorHandler.ts:18:10)
      at Layer.handle_error (node_modules/express/lib/router/layer.js:71:5)
      at trim_prefix (node_modules/express/lib/router/index.js:326:13)
      at node_modules/express/lib/router/index.js:286:9
      at Function.process_params 
(node_modules/express/lib/router/index.js:346:12)
      at next (node_modules/express/lib/router/index.js:280:10)
      at node_modules/express/lib/router/index.js:646:15
      at next (node_modules/express/lib/router/index.js:265:14)
      at next (node_modules/express/lib/router/route.js:141:14)
      at src/routes/auth.routes.ts:41:5

    console.error
      [ERROR] {
        level: 'error',
        message: 'Email ou mot de passe incorrect',
        timestamp: '2026-02-04T00:35:42.426Z',
        context: { path: '/api/auth/login', method: 'POST', statusCode: 401 
},
        error: {
          name: 'Error',
          message: 'Email ou mot de passe incorrect',
          stack: 'Error: Email ou mot de passe incorrect\n' +
            '    at AuthService.login (C:\\Users\\Hp\\Downloads\\AfriConnect
\\backend\\src\\services\\auth.service.ts:86:26)\n' +
            '    at C:\\Users\\Hp\\Downloads\\AfriConnect\\backend\\src\\rou
tes\\auth.routes.ts:34:20'
        }
      }

    [0m [90m 23 |[39m     }[33m;[39m
     [90m 24 |[39m
    [31m[1m>[22m[39m[90m 25 |[39m     
console[33m.[39merror([32m'[ERROR]'[39m[33m,[39m logData)[33m;[39m
     [90m    |[39m             [31m[1m^[22m[39m
     [90m 26 |[39m     [36mreturn[39m logData[33m;[39m
     [90m 27 |[39m   }
     [90m 28 |[39m[0m

      at Logger.error (src/utils/logger.ts:25:13)
      at errorHandler (src/middleware/errorHandler.ts:18:10)
      at Layer.handle_error (node_modules/express/lib/router/layer.js:71:5)
      at trim_prefix (node_modules/express/lib/router/index.js:326:13)
      at node_modules/express/lib/router/index.js:286:9
      at Function.process_params 
(node_modules/express/lib/router/index.js:346:12)
      at next (node_modules/express/lib/router/index.js:280:10)
      at node_modules/express/lib/router/index.js:646:15
      at next (node_modules/express/lib/router/index.js:265:14)
      at next (node_modules/express/lib/router/route.js:141:14)
      at src/routes/auth.routes.ts:41:5

    console.error
      [ERROR] {
        level: 'error',
        message: 'Email ou mot de passe incorrect',
        timestamp: '2026-02-04T00:35:44.242Z',
        context: { path: '/api/auth/login', method: 'POST', statusCode: 401 
},
        error: {
          name: 'Error',
          message: 'Email ou mot de passe incorrect',
          stack: 'Error: Email ou mot de passe incorrect\n' +
            '    at AuthService.login (C:\\Users\\Hp\\Downloads\\AfriConnect
\\backend\\src\\services\\auth.service.ts:86:26)\n' +
            '    at C:\\Users\\Hp\\Downloads\\AfriConnect\\backend\\src\\rou
tes\\auth.routes.ts:34:20'
        }
      }

    [0m [90m 23 |[39m     }[33m;[39m
     [90m 24 |[39m
    [31m[1m>[22m[39m[90m 25 |[39m     
console[33m.[39merror([32m'[ERROR]'[39m[33m,[39m logData)[33m;[39m
     [90m    |[39m             [31m[1m^[22m[39m
     [90m 26 |[39m     [36mreturn[39m logData[33m;[39m
     [90m 27 |[39m   }
     [90m 28 |[39m[0m

      at Logger.error (src/utils/logger.ts:25:13)
      at errorHandler (src/middleware/errorHandler.ts:18:10)
      at Layer.handle_error (node_modules/express/lib/router/layer.js:71:5)
      at trim_prefix (node_modules/express/lib/router/index.js:326:13)
      at node_modules/express/lib/router/index.js:286:9
      at Function.process_params 
(node_modules/express/lib/router/index.js:346:12)
      at next (node_modules/express/lib/router/index.js:280:10)
      at node_modules/express/lib/router/index.js:646:15
      at next (node_modules/express/lib/router/index.js:265:14)
      at next (node_modules/express/lib/router/route.js:141:14)
      at src/routes/auth.routes.ts:41:5

    console.error
      [ERROR] {
        level: 'error',
        message: 'Email ou mot de passe incorrect',
        timestamp: '2026-02-04T00:35:46.182Z',
        context: { path: '/api/auth/login', method: 'POST', statusCode: 401 
},
        error: {
          name: 'Error',
          message: 'Email ou mot de passe incorrect',
          stack: 'Error: Email ou mot de passe incorrect\n' +
            '    at AuthService.login (C:\\Users\\Hp\\Downloads\\AfriConnect
\\backend\\src\\services\\auth.service.ts:86:26)\n' +
            '    at C:\\Users\\Hp\\Downloads\\AfriConnect\\backend\\src\\rou
tes\\auth.routes.ts:34:20'
        }
      }

    [0m [90m 23 |[39m     }[33m;[39m
     [90m 24 |[39m
    [31m[1m>[22m[39m[90m 25 |[39m     
console[33m.[39merror([32m'[ERROR]'[39m[33m,[39m logData)[33m;[39m
     [90m    |[39m             [31m[1m^[22m[39m
     [90m 26 |[39m     [36mreturn[39m logData[33m;[39m
     [90m 27 |[39m   }
     [90m 28 |[39m[0m

      at Logger.error (src/utils/logger.ts:25:13)
      at errorHandler (src/middleware/errorHandler.ts:18:10)
      at Layer.handle_error (node_modules/express/lib/router/layer.js:71:5)
      at trim_prefix (node_modules/express/lib/router/index.js:326:13)
      at node_modules/express/lib/router/index.js:286:9
      at Function.process_params 
(node_modules/express/lib/router/index.js:346:12)
      at next (node_modules/express/lib/router/index.js:280:10)
      at node_modules/express/lib/router/index.js:646:15
      at next (node_modules/express/lib/router/index.js:265:14)
      at next (node_modules/express/lib/router/route.js:141:14)
      at src/routes/auth.routes.ts:41:5

  ÔùÅ Products API ÔÇ║ GET /api/products ÔÇ║ devrait retourner la liste des 
produits

    expect(received).toBe(expected) // Object.is equality

    Expected: 200
    Received: 500

    [0m [90m 59 |[39m         [33m.[39mquery({ page[33m:[39m 
[35m1[39m[33m,[39m limit[33m:[39m [35m10[39m })[33m;[39m
     [90m 60 |[39m
    [31m[1m>[22m[39m[90m 61 |[39m       
expect(response[33m.[39mstatus)[33m.[39mtoBe([35m200[39m)[33m;[39m
     [90m    |[39m                               [31m[1m^[22m[39m
     [90m 62 |[39m       expect(response[33m.[39mbody[33m.[39msuccess)
[33m.[39mtoBe([36mtrue[39m)[33m;[39m
     [90m 63 |[39m       expect(response[33m.[39mbody[33m.[39mdata)[3
3m.[39mtoHaveProperty([32m'products'[39m)[33m;[39m
     [90m 64 |[39m       expect([33mArray[39m[33m.[39misArray(response
[33m.[39mbody[33m.[39mdata[33m.[39mproducts))[33m.[39mtoBe([36mtrue
[39m)[33m;[39m[0m

      at Object.<anonymous> (__tests__/products.test.ts:61:31)

  ÔùÅ Products API ÔÇ║ GET /api/products ÔÇ║ devrait supporter la pagination

    PrismaClientKnownRequestError: 
    Invalid `prisma.product.create()` invocation in
    
C:\Users\Hp\Downloads\AfriConnect\backend\__tests__\products.test.ts:37:40

      34 authToken = loginResponse.body.data.accessToken;
      35 
      36 // Cr├®er un produit de test
    ÔåÆ 37 testProduct = await prisma.product.create(
    Foreign key constraint violated: `Product_seller_id_fkey (index)`

    [0m [90m 35 |[39m
     [90m 36 |[39m     [90m// Cr├®er un produit de test[39m
    [31m[1m>[22m[39m[90m 37 |[39m     testProduct [33m=[39m 
[36mawait[39m prisma[33m.[39mproduct[33m.[39mcreate({
     [90m    |[39m                   [31m[1m^[22m[39m
     [90m 38 |[39m       data[33m:[39m {
     [90m 39 |[39m         name[33m:[39m [32m'Test 
Product'[39m[33m,[39m
     [90m 40 |[39m         description[33m:[39m [32m'Test 
Description'[39m[33m,[39m[0m

      at $n.handleRequestError 
(node_modules/@prisma/client/runtime/library.js:121:7315)
      at $n.handleAndLogRequestError 
(node_modules/@prisma/client/runtime/library.js:121:6623)
      at $n.request 
(node_modules/@prisma/client/runtime/library.js:121:6307)
      at l (node_modules/@prisma/client/runtime/library.js:130:9633)
      at Object.<anonymous> (__tests__/products.test.ts:37:19)

  ÔùÅ Products API ÔÇ║ GET /api/products ÔÇ║ devrait filtrer par cat├®gorie

    PrismaClientKnownRequestError: 
    Invalid `prisma.product.create()` invocation in
    
C:\Users\Hp\Downloads\AfriConnect\backend\__tests__\products.test.ts:37:40

      34 authToken = loginResponse.body.data.accessToken;
      35 
      36 // Cr├®er un produit de test
    ÔåÆ 37 testProduct = await prisma.product.create(
    Foreign key constraint violated: `Product_seller_id_fkey (index)`

    [0m [90m 35 |[39m
     [90m 36 |[39m     [90m// Cr├®er un produit de test[39m
    [31m[1m>[22m[39m[90m 37 |[39m     testProduct [33m=[39m 
[36mawait[39m prisma[33m.[39mproduct[33m.[39mcreate({
     [90m    |[39m                   [31m[1m^[22m[39m
     [90m 38 |[39m       data[33m:[39m {
     [90m 39 |[39m         name[33m:[39m [32m'Test 
Product'[39m[33m,[39m
     [90m 40 |[39m         description[33m:[39m [32m'Test 
Description'[39m[33m,[39m[0m

      at $n.handleRequestError 
(node_modules/@prisma/client/runtime/library.js:121:7315)
      at $n.handleAndLogRequestError 
(node_modules/@prisma/client/runtime/library.js:121:6623)
      at $n.request 
(node_modules/@prisma/client/runtime/library.js:121:6307)
      at l (node_modules/@prisma/client/runtime/library.js:130:9633)
      at Object.<anonymous> (__tests__/products.test.ts:37:19)

  ÔùÅ Products API ÔÇ║ GET /api/products/:id ÔÇ║ devrait retourner les 
d├®tails d'un produit

    PrismaClientKnownRequestError: 
    Invalid `prisma.product.create()` invocation in
    
C:\Users\Hp\Downloads\AfriConnect\backend\__tests__\products.test.ts:37:40

      34 authToken = loginResponse.body.data.accessToken;
      35 
      36 // Cr├®er un produit de test
    ÔåÆ 37 testProduct = await prisma.product.create(
    Foreign key constraint violated: `Product_seller_id_fkey (index)`

    [0m [90m 35 |[39m
     [90m 36 |[39m     [90m// Cr├®er un produit de test[39m
    [31m[1m>[22m[39m[90m 37 |[39m     testProduct [33m=[39m 
[36mawait[39m prisma[33m.[39mproduct[33m.[39mcreate({
     [90m    |[39m                   [31m[1m^[22m[39m
     [90m 38 |[39m       data[33m:[39m {
     [90m 39 |[39m         name[33m:[39m [32m'Test 
Product'[39m[33m,[39m
     [90m 40 |[39m         description[33m:[39m [32m'Test 
Description'[39m[33m,[39m[0m

      at $n.handleRequestError 
(node_modules/@prisma/client/runtime/library.js:121:7315)
      at $n.handleAndLogRequestError 
(node_modules/@prisma/client/runtime/library.js:121:6623)
      at $n.request 
(node_modules/@prisma/client/runtime/library.js:121:6307)
      at l (node_modules/@prisma/client/runtime/library.js:130:9633)
      at Object.<anonymous> (__tests__/products.test.ts:37:19)

  ÔùÅ Products API ÔÇ║ GET /api/products/:id ÔÇ║ devrait retourner 404 pour 
un produit inexistant

    TypeError: Cannot read properties of undefined (reading 'accessToken')

    [0m [90m 32 |[39m       })[33m;[39m
     [90m 33 |[39m
    [31m[1m>[22m[39m[90m 34 |[39m     authToken [33m=[39m 
loginResponse[33m.[39mbody[33m.[39mdata[33m.[39maccessToken[33m;[39m
     [90m    |[39m                                         
[31m[1m^[22m[39m
     [90m 35 |[39m
     [90m 36 |[39m     [90m// Cr├®er un produit de test[39m
     [90m 37 |[39m     testProduct [33m=[39m [36mawait[39m 
prisma[33m.[39mproduct[33m.[39mcreate({[0m

      at Object.<anonymous> (__tests__/products.test.ts:34:41)

  ÔùÅ Products API ÔÇ║ POST /api/products ÔÇ║ devrait cr├®er un nouveau 
produit

    TypeError: Cannot read properties of undefined (reading 'accessToken')

    [0m [90m 32 |[39m       })[33m;[39m
     [90m 33 |[39m
    [31m[1m>[22m[39m[90m 34 |[39m     authToken [33m=[39m 
loginResponse[33m.[39mbody[33m.[39mdata[33m.[39maccessToken[33m;[39m
     [90m    |[39m                                         
[31m[1m^[22m[39m
     [90m 35 |[39m
     [90m 36 |[39m     [90m// Cr├®er un produit de test[39m
     [90m 37 |[39m     testProduct [33m=[39m [36mawait[39m 
prisma[33m.[39mproduct[33m.[39mcreate({[0m

      at Object.<anonymous> (__tests__/products.test.ts:34:41)

  ÔùÅ Products API ÔÇ║ POST /api/products ÔÇ║ devrait rejeter un produit 
sans nom

    TypeError: Cannot read properties of undefined (reading 'accessToken')

    [0m [90m 32 |[39m       })[33m;[39m
     [90m 33 |[39m
    [31m[1m>[22m[39m[90m 34 |[39m     authToken [33m=[39m 
loginResponse[33m.[39mbody[33m.[39mdata[33m.[39maccessToken[33m;[39m
     [90m    |[39m                                         
[31m[1m^[22m[39m
     [90m 35 |[39m
     [90m 36 |[39m     [90m// Cr├®er un produit de test[39m
     [90m 37 |[39m     testProduct [33m=[39m [36mawait[39m 
prisma[33m.[39mproduct[33m.[39mcreate({[0m

      at Object.<anonymous> (__tests__/products.test.ts:34:41)

  ÔùÅ Products API ÔÇ║ POST /api/products ÔÇ║ devrait rejeter une requ├¬te 
non authentifi├®e

    TypeError: Cannot read properties of undefined (reading 'accessToken')

    [0m [90m 32 |[39m       })[33m;[39m
     [90m 33 |[39m
    [31m[1m>[22m[39m[90m 34 |[39m     authToken [33m=[39m 
loginResponse[33m.[39mbody[33m.[39mdata[33m.[39maccessToken[33m;[39m
     [90m    |[39m                                         
[31m[1m^[22m[39m
     [90m 35 |[39m
     [90m 36 |[39m     [90m// Cr├®er un produit de test[39m
     [90m 37 |[39m     testProduct [33m=[39m [36mawait[39m 
prisma[33m.[39mproduct[33m.[39mcreate({[0m

      at Object.<anonymous> (__tests__/products.test.ts:34:41)

FAIL __tests__/auth.test.ts (36.836 s)
  ÔùÅ Console

    console.log
      [INFO] {
        level: 'info',
        message: 'Ô£à Database connected',
        timestamp: '2026-02-04T00:35:28.201Z',
        context: undefined
      }

      at Logger.info (src/utils/logger.ts:49:13)

    console.log
      [INFO] {
        level: 'info',
        message: 'Utilisateur cr├®├®',
        timestamp: '2026-02-04T00:35:29.972Z',
        context: {
          userId: 'e16bd2d0-d68e-4e1b-98e1-e35d1f29ce01',
          email: 'newuser@example.com'
        }
      }

      at Logger.info (src/utils/logger.ts:49:13)

    console.error
      [ERROR] {
        level: 'error',
        message: "Email ou nom d'utilisateur d├®j├á utilis├®",
        timestamp: '2026-02-04T00:35:32.563Z',
        context: { path: '/api/auth/register', method: 'POST', statusCode: 
400 },
        error: {
          name: 'Error',
          message: "Email ou nom d'utilisateur d├®j├á utilis├®",
          stack: "Error: Email ou nom d'utilisateur d├®j├á utilis├®\n" +
            '    at AuthService.register (C:\\Users\\Hp\\Downloads\\AfriConn
ect\\backend\\src\\services\\auth.service.ts:41:26)\n' +
            '    at C:\\Users\\Hp\\Downloads\\AfriConnect\\backend\\src\\rou
tes\\auth.routes.ts:13:20'
        }
      }

    [0m [90m 23 |[39m     }[33m;[39m
     [90m 24 |[39m
    [31m[1m>[22m[39m[90m 25 |[39m     
console[33m.[39merror([32m'[ERROR]'[39m[33m,[39m logData)[33m;[39m
     [90m    |[39m             [31m[1m^[22m[39m
     [90m 26 |[39m     [36mreturn[39m logData[33m;[39m
     [90m 27 |[39m   }
     [90m 28 |[39m[0m

      at Logger.error (src/utils/logger.ts:25:13)
      at errorHandler (src/middleware/errorHandler.ts:18:10)
      at Layer.handle_error (node_modules/express/lib/router/layer.js:71:5)
      at trim_prefix (node_modules/express/lib/router/index.js:326:13)
      at node_modules/express/lib/router/index.js:286:9
      at Function.process_params 
(node_modules/express/lib/router/index.js:346:12)
      at next (node_modules/express/lib/router/index.js:280:10)
      at node_modules/express/lib/router/index.js:646:15
      at next (node_modules/express/lib/router/index.js:265:14)
      at next (node_modules/express/lib/router/route.js:141:14)
      at src/routes/auth.routes.ts:25:5

    console.error
      [ERROR] {
        level: 'error',
        message: "Email, nom d'utilisateur et mot de passe sont requis",
        timestamp: '2026-02-04T00:35:34.085Z',
        context: { path: '/api/auth/register', method: 'POST', statusCode: 
400 },
        error: {
          name: 'Error',
          message: "Email, nom d'utilisateur et mot de passe sont requis",
          stack: "Error: Email, nom d'utilisateur et mot de passe sont 
requis\n" +
            '    at AuthService.register (C:\\Users\\Hp\\Downloads\\AfriConn
ect\\backend\\src\\services\\auth.service.ts:17:26)\n' +
            '    at C:\\Users\\Hp\\Downloads\\AfriConnect\\backend\\src\\rou
tes\\auth.routes.ts:13:38\n' +
            '    at Layer.handle [as handle_request] (C:\\Users\\Hp\\Downloa
ds\\AfriConnect\\backend\\node_modules\\express\\lib\\router\\layer.js:95:5)
\n' +
            '    at next (C:\\Users\\Hp\\Downloads\\AfriConnect\\backend\\no
de_modules\\express\\lib\\router\\route.js:149:13)\n' +
            '    at Route.dispatch (C:\\Users\\Hp\\Downloads\\AfriConnect\\b
ackend\\node_modules\\express\\lib\\router\\route.js:119:3)\n' +
            '    at Layer.handle [as handle_request] (C:\\Users\\Hp\\Downloa
ds\\AfriConnect\\backend\\node_modules\\express\\lib\\router\\layer.js:95:5)
\n' +
            '    at C:\\Users\\Hp\\Downloads\\AfriConnect\\backend\\node_mod
ules\\express\\lib\\router\\index.js:284:15\n' +
            '    at Function.process_params (C:\\Users\\Hp\\Downloads\\AfriC
onnect\\backend\\node_modules\\express\\lib\\router\\index.js:346:12)\n' +
            '    at next (C:\\Users\\Hp\\Downloads\\AfriConnect\\backend\\no
de_modules\\express\\lib\\router\\index.js:280:10)\n' +
            '    at Function.handle (C:\\Users\\Hp\\Downloads\\AfriConnect\\
backend\\node_modules\\express\\lib\\router\\index.js:175:3)\n' +
            '    at router (C:\\Users\\Hp\\Downloads\\AfriConnect\\backend\\
node_modules\\express\\lib\\router\\index.js:47:12)\n' +
            '    at Layer.handle [as handle_request] (C:\\Users\\Hp\\Downloa
ds\\AfriConnect\\backend\\node_modules\\express\\lib\\router\\layer.js:95:5)
\n' +
            '    at trim_prefix (C:\\Users\\Hp\\Downloads\\AfriConnect\\back
end\\node_modules\\express\\lib\\router\\index.js:328:13)\n' +
            '    at C:\\Users\\Hp\\Downloads\\AfriConnect\\backend\\node_mod
ules\\express\\lib\\router\\index.js:286:9\n' +
            '    at Function.process_params (C:\\Users\\Hp\\Downloads\\AfriC
onnect\\backend\\node_modules\\express\\lib\\router\\index.js:346:12)\n' +
            '    at next (C:\\Users\\Hp\\Downloads\\AfriConnect\\backend\\no
de_modules\\express\\lib\\router\\index.js:280:10)\n' +
            '    at urlencodedParser (C:\\Users\\Hp\\Downloads\\AfriConnect\
\backend\\node_modules\\body-parser\\lib\\types\\urlencoded.js:82:7)\n' +
            '    at Layer.handle [as handle_request] (C:\\Users\\Hp\\Downloa
ds\\AfriConnect\\backend\\node_modules\\express\\lib\\router\\layer.js:95:5)
\n' +
            '    at trim_prefix (C:\\Users\\Hp\\Downloads\\AfriConnect\\back
end\\node_modules\\express\\lib\\router\\index.js:328:13)\n' +
            '    at C:\\Users\\Hp\\Downloads\\AfriConnect\\backend\\node_mod
ules\\express\\lib\\router\\index.js:286:9\n' +
            '    at Function.process_params (C:\\Users\\Hp\\Downloads\\AfriC
onnect\\backend\\node_modules\\express\\lib\\router\\index.js:346:12)\n' +
            '    at next (C:\\Users\\Hp\\Downloads\\AfriConnect\\backend\\no
de_modules\\express\\lib\\router\\index.js:280:10)\n' +
            '    at C:\\Users\\Hp\\Downloads\\AfriConnect\\backend\\node_mod
ules\\body-parser\\lib\\read.js:137:5\n' +
            '    at AsyncResource.runInAsyncScope 
(node:async_hooks:206:9)\n' +
            '    at invokeCallback (C:\\Users\\Hp\\Downloads\\AfriConnect\\b
ackend\\node_modules\\raw-body\\index.js:238:16)\n' +
            '    at done (C:\\Users\\Hp\\Downloads\\AfriConnect\\backend\\no
de_modules\\raw-body\\index.js:227:7)\n' +
            '    at IncomingMessage.onEnd (C:\\Users\\Hp\\Downloads\\AfriCon
nect\\backend\\node_modules\\raw-body\\index.js:287:7)\n' +
            '    at IncomingMessage.emit (node:events:524:28)\n' +
            '    at endReadableNT 
(node:internal/streams/readable:1698:12)\n' +
            '    at processTicksAndRejections 
(node:internal/process/task_queues:82:21)'
        }
      }

    [0m [90m 23 |[39m     }[33m;[39m
     [90m 24 |[39m
    [31m[1m>[22m[39m[90m 25 |[39m     
console[33m.[39merror([32m'[ERROR]'[39m[33m,[39m logData)[33m;[39m
     [90m    |[39m             [31m[1m^[22m[39m
     [90m 26 |[39m     [36mreturn[39m logData[33m;[39m
     [90m 27 |[39m   }
     [90m 28 |[39m[0m

      at Logger.error (src/utils/logger.ts:25:13)
      at errorHandler (src/middleware/errorHandler.ts:18:10)
      at Layer.handle_error (node_modules/express/lib/router/layer.js:71:5)
      at trim_prefix (node_modules/express/lib/router/index.js:326:13)
      at node_modules/express/lib/router/index.js:286:9
      at Function.process_params 
(node_modules/express/lib/router/index.js:346:12)
      at next (node_modules/express/lib/router/index.js:280:10)
      at node_modules/express/lib/router/index.js:646:15
      at next (node_modules/express/lib/router/index.js:265:14)
      at next (node_modules/express/lib/router/route.js:141:14)
      at src/routes/auth.routes.ts:25:5

    console.error
      [ERROR] {
        level: 'error',
        message: 'Email ou mot de passe incorrect',
        timestamp: '2026-02-04T00:35:35.757Z',
        context: { path: '/api/auth/login', method: 'POST', statusCode: 401 
},
        error: {
          name: 'Error',
          message: 'Email ou mot de passe incorrect',
          stack: 'Error: Email ou mot de passe incorrect\n' +
            '    at AuthService.login (C:\\Users\\Hp\\Downloads\\AfriConnect
\\backend\\src\\services\\auth.service.ts:86:26)\n' +
            '    at C:\\Users\\Hp\\Downloads\\AfriConnect\\backend\\src\\rou
tes\\auth.routes.ts:34:20'
        }
      }

    [0m [90m 23 |[39m     }[33m;[39m
     [90m 24 |[39m
    [31m[1m>[22m[39m[90m 25 |[39m     
console[33m.[39merror([32m'[ERROR]'[39m[33m,[39m logData)[33m;[39m
     [90m    |[39m             [31m[1m^[22m[39m
     [90m 26 |[39m     [36mreturn[39m logData[33m;[39m
     [90m 27 |[39m   }
     [90m 28 |[39m[0m

      at Logger.error (src/utils/logger.ts:25:13)
      at errorHandler (src/middleware/errorHandler.ts:18:10)
      at Layer.handle_error (node_modules/express/lib/router/layer.js:71:5)
      at trim_prefix (node_modules/express/lib/router/index.js:326:13)
      at node_modules/express/lib/router/index.js:286:9
      at Function.process_params 
(node_modules/express/lib/router/index.js:346:12)
      at next (node_modules/express/lib/router/index.js:280:10)
      at node_modules/express/lib/router/index.js:646:15
      at next (node_modules/express/lib/router/index.js:265:14)
      at next (node_modules/express/lib/router/route.js:141:14)
      at src/routes/auth.routes.ts:41:5

    console.error
      [ERROR] {
        level: 'error',
        message: 'Email ou mot de passe incorrect',
        timestamp: '2026-02-04T00:35:37.295Z',
        context: { path: '/api/auth/login', method: 'POST', statusCode: 401 
},
        error: {
          name: 'Error',
          message: 'Email ou mot de passe incorrect',
          stack: 'Error: Email ou mot de passe incorrect\n' +
            '    at AuthService.login (C:\\Users\\Hp\\Downloads\\AfriConnect
\\backend\\src\\services\\auth.service.ts:86:26)\n' +
            '    at C:\\Users\\Hp\\Downloads\\AfriConnect\\backend\\src\\rou
tes\\auth.routes.ts:34:20'
        }
      }

    [0m [90m 23 |[39m     }[33m;[39m
     [90m 24 |[39m
    [31m[1m>[22m[39m[90m 25 |[39m     
console[33m.[39merror([32m'[ERROR]'[39m[33m,[39m logData)[33m;[39m
     [90m    |[39m             [31m[1m^[22m[39m
     [90m 26 |[39m     [36mreturn[39m logData[33m;[39m
     [90m 27 |[39m   }
     [90m 28 |[39m[0m

      at Logger.error (src/utils/logger.ts:25:13)
      at errorHandler (src/middleware/errorHandler.ts:18:10)
      at Layer.handle_error (node_modules/express/lib/router/layer.js:71:5)
      at trim_prefix (node_modules/express/lib/router/index.js:326:13)
      at node_modules/express/lib/router/index.js:286:9
      at Function.process_params 
(node_modules/express/lib/router/index.js:346:12)
      at next (node_modules/express/lib/router/index.js:280:10)
      at node_modules/express/lib/router/index.js:646:15
      at next (node_modules/express/lib/router/index.js:265:14)
      at next (node_modules/express/lib/router/route.js:141:14)
      at src/routes/auth.routes.ts:41:5

    console.error
      [ERROR] {
        level: 'error',
        message: 'Email ou mot de passe incorrect',
        timestamp: '2026-02-04T00:35:38.765Z',
        context: { path: '/api/auth/login', method: 'POST', statusCode: 401 
},
        error: {
          name: 'Error',
          message: 'Email ou mot de passe incorrect',
          stack: 'Error: Email ou mot de passe incorrect\n' +
            '    at AuthService.login (C:\\Users\\Hp\\Downloads\\AfriConnect
\\backend\\src\\services\\auth.service.ts:86:26)\n' +
            '    at C:\\Users\\Hp\\Downloads\\AfriConnect\\backend\\src\\rou
tes\\auth.routes.ts:34:20'
        }
      }

    [0m [90m 23 |[39m     }[33m;[39m
     [90m 24 |[39m
    [31m[1m>[22m[39m[90m 25 |[39m     
console[33m.[39merror([32m'[ERROR]'[39m[33m,[39m logData)[33m;[39m
     [90m    |[39m             [31m[1m^[22m[39m
     [90m 26 |[39m     [36mreturn[39m logData[33m;[39m
     [90m 27 |[39m   }
     [90m 28 |[39m[0m

      at Logger.error (src/utils/logger.ts:25:13)
      at errorHandler (src/middleware/errorHandler.ts:18:10)
      at Layer.handle_error (node_modules/express/lib/router/layer.js:71:5)
      at trim_prefix (node_modules/express/lib/router/index.js:326:13)
      at node_modules/express/lib/router/index.js:286:9
      at Function.process_params 
(node_modules/express/lib/router/index.js:346:12)
      at next (node_modules/express/lib/router/index.js:280:10)
      at node_modules/express/lib/router/index.js:646:15
      at next (node_modules/express/lib/router/index.js:265:14)
      at next (node_modules/express/lib/router/route.js:141:14)
      at src/routes/auth.routes.ts:41:5

    console.log
      [INFO] {
        level: 'info',
        message: 'Utilisateur connect├®',
        timestamp: '2026-02-04T00:35:40.549Z',
        context: {
          userId: 'd733921f-e9d4-49ae-8247-4fdd9ab312e7',
          email: 'test71770165340078@example.com'
        }
      }

      at Logger.info (src/utils/logger.ts:49:13)

    console.error
      [ERROR] {
        level: 'error',
        message: 'Utilisateur non trouv├®',
        timestamp: '2026-02-04T00:35:41.790Z',
        context: { path: '/api/auth/me', method: 'GET', statusCode: 500 },
        error: {
          name: 'Error',
          message: 'Utilisateur non trouv├®',
          stack: 'Error: Utilisateur non trouv├®\n' +
            '    at AuthService.getMe (C:\\Users\\Hp\\Downloads\\AfriConnect
\\backend\\src\\services\\auth.service.ts:176:13)\n' +
            '    at C:\\Users\\Hp\\Downloads\\AfriConnect\\backend\\src\\rou
tes\\auth.routes.ts:72:18'
        }
      }

    [0m [90m 23 |[39m     }[33m;[39m
     [90m 24 |[39m
    [31m[1m>[22m[39m[90m 25 |[39m     
console[33m.[39merror([32m'[ERROR]'[39m[33m,[39m logData)[33m;[39m
     [90m    |[39m             [31m[1m^[22m[39m
     [90m 26 |[39m     [36mreturn[39m logData[33m;[39m
     [90m 27 |[39m   }
     [90m 28 |[39m[0m

      at Logger.error (src/utils/logger.ts:25:13)
      at errorHandler (src/middleware/errorHandler.ts:18:10)
      at Layer.handle_error (node_modules/express/lib/router/layer.js:71:5)
      at trim_prefix (node_modules/express/lib/router/index.js:326:13)
      at node_modules/express/lib/router/index.js:286:9
      at Function.process_params 
(node_modules/express/lib/router/index.js:346:12)
      at next (node_modules/express/lib/router/index.js:280:10)
      at node_modules/express/lib/router/index.js:646:15
      at next (node_modules/express/lib/router/index.js:265:14)
      at next (node_modules/express/lib/router/route.js:141:14)
      at src/routes/auth.routes.ts:79:5

    console.error
      [ERROR] {
        level: 'error',
        message: 'Erreur authentification',
        timestamp: '2026-02-04T00:35:44.682Z',
        context: undefined,
        error: {
          name: 'JsonWebTokenError',
          message: 'jwt malformed',
          stack: 'JsonWebTokenError: jwt malformed\n' +
            '    at Object.<anonymous>.module.exports [as verify] (C:\\Users
\\Hp\\Downloads\\AfriConnect\\backend\\node_modules\\jsonwebtoken\\verify.js
:70:17)\n' +
            '    at authenticate (C:\\Users\\Hp\\Downloads\\AfriConnect\\bac
kend\\src\\middleware\\auth.ts:35:25)\n' +
            '    at Layer.handle [as handle_request] (C:\\Users\\Hp\\Downloa
ds\\AfriConnect\\backend\\node_modules\\express\\lib\\router\\layer.js:95:5)
\n' +
            '    at next (C:\\Users\\Hp\\Downloads\\AfriConnect\\backend\\no
de_modules\\express\\lib\\router\\route.js:149:13)\n' +
            '    at Route.dispatch (C:\\Users\\Hp\\Downloads\\AfriConnect\\b
ackend\\node_modules\\express\\lib\\router\\route.js:119:3)\n' +
            '    at Layer.handle [as handle_request] (C:\\Users\\Hp\\Downloa
ds\\AfriConnect\\backend\\node_modules\\express\\lib\\router\\layer.js:95:5)
\n' +
            '    at C:\\Users\\Hp\\Downloads\\AfriConnect\\backend\\node_mod
ules\\express\\lib\\router\\index.js:284:15\n' +
            '    at Function.process_params (C:\\Users\\Hp\\Downloads\\AfriC
onnect\\backend\\node_modules\\express\\lib\\router\\index.js:346:12)\n' +
            '    at next (C:\\Users\\Hp\\Downloads\\AfriConnect\\backend\\no
de_modules\\express\\lib\\router\\index.js:280:10)\n' +
            '    at Function.handle (C:\\Users\\Hp\\Downloads\\AfriConnect\\
backend\\node_modules\\express\\lib\\router\\index.js:175:3)\n' +
            '    at router (C:\\Users\\Hp\\Downloads\\AfriConnect\\backend\\
node_modules\\express\\lib\\router\\index.js:47:12)\n' +
            '    at Layer.handle [as handle_request] (C:\\Users\\Hp\\Downloa
ds\\AfriConnect\\backend\\node_modules\\express\\lib\\router\\layer.js:95:5)
\n' +
            '    at trim_prefix (C:\\Users\\Hp\\Downloads\\AfriConnect\\back
end\\node_modules\\express\\lib\\router\\index.js:328:13)\n' +
            '    at C:\\Users\\Hp\\Downloads\\AfriConnect\\backend\\node_mod
ules\\express\\lib\\router\\index.js:286:9\n' +
            '    at Function.process_params (C:\\Users\\Hp\\Downloads\\AfriC
onnect\\backend\\node_modules\\express\\lib\\router\\index.js:346:12)\n' +
            '    at next (C:\\Users\\Hp\\Downloads\\AfriConnect\\backend\\no
de_modules\\express\\lib\\router\\index.js:280:10)\n' +
            '    at urlencodedParser (C:\\Users\\Hp\\Downloads\\AfriConnect\
\backend\\node_modules\\body-parser\\lib\\types\\urlencoded.js:91:7)\n' +
            '    at Layer.handle [as handle_request] (C:\\Users\\Hp\\Downloa
ds\\AfriConnect\\backend\\node_modules\\express\\lib\\router\\layer.js:95:5)
\n' +
            '    at trim_prefix (C:\\Users\\Hp\\Downloads\\AfriConnect\\back
end\\node_modules\\express\\lib\\router\\index.js:328:13)\n' +
            '    at C:\\Users\\Hp\\Downloads\\AfriConnect\\backend\\node_mod
ules\\express\\lib\\router\\index.js:286:9\n' +
            '    at Function.process_params (C:\\Users\\Hp\\Downloads\\AfriC
onnect\\backend\\node_modules\\express\\lib\\router\\index.js:346:12)\n' +
            '    at next (C:\\Users\\Hp\\Downloads\\AfriConnect\\backend\\no
de_modules\\express\\lib\\router\\index.js:280:10)\n' +
            '    at jsonParser (C:\\Users\\Hp\\Downloads\\AfriConnect\\backe
nd\\node_modules\\body-parser\\lib\\types\\json.js:113:7)\n' +
            '    at Layer.handle [as handle_request] (C:\\Users\\Hp\\Downloa
ds\\AfriConnect\\backend\\node_modules\\express\\lib\\router\\layer.js:95:5)
\n' +
            '    at trim_prefix (C:\\Users\\Hp\\Downloads\\AfriConnect\\back
end\\node_modules\\express\\lib\\router\\index.js:328:13)\n' +
            '    at C:\\Users\\Hp\\Downloads\\AfriConnect\\backend\\node_mod
ules\\express\\lib\\router\\index.js:286:9\n' +
            '    at Function.process_params (C:\\Users\\Hp\\Downloads\\AfriC
onnect\\backend\\node_modules\\express\\lib\\router\\index.js:346:12)\n' +
            '    at next (C:\\Users\\Hp\\Downloads\\AfriConnect\\backend\\no
de_modules\\express\\lib\\router\\index.js:280:10)\n' +
            '    at cors (C:\\Users\\Hp\\Downloads\\AfriConnect\\backend\\no
de_modules\\cors\\lib\\index.js:188:7)\n' +
            '    at C:\\Users\\Hp\\Downloads\\AfriConnect\\backend\\node_mod
ules\\cors\\lib\\index.js:224:17\n' +
            '    at originCallback (C:\\Users\\Hp\\Downloads\\AfriConnect\\b
ackend\\node_modules\\cors\\lib\\index.js:214:15)\n' +
            '    at C:\\Users\\Hp\\Downloads\\AfriConnect\\backend\\node_mod
ules\\cors\\lib\\index.js:219:13\n' +
            '    at optionsCallback (C:\\Users\\Hp\\Downloads\\AfriConnect\\
backend\\node_modules\\cors\\lib\\index.js:199:9)\n' +
            '    at corsMiddleware (C:\\Users\\Hp\\Downloads\\AfriConnect\\b
ackend\\node_modules\\cors\\lib\\index.js:204:7)\n' +
            '    at Layer.handle [as handle_request] (C:\\Users\\Hp\\Downloa
ds\\AfriConnect\\backend\\node_modules\\express\\lib\\router\\layer.js:95:5)
\n' +
            '    at trim_prefix (C:\\Users\\Hp\\Downloads\\AfriConnect\\back
end\\node_modules\\express\\lib\\router\\index.js:328:13)\n' +
            '    at C:\\Users\\Hp\\Downloads\\AfriConnect\\backend\\node_mod
ules\\express\\lib\\router\\index.js:286:9\n' +
            '    at Function.process_params (C:\\Users\\Hp\\Downloads\\AfriC
onnect\\backend\\node_modules\\express\\lib\\router\\index.js:346:12)\n' +
            '    at next (C:\\Users\\Hp\\Downloads\\AfriConnect\\backend\\no
de_modules\\express\\lib\\router\\index.js:280:10)\n' +
            '    at internalNext (C:\\Users\\Hp\\Downloads\\AfriConnect\\bac
kend\\node_modules\\helmet\\index.mjs:527:6)\n' +
            '    at xXssProtectionMiddleware (C:\\Users\\Hp\\Downloads\\Afri
Connect\\backend\\node_modules\\helmet\\index.mjs:307:3)\n' +
            '    at internalNext (C:\\Users\\Hp\\Downloads\\AfriConnect\\bac
kend\\node_modules\\helmet\\index.mjs:525:6)\n' +
            '    at xPoweredByMiddleware (C:\\Users\\Hp\\Downloads\\AfriConn
ect\\backend\\node_modules\\helmet\\index.mjs:300:3)\n' +
            '    at internalNext (C:\\Users\\Hp\\Downloads\\AfriConnect\\bac
kend\\node_modules\\helmet\\index.mjs:525:6)\n' +
            '    at xPermittedCrossDomainPoliciesMiddleware (C:\\Users\\Hp\\
Downloads\\AfriConnect\\backend\\node_modules\\helmet\\index.mjs:293:3)\n' +
            '    at internalNext (C:\\Users\\Hp\\Downloads\\AfriConnect\\bac
kend\\node_modules\\helmet\\index.mjs:525:6)\n' +
            '    at xFrameOptionsMiddleware (C:\\Users\\Hp\\Downloads\\AfriC
onnect\\backend\\node_modules\\helmet\\index.mjs:277:3)\n' +
            '    at internalNext (C:\\Users\\Hp\\Downloads\\AfriConnect\\bac
kend\\node_modules\\helmet\\index.mjs:525:6)\n' +
            '    at xDownloadOptionsMiddleware (C:\\Users\\Hp\\Downloads\\Af
riConnect\\backend\\node_modules\\helmet\\index.mjs:257:3)\n' +
            '    at internalNext (C:\\Users\\Hp\\Downloads\\AfriConnect\\bac
kend\\node_modules\\helmet\\index.mjs:525:6)\n' +
            '    at xDnsPrefetchControlMiddleware (C:\\Users\\Hp\\Downloads\
\AfriConnect\\backend\\node_modules\\helmet\\index.mjs:250:3)\n' +
            '    at internalNext (C:\\Users\\Hp\\Downloads\\AfriConnect\\bac
kend\\node_modules\\helmet\\index.mjs:525:6)\n' +
            '    at xContentTypeOptionsMiddleware (C:\\Users\\Hp\\Downloads\
\AfriConnect\\backend\\node_modules\\helmet\\index.mjs:242:3)\n' +
            '    at internalNext (C:\\Users\\Hp\\Downloads\\AfriConnect\\bac
kend\\node_modules\\helmet\\index.mjs:525:6)\n' +
            '    at strictTransportSecurityMiddleware (C:\\Users\\Hp\\Downlo
ads\\AfriConnect\\backend\\node_modules\\helmet\\index.mjs:235:3)\n' +
            '    at internalNext (C:\\Users\\Hp\\Downloads\\AfriConnect\\bac
kend\\node_modules\\helmet\\index.mjs:525:6)\n' +
            '    at referrerPolicyMiddleware (C:\\Users\\Hp\\Downloads\\Afri
Connect\\backend\\node_modules\\helmet\\index.mjs:203:3)\n' +
            '    at internalNext (C:\\Users\\Hp\\Downloads\\AfriConnect\\bac
kend\\node_modules\\helmet\\index.mjs:525:6)\n' +
            '    at originAgentClusterMiddleware (C:\\Users\\Hp\\Downloads\\
AfriConnect\\backend\\node_modules\\helmet\\index.mjs:178:3)\n' +
            '    at internalNext (C:\\Users\\Hp\\Downloads\\AfriConnect\\bac
kend\\node_modules\\helmet\\index.mjs:525:6)\n' +
            '    at crossOriginResourcePolicyMiddleware (C:\\Users\\Hp\\Down
loads\\AfriConnect\\backend\\node_modules\\helmet\\index.mjs:171:3)\n' +
            '    at internalNext (C:\\Users\\Hp\\Downloads\\AfriConnect\\bac
kend\\node_modules\\helmet\\index.mjs:525:6)\n' +
            '    at crossOriginOpenerPolicyMiddleware (C:\\Users\\Hp\\Downlo
ads\\AfriConnect\\backend\\node_modules\\helmet\\index.mjs:155:3)\n' +
            '    at internalNext (C:\\Users\\Hp\\Downloads\\AfriConnect\\bac
kend\\node_modules\\helmet\\index.mjs:525:6)\n' +
            '    at contentSecurityPolicyMiddleware (C:\\Users\\Hp\\Download
s\\AfriConnect\\backend\\node_modules\\helmet\\index.mjs:120:4)\n' +
            '    at internalNext (C:\\Users\\Hp\\Downloads\\AfriConnect\\bac
kend\\node_modules\\helmet\\index.mjs:525:6)\n' +
            '    at helmetMiddleware (C:\\Users\\Hp\\Downloads\\AfriConnect\
\backend\\node_modules\\helmet\\index.mjs:529:6)\n' +
            '    at Layer.handle [as handle_request] (C:\\Users\\Hp\\Downloa
ds\\AfriConnect\\backend\\node_modules\\express\\lib\\router\\layer.js:95:5)
\n' +
            '    at trim_prefix (C:\\Users\\Hp\\Downloads\\AfriConnect\\back
end\\node_modules\\express\\lib\\router\\index.js:328:13)\n' +
            '    at C:\\Users\\Hp\\Downloads\\AfriConnect\\backend\\node_mod
ules\\express\\lib\\router\\index.js:286:9\n' +
            '    at Function.process_params (C:\\Users\\Hp\\Downloads\\AfriC
onnect\\backend\\node_modules\\express\\lib\\router\\index.js:346:12)\n' +
            '    at next (C:\\Users\\Hp\\Downloads\\AfriConnect\\backend\\no
de_modules\\express\\lib\\router\\index.js:280:10)\n' +
            '    at expressInit (C:\\Users\\Hp\\Downloads\\AfriConnect\\back
end\\node_modules\\express\\lib\\middleware\\init.js:40:5)\n' +
            '    at Layer.handle [as handle_request] (C:\\Users\\Hp\\Downloa
ds\\AfriConnect\\backend\\node_modules\\express\\lib\\router\\layer.js:95:5)
\n' +
            '    at trim_prefix (C:\\Users\\Hp\\Downloads\\AfriConnect\\back
end\\node_modules\\express\\lib\\router\\index.js:328:13)\n' +
            '    at C:\\Users\\Hp\\Downloads\\AfriConnect\\backend\\node_mod
ules\\express\\lib\\router\\index.js:286:9\n' +
            '    at Function.process_params (C:\\Users\\Hp\\Downloads\\AfriC
onnect\\backend\\node_modules\\express\\lib\\router\\index.js:346:12)\n' +
            '    at next (C:\\Users\\Hp\\Downloads\\AfriConnect\\backend\\no
de_modules\\express\\lib\\router\\index.js:280:10)\n' +
            '    at query (C:\\Users\\Hp\\Downloads\\AfriConnect\\backend\\n
ode_modules\\express\\lib\\middleware\\query.js:45:5)\n' +
            '    at Layer.handle [as handle_request] (C:\\Users\\Hp\\Downloa
ds\\AfriConnect\\backend\\node_modules\\express\\lib\\router\\layer.js:95:5)
\n' +
            '    at trim_prefix (C:\\Users\\Hp\\Downloads\\AfriConnect\\back
end\\node_modules\\express\\lib\\router\\index.js:328:13)\n' +
            '    at C:\\Users\\Hp\\Downloads\\AfriConnect\\backend\\node_mod
ules\\express\\lib\\router\\index.js:286:9\n' +
            '    at Function.process_params (C:\\Users\\Hp\\Downloads\\AfriC
onnect\\backend\\node_modules\\express\\lib\\router\\index.js:346:12)\n' +
            '    at next (C:\\Users\\Hp\\Downloads\\AfriConnect\\backend\\no
de_modules\\express\\lib\\router\\index.js:280:10)\n' +
            '    at Function.handle (C:\\Users\\Hp\\Downloads\\AfriConnect\\
backend\\node_modules\\express\\lib\\router\\index.js:175:3)\n' +
            '    at Function.handle (C:\\Users\\Hp\\Downloads\\AfriConnect\\
backend\\node_modules\\express\\lib\\application.js:181:10)\n' +
            '    at Server.app (C:\\Users\\Hp\\Downloads\\AfriConnect\\backe
nd\\node_modules\\express\\lib\\express.js:39:9)\n' +
            '    at Server.emit (node:events:524:28)\n' +
            '    at parserOnIncoming (node:_http_server:1141:12)\n' +
            '    at HTTPParser.parserOnHeadersComplete 
(node:_http_common:118:17)'
        }
      }

    [0m [90m 23 |[39m     }[33m;[39m
     [90m 24 |[39m
    [31m[1m>[22m[39m[90m 25 |[39m     
console[33m.[39merror([32m'[ERROR]'[39m[33m,[39m logData)[33m;[39m
     [90m    |[39m             [31m[1m^[22m[39m
     [90m 26 |[39m     [36mreturn[39m logData[33m;[39m
     [90m 27 |[39m   }
     [90m 28 |[39m[0m

      at Logger.error (src/utils/logger.ts:25:13)
      at authenticate (src/middleware/auth.ts:66:12)
      at Layer.handle [as handle_request] 
(node_modules/express/lib/router/layer.js:95:5)
      at next (node_modules/express/lib/router/route.js:149:13)
      at Route.dispatch (node_modules/express/lib/router/route.js:119:3)
      at Layer.handle [as handle_request] 
(node_modules/express/lib/router/layer.js:95:5)
      at node_modules/express/lib/router/index.js:284:15
      at Function.process_params 
(node_modules/express/lib/router/index.js:346:12)
      at next (node_modules/express/lib/router/index.js:280:10)
      at Function.handle (node_modules/express/lib/router/index.js:175:3)
      at router (node_modules/express/lib/router/index.js:47:12)
      at Layer.handle [as handle_request] 
(node_modules/express/lib/router/layer.js:95:5)
      at trim_prefix (node_modules/express/lib/router/index.js:328:13)
      at node_modules/express/lib/router/index.js:286:9
      at Function.process_params 
(node_modules/express/lib/router/index.js:346:12)
      at next (node_modules/express/lib/router/index.js:280:10)
      at urlencodedParser 
(node_modules/body-parser/lib/types/urlencoded.js:91:7)
      at Layer.handle [as handle_request] 
(node_modules/express/lib/router/layer.js:95:5)
      at trim_prefix (node_modules/express/lib/router/index.js:328:13)
      at node_modules/express/lib/router/index.js:286:9
      at Function.process_params 
(node_modules/express/lib/router/index.js:346:12)
      at next (node_modules/express/lib/router/index.js:280:10)
      at jsonParser (node_modules/body-parser/lib/types/json.js:113:7)
      at Layer.handle [as handle_request] 
(node_modules/express/lib/router/layer.js:95:5)
      at trim_prefix (node_modules/express/lib/router/index.js:328:13)
      at node_modules/express/lib/router/index.js:286:9
      at Function.process_params 
(node_modules/express/lib/router/index.js:346:12)
      at next (node_modules/express/lib/router/index.js:280:10)
      at cors (node_modules/cors/lib/index.js:188:7)
      at node_modules/cors/lib/index.js:224:17
      at originCallback (node_modules/cors/lib/index.js:214:15)
      at node_modules/cors/lib/index.js:219:13
      at optionsCallback (node_modules/cors/lib/index.js:199:9)
      at corsMiddleware (node_modules/cors/lib/index.js:204:7)
      at Layer.handle [as handle_request] 
(node_modules/express/lib/router/layer.js:95:5)
      at trim_prefix (node_modules/express/lib/router/index.js:328:13)
      at node_modules/express/lib/router/index.js:286:9
      at Function.process_params 
(node_modules/express/lib/router/index.js:346:12)
      at next (node_modules/express/lib/router/index.js:280:10)
      at internalNext (node_modules/helmet/index.mjs:527:6)
      at xXssProtectionMiddleware (node_modules/helmet/index.mjs:307:3)
      at internalNext (node_modules/helmet/index.mjs:525:6)
      at xPoweredByMiddleware (node_modules/helmet/index.mjs:300:3)
      at internalNext (node_modules/helmet/index.mjs:525:6)
      at xPermittedCrossDomainPoliciesMiddleware 
(node_modules/helmet/index.mjs:293:3)
      at internalNext (node_modules/helmet/index.mjs:525:6)
      at xFrameOptionsMiddleware (node_modules/helmet/index.mjs:277:3)
      at internalNext (node_modules/helmet/index.mjs:525:6)
      at xDownloadOptionsMiddleware (node_modules/helmet/index.mjs:257:3)
      at internalNext (node_modules/helmet/index.mjs:525:6)
      at xDnsPrefetchControlMiddleware (node_modules/helmet/index.mjs:250:3)
      at internalNext (node_modules/helmet/index.mjs:525:6)
      at xContentTypeOptionsMiddleware (node_modules/helmet/index.mjs:242:3)
      at internalNext (node_modules/helmet/index.mjs:525:6)
      at strictTransportSecurityMiddleware 
(node_modules/helmet/index.mjs:235:3)
      at internalNext (node_modules/helmet/index.mjs:525:6)
      at referrerPolicyMiddleware (node_modules/helmet/index.mjs:203:3)
      at internalNext (node_modules/helmet/index.mjs:525:6)
      at originAgentClusterMiddleware (node_modules/helmet/index.mjs:178:3)
      at internalNext (node_modules/helmet/index.mjs:525:6)
      at crossOriginResourcePolicyMiddleware 
(node_modules/helmet/index.mjs:171:3)
      at internalNext (node_modules/helmet/index.mjs:525:6)
      at crossOriginOpenerPolicyMiddleware 
(node_modules/helmet/index.mjs:155:3)
      at internalNext (node_modules/helmet/index.mjs:525:6)
      at contentSecurityPolicyMiddleware 
(node_modules/helmet/index.mjs:120:4)
      at internalNext (node_modules/helmet/index.mjs:525:6)
      at helmetMiddleware (node_modules/helmet/index.mjs:529:6)
      at Layer.handle [as handle_request] 
(node_modules/express/lib/router/layer.js:95:5)
      at trim_prefix (node_modules/express/lib/router/index.js:328:13)
      at node_modules/express/lib/router/index.js:286:9
      at Function.process_params 
(node_modules/express/lib/router/index.js:346:12)
      at next (node_modules/express/lib/router/index.js:280:10)
      at expressInit (node_modules/express/lib/middleware/init.js:40:5)
      at Layer.handle [as handle_request] 
(node_modules/express/lib/router/layer.js:95:5)
      at trim_prefix (node_modules/express/lib/router/index.js:328:13)
      at node_modules/express/lib/router/index.js:286:9
      at Function.process_params 
(node_modules/express/lib/router/index.js:346:12)
      at next (node_modules/express/lib/router/index.js:280:10)
      at query (node_modules/express/lib/middleware/query.js:45:5)
      at Layer.handle [as handle_request] 
(node_modules/express/lib/router/layer.js:95:5)
      at trim_prefix (node_modules/express/lib/router/index.js:328:13)
      at node_modules/express/lib/router/index.js:286:9
      at Function.process_params 
(node_modules/express/lib/router/index.js:346:12)
      at next (node_modules/express/lib/router/index.js:280:10)
      at Function.handle (node_modules/express/lib/router/index.js:175:3)
      at Function.handle (node_modules/express/lib/application.js:181:10)
      at Server.app (node_modules/express/lib/express.js:39:9)

    console.error
      [ERROR] {
        level: 'error',
        message: 'Email ou mot de passe incorrect',
        timestamp: '2026-02-04T00:35:46.534Z',
        context: { path: '/api/auth/login', method: 'POST', statusCode: 401 
},
        error: {
          name: 'Error',
          message: 'Email ou mot de passe incorrect',
          stack: 'Error: Email ou mot de passe incorrect\n' +
            '    at AuthService.login (C:\\Users\\Hp\\Downloads\\AfriConnect
\\backend\\src\\services\\auth.service.ts:86:26)\n' +
            '    at C:\\Users\\Hp\\Downloads\\AfriConnect\\backend\\src\\rou
tes\\auth.routes.ts:34:20'
        }
      }

    [0m [90m 23 |[39m     }[33m;[39m
     [90m 24 |[39m
    [31m[1m>[22m[39m[90m 25 |[39m     
console[33m.[39merror([32m'[ERROR]'[39m[33m,[39m logData)[33m;[39m
     [90m    |[39m             [31m[1m^[22m[39m
     [90m 26 |[39m     [36mreturn[39m logData[33m;[39m
     [90m 27 |[39m   }
     [90m 28 |[39m[0m

      at Logger.error (src/utils/logger.ts:25:13)
      at errorHandler (src/middleware/errorHandler.ts:18:10)
      at Layer.handle_error (node_modules/express/lib/router/layer.js:71:5)
      at trim_prefix (node_modules/express/lib/router/index.js:326:13)
      at node_modules/express/lib/router/index.js:286:9
      at Function.process_params 
(node_modules/express/lib/router/index.js:346:12)
      at next (node_modules/express/lib/router/index.js:280:10)
      at node_modules/express/lib/router/index.js:646:15
      at next (node_modules/express/lib/router/index.js:265:14)
      at next (node_modules/express/lib/router/route.js:141:14)
      at src/routes/auth.routes.ts:41:5

    console.error
      [ERROR] {
        level: 'error',
        message: 'Refresh token invalide',
        timestamp: '2026-02-04T00:35:47.912Z',
        context: { path: '/api/auth/refresh', method: 'POST', statusCode: 
401 },
        error: {
          name: 'Error',
          message: 'Refresh token invalide',
          stack: 'Error: Refresh token invalide\n' +
            '    at AuthService.refreshToken (C:\\Users\\Hp\\Downloads\\Afri
Connect\\backend\\src\\services\\auth.service.ts:154:24)\n' +
            '    at C:\\Users\\Hp\\Downloads\\AfriConnect\\backend\\src\\rou
tes\\auth.routes.ts:58:38\n' +
            '    at Layer.handle [as handle_request] (C:\\Users\\Hp\\Downloa
ds\\AfriConnect\\backend\\node_modules\\express\\lib\\router\\layer.js:95:5)
\n' +
            '    at next (C:\\Users\\Hp\\Downloads\\AfriConnect\\backend\\no
de_modules\\express\\lib\\router\\route.js:149:13)\n' +
            '    at Route.dispatch (C:\\Users\\Hp\\Downloads\\AfriConnect\\b
ackend\\node_modules\\express\\lib\\router\\route.js:119:3)\n' +
            '    at Layer.handle [as handle_request] (C:\\Users\\Hp\\Downloa
ds\\AfriConnect\\backend\\node_modules\\express\\lib\\router\\layer.js:95:5)
\n' +
            '    at C:\\Users\\Hp\\Downloads\\AfriConnect\\backend\\node_mod
ules\\express\\lib\\router\\index.js:284:15\n' +
            '    at Function.process_params (C:\\Users\\Hp\\Downloads\\AfriC
onnect\\backend\\node_modules\\express\\lib\\router\\index.js:346:12)\n' +
            '    at next (C:\\Users\\Hp\\Downloads\\AfriConnect\\backend\\no
de_modules\\express\\lib\\router\\index.js:280:10)\n' +
            '    at Function.handle (C:\\Users\\Hp\\Downloads\\AfriConnect\\
backend\\node_modules\\express\\lib\\router\\index.js:175:3)\n' +
            '    at router (C:\\Users\\Hp\\Downloads\\AfriConnect\\backend\\
node_modules\\express\\lib\\router\\index.js:47:12)\n' +
            '    at Layer.handle [as handle_request] (C:\\Users\\Hp\\Downloa
ds\\AfriConnect\\backend\\node_modules\\express\\lib\\router\\layer.js:95:5)
\n' +
            '    at trim_prefix (C:\\Users\\Hp\\Downloads\\AfriConnect\\back
end\\node_modules\\express\\lib\\router\\index.js:328:13)\n' +
            '    at C:\\Users\\Hp\\Downloads\\AfriConnect\\backend\\node_mod
ules\\express\\lib\\router\\index.js:286:9\n' +
            '    at Function.process_params (C:\\Users\\Hp\\Downloads\\AfriC
onnect\\backend\\node_modules\\express\\lib\\router\\index.js:346:12)\n' +
            '    at next (C:\\Users\\Hp\\Downloads\\AfriConnect\\backend\\no
de_modules\\express\\lib\\router\\index.js:280:10)\n' +
            '    at urlencodedParser (C:\\Users\\Hp\\Downloads\\AfriConnect\
\backend\\node_modules\\body-parser\\lib\\types\\urlencoded.js:82:7)\n' +
            '    at Layer.handle [as handle_request] (C:\\Users\\Hp\\Downloa
ds\\AfriConnect\\backend\\node_modules\\express\\lib\\router\\layer.js:95:5)
\n' +
            '    at trim_prefix (C:\\Users\\Hp\\Downloads\\AfriConnect\\back
end\\node_modules\\express\\lib\\router\\index.js:328:13)\n' +
            '    at C:\\Users\\Hp\\Downloads\\AfriConnect\\backend\\node_mod
ules\\express\\lib\\router\\index.js:286:9\n' +
            '    at Function.process_params (C:\\Users\\Hp\\Downloads\\AfriC
onnect\\backend\\node_modules\\express\\lib\\router\\index.js:346:12)\n' +
            '    at next (C:\\Users\\Hp\\Downloads\\AfriConnect\\backend\\no
de_modules\\express\\lib\\router\\index.js:280:10)\n' +
            '    at C:\\Users\\Hp\\Downloads\\AfriConnect\\backend\\node_mod
ules\\body-parser\\lib\\read.js:137:5\n' +
            '    at AsyncResource.runInAsyncScope 
(node:async_hooks:206:9)\n' +
            '    at invokeCallback (C:\\Users\\Hp\\Downloads\\AfriConnect\\b
ackend\\node_modules\\raw-body\\index.js:238:16)\n' +
            '    at done (C:\\Users\\Hp\\Downloads\\AfriConnect\\backend\\no
de_modules\\raw-body\\index.js:227:7)\n' +
            '    at IncomingMessage.onEnd (C:\\Users\\Hp\\Downloads\\AfriCon
nect\\backend\\node_modules\\raw-body\\index.js:287:7)\n' +
            '    at IncomingMessage.emit (node:events:524:28)\n' +
            '    at endReadableNT 
(node:internal/streams/readable:1698:12)\n' +
            '    at processTicksAndRejections 
(node:internal/process/task_queues:82:21)'
        }
      }

    [0m [90m 23 |[39m     }[33m;[39m
     [90m 24 |[39m
    [31m[1m>[22m[39m[90m 25 |[39m     
console[33m.[39merror([32m'[ERROR]'[39m[33m,[39m logData)[33m;[39m
     [90m    |[39m             [31m[1m^[22m[39m
     [90m 26 |[39m     [36mreturn[39m logData[33m;[39m
     [90m 27 |[39m   }
     [90m 28 |[39m[0m

      at Logger.error (src/utils/logger.ts:25:13)
      at errorHandler (src/middleware/errorHandler.ts:18:10)
      at Layer.handle_error (node_modules/express/lib/router/layer.js:71:5)
      at trim_prefix (node_modules/express/lib/router/index.js:326:13)
      at node_modules/express/lib/router/index.js:286:9
      at Function.process_params 
(node_modules/express/lib/router/index.js:346:12)
      at next (node_modules/express/lib/router/index.js:280:10)
      at node_modules/express/lib/router/index.js:646:15
      at next (node_modules/express/lib/router/index.js:265:14)
      at next (node_modules/express/lib/router/route.js:141:14)
      at src/routes/auth.routes.ts:65:5

  ÔùÅ Auth API ÔÇ║ POST /api/auth/login ÔÇ║ devrait connecter un 
utilisateur avec des identifiants valides

    expect(received).toBe(expected) // Object.is equality

    Expected: 200
    Received: 401

    [0m [90m 79 |[39m         })[33m;[39m
     [90m 80 |[39m
    [31m[1m>[22m[39m[90m 81 |[39m       
expect(response[33m.[39mstatus)[33m.[39mtoBe([35m200[39m)[33m;[39m
     [90m    |[39m                               [31m[1m^[22m[39m
     [90m 82 |[39m       expect(response[33m.[39mbody[33m.[39msuccess)
[33m.[39mtoBe([36mtrue[39m)[33m;[39m
     [90m 83 |[39m       expect(response[33m.[39mbody[33m.[39mdata)[3
3m.[39mtoHaveProperty([32m'user'[39m)[33m;[39m
     [90m 84 |[39m       expect(response[33m.[39mbody[33m.[39mdata)[3
3m.[39mtoHaveProperty([32m'accessToken'[39m)[33m;[39m[0m

      at Object.<anonymous> (__tests__/auth.test.ts:81:31)

  ÔùÅ Auth API ÔÇ║ GET /api/auth/me ÔÇ║ devrait retourner les informations 
de l'utilisateur connect├®

    expect(received).toBe(expected) // Object.is equality

    Expected: 200
    Received: 500

    [0m [90m 126 |[39m         
[33m.[39m[36mset[39m([32m'Authorization'[39m[33m,[39m [32m`Bearer 
${token}`[39m)[33m;[39m
     [90m 127 |[39m
    [31m[1m>[22m[39m[90m 128 |[39m       
expect(response[33m.[39mstatus)[33m.[39mtoBe([35m200[39m)[33m;[39m
     [90m     |[39m                               [31m[1m^[22m[39m
     [90m 129 |[39m       expect(response[33m.[39mbody[33m.[39msuccess
)[33m.[39mtoBe([36mtrue[39m)[33m;[39m
     [90m 130 |[39m       expect(response[33m.[39mbody[33m.[39mdata[3
3m.[39memail)[33m.[39mtoBe(testUser[33m.[39memail)[33m;[39m
     [90m 131 |[39m     })[33m;[39m[0m

      at Object.<anonymous> (__tests__/auth.test.ts:128:31)

  ÔùÅ Auth API ÔÇ║ POST /api/auth/refresh ÔÇ║ devrait rafra├«chir le token 
d'acc├¿s

    TypeError: Cannot read properties of undefined (reading 'refreshToken')

    [0m [90m 157 |[39m         })[33m;[39m
     [90m 158 |[39m
    [31m[1m>[22m[39m[90m 159 |[39m       [36mconst[39m refreshToken 
[33m=[39m loginResponse[33m.[39mbody[33m.[39mdata[33m.[39mrefreshTok
en[33m;[39m
     [90m     |[39m                                                    
[31m[1m^[22m[39m
     [90m 160 |[39m
     [90m 161 |[39m       [36mconst[39m response [33m=[39m 
[36mawait[39m request(app)
     [90m 162 |[39m         
[33m.[39mpost([32m'/api/auth/refresh'[39m)[0m

      at Object.<anonymous> (__tests__/auth.test.ts:159:52)

FAIL __tests__/videos.test.ts (49.551 s)
  ÔùÅ Console

    console.log
      [INFO] {
        level: 'info',
        message: 'Ô£à Database connected',
        timestamp: '2026-02-04T00:35:28.637Z',
        context: undefined
      }

      at Logger.info (src/utils/logger.ts:49:13)

    console.log
      [INFO] {
        level: 'info',
        message: 'Utilisateur connect├®',
        timestamp: '2026-02-04T00:35:29.832Z',
        context: {
          userId: 'e9bbd424-8fb1-401b-8b41-c950953f6055',
          email: 'test11770165328896@example.com'
        }
      }

      at Logger.info (src/utils/logger.ts:49:13)

    console.error
      [ERROR] {
        level: 'error',
        message: 'Email ou mot de passe incorrect',
        timestamp: '2026-02-04T00:35:34.063Z',
        context: { path: '/api/auth/login', method: 'POST', statusCode: 401 
},
        error: {
          name: 'Error',
          message: 'Email ou mot de passe incorrect',
          stack: 'Error: Email ou mot de passe incorrect\n' +
            '    at AuthService.login (C:\\Users\\Hp\\Downloads\\AfriConnect
\\backend\\src\\services\\auth.service.ts:86:26)\n' +
            '    at C:\\Users\\Hp\\Downloads\\AfriConnect\\backend\\src\\rou
tes\\auth.routes.ts:34:20'
        }
      }

    [0m [90m 23 |[39m     }[33m;[39m
     [90m 24 |[39m
    [31m[1m>[22m[39m[90m 25 |[39m     
console[33m.[39merror([32m'[ERROR]'[39m[33m,[39m logData)[33m;[39m
     [90m    |[39m             [31m[1m^[22m[39m
     [90m 26 |[39m     [36mreturn[39m logData[33m;[39m
     [90m 27 |[39m   }
     [90m 28 |[39m[0m

      at Logger.error (src/utils/logger.ts:25:13)
      at errorHandler (src/middleware/errorHandler.ts:18:10)
      at Layer.handle_error (node_modules/express/lib/router/layer.js:71:5)
      at trim_prefix (node_modules/express/lib/router/index.js:326:13)
      at node_modules/express/lib/router/index.js:286:9
      at Function.process_params 
(node_modules/express/lib/router/index.js:346:12)
      at next (node_modules/express/lib/router/index.js:280:10)
      at node_modules/express/lib/router/index.js:646:15
      at next (node_modules/express/lib/router/index.js:265:14)
      at next (node_modules/express/lib/router/route.js:141:14)
      at src/routes/auth.routes.ts:41:5

    console.log
      [INFO] {
        level: 'info',
        message: 'Utilisateur connect├®',
        timestamp: '2026-02-04T00:35:36.113Z',
        context: {
          userId: '95e8ce2d-be5d-4e10-8f05-ad766f8e3393',
          email: 'test31770165335565@example.com'
        }
      }

      at Logger.info (src/utils/logger.ts:49:13)

    console.error
      [ERROR] {
        level: 'error',
        message: 'Email ou mot de passe incorrect',
        timestamp: '2026-02-04T00:35:37.949Z',
        context: { path: '/api/auth/login', method: 'POST', statusCode: 401 
},
        error: {
          name: 'Error',
          message: 'Email ou mot de passe incorrect',
          stack: 'Error: Email ou mot de passe incorrect\n' +
            '    at AuthService.login (C:\\Users\\Hp\\Downloads\\AfriConnect
\\backend\\src\\services\\auth.service.ts:86:26)\n' +
            '    at C:\\Users\\Hp\\Downloads\\AfriConnect\\backend\\src\\rou
tes\\auth.routes.ts:34:20'
        }
      }

    [0m [90m 23 |[39m     }[33m;[39m
     [90m 24 |[39m
    [31m[1m>[22m[39m[90m 25 |[39m     
console[33m.[39merror([32m'[ERROR]'[39m[33m,[39m logData)[33m;[39m
     [90m    |[39m             [31m[1m^[22m[39m
     [90m 26 |[39m     [36mreturn[39m logData[33m;[39m
     [90m 27 |[39m   }
     [90m 28 |[39m[0m

      at Logger.error (src/utils/logger.ts:25:13)
      at errorHandler (src/middleware/errorHandler.ts:18:10)
      at Layer.handle_error (node_modules/express/lib/router/layer.js:71:5)
      at trim_prefix (node_modules/express/lib/router/index.js:326:13)
      at node_modules/express/lib/router/index.js:286:9
      at Function.process_params 
(node_modules/express/lib/router/index.js:346:12)
      at next (node_modules/express/lib/router/index.js:280:10)
      at node_modules/express/lib/router/index.js:646:15
      at next (node_modules/express/lib/router/index.js:265:14)
      at next (node_modules/express/lib/router/route.js:141:14)
      at src/routes/auth.routes.ts:41:5

    console.log
      [INFO] {
        level: 'info',
        message: 'Utilisateur connect├®',
        timestamp: '2026-02-04T00:35:39.769Z',
        context: {
          userId: '29b99938-6a2b-4976-9f01-4cc6c7140cde',
          email: 'test51770165339394@example.com'
        }
      }

      at Logger.info (src/utils/logger.ts:49:13)

    console.log
      [INFO] {
        level: 'info',
        message: 'Utilisateur connect├®',
        timestamp: '2026-02-04T00:35:42.663Z',
        context: {
          userId: '81ec8b6d-a3d7-45d3-8e6e-3a6e2ce6f09c',
          email: 'test61770165342251@example.com'
        }
      }

      at Logger.info (src/utils/logger.ts:49:13)

    console.error
      [ERROR] {
        level: 'error',
        message: 'Email ou mot de passe incorrect',
        timestamp: '2026-02-04T00:35:44.558Z',
        context: { path: '/api/auth/login', method: 'POST', statusCode: 401 
},
        error: {
          name: 'Error',
          message: 'Email ou mot de passe incorrect',
          stack: 'Error: Email ou mot de passe incorrect\n' +
            '    at AuthService.login (C:\\Users\\Hp\\Downloads\\AfriConnect
\\backend\\src\\services\\auth.service.ts:86:26)\n' +
            '    at C:\\Users\\Hp\\Downloads\\AfriConnect\\backend\\src\\rou
tes\\auth.routes.ts:34:20'
        }
      }

    [0m [90m 23 |[39m     }[33m;[39m
     [90m 24 |[39m
    [31m[1m>[22m[39m[90m 25 |[39m     
console[33m.[39merror([32m'[ERROR]'[39m[33m,[39m logData)[33m;[39m
     [90m    |[39m             [31m[1m^[22m[39m
     [90m 26 |[39m     [36mreturn[39m logData[33m;[39m
     [90m 27 |[39m   }
     [90m 28 |[39m[0m

      at Logger.error (src/utils/logger.ts:25:13)
      at errorHandler (src/middleware/errorHandler.ts:18:10)
      at Layer.handle_error (node_modules/express/lib/router/layer.js:71:5)
      at trim_prefix (node_modules/express/lib/router/index.js:326:13)
      at node_modules/express/lib/router/index.js:286:9
      at Function.process_params 
(node_modules/express/lib/router/index.js:346:12)
      at next (node_modules/express/lib/router/index.js:280:10)
      at node_modules/express/lib/router/index.js:646:15
      at next (node_modules/express/lib/router/index.js:265:14)
      at next (node_modules/express/lib/router/route.js:141:14)
      at src/routes/auth.routes.ts:41:5

    console.error
      [ERROR] {
        level: 'error',
        message: 'Email ou mot de passe incorrect',
        timestamp: '2026-02-04T00:35:46.531Z',
        context: { path: '/api/auth/login', method: 'POST', statusCode: 401 
},
        error: {
          name: 'Error',
          message: 'Email ou mot de passe incorrect',
          stack: 'Error: Email ou mot de passe incorrect\n' +
            '    at AuthService.login (C:\\Users\\Hp\\Downloads\\AfriConnect
\\backend\\src\\services\\auth.service.ts:86:26)\n' +
            '    at C:\\Users\\Hp\\Downloads\\AfriConnect\\backend\\src\\rou
tes\\auth.routes.ts:34:20'
        }
      }

    [0m [90m 23 |[39m     }[33m;[39m
     [90m 24 |[39m
    [31m[1m>[22m[39m[90m 25 |[39m     
console[33m.[39merror([32m'[ERROR]'[39m[33m,[39m logData)[33m;[39m
     [90m    |[39m             [31m[1m^[22m[39m
     [90m 26 |[39m     [36mreturn[39m logData[33m;[39m
     [90m 27 |[39m   }
     [90m 28 |[39m[0m

      at Logger.error (src/utils/logger.ts:25:13)
      at errorHandler (src/middleware/errorHandler.ts:18:10)
      at Layer.handle_error (node_modules/express/lib/router/layer.js:71:5)
      at trim_prefix (node_modules/express/lib/router/index.js:326:13)
      at node_modules/express/lib/router/index.js:286:9
      at Function.process_params 
(node_modules/express/lib/router/index.js:346:12)
      at next (node_modules/express/lib/router/index.js:280:10)
      at node_modules/express/lib/router/index.js:646:15
      at next (node_modules/express/lib/router/index.js:265:14)
      at next (node_modules/express/lib/router/route.js:141:14)
      at src/routes/auth.routes.ts:41:5

    console.error
      [ERROR] {
        level: 'error',
        message: 'Email ou mot de passe incorrect',
        timestamp: '2026-02-04T00:35:48.116Z',
        context: { path: '/api/auth/login', method: 'POST', statusCode: 401 
},
        error: {
          name: 'Error',
          message: 'Email ou mot de passe incorrect',
          stack: 'Error: Email ou mot de passe incorrect\n' +
            '    at AuthService.login (C:\\Users\\Hp\\Downloads\\AfriConnect
\\backend\\src\\services\\auth.service.ts:86:26)\n' +
            '    at C:\\Users\\Hp\\Downloads\\AfriConnect\\backend\\src\\rou
tes\\auth.routes.ts:34:20'
        }
      }

    [0m [90m 23 |[39m     }[33m;[39m
     [90m 24 |[39m
    [31m[1m>[22m[39m[90m 25 |[39m     
console[33m.[39merror([32m'[ERROR]'[39m[33m,[39m logData)[33m;[39m
     [90m    |[39m             [31m[1m^[22m[39m
     [90m 26 |[39m     [36mreturn[39m logData[33m;[39m
     [90m 27 |[39m   }
     [90m 28 |[39m[0m

      at Logger.error (src/utils/logger.ts:25:13)
      at errorHandler (src/middleware/errorHandler.ts:18:10)
      at Layer.handle_error (node_modules/express/lib/router/layer.js:71:5)
      at trim_prefix (node_modules/express/lib/router/index.js:326:13)
      at node_modules/express/lib/router/index.js:286:9
      at Function.process_params 
(node_modules/express/lib/router/index.js:346:12)
      at next (node_modules/express/lib/router/index.js:280:10)
      at node_modules/express/lib/router/index.js:646:15
      at next (node_modules/express/lib/router/index.js:265:14)
      at next (node_modules/express/lib/router/route.js:141:14)
      at src/routes/auth.routes.ts:41:5

    console.log
      [INFO] {
        level: 'info',
        message: 'Utilisateur connect├®',
        timestamp: '2026-02-04T00:35:49.822Z',
        context: {
          userId: 'fb0f2170-5460-4496-9669-bc78603bcdb5',
          email: 'test101770165349468@example.com'
        }
      }

      at Logger.info (src/utils/logger.ts:49:13)

    console.log
      [INFO] {
        level: 'info',
        message: 'Utilisateur connect├®',
        timestamp: '2026-02-04T00:35:53.289Z',
        context: {
          userId: '9a54d12f-602d-4b02-8fd7-677607918608',
          email: 'test111770165352907@example.com'
        }
      }

      at Logger.info (src/utils/logger.ts:49:13)

    console.log
      [INFO] {
        level: 'info',
        message: 'Utilisateur connect├®',
        timestamp: '2026-02-04T00:35:55.999Z',
        context: {
          userId: '3b795920-733f-49b1-a493-49e4c3a14dd7',
          email: 'test121770165355638@example.com'
        }
      }

      at Logger.info (src/utils/logger.ts:49:13)

    console.error
      [ERROR] {
        level: 'error',
        message: 'Le contenu du commentaire ne peut pas ├¬tre vide',
        timestamp: '2026-02-04T00:35:56.236Z',
        context: {
          path: '/api/videos/574bfc8f-1923-43b2-8ddb-4cde1d24aff5/comment',
          method: 'POST',
          statusCode: 400
        },
        error: {
          name: 'Error',
          message: 'Le contenu du commentaire ne peut pas ├¬tre vide',
          stack: 'Error: Le contenu du commentaire ne peut pas ├¬tre 
vide\n' +
            '    at VideoService.addComment (C:\\Users\\Hp\\Downloads\\AfriC
onnect\\backend\\src\\services\\video.service.ts:330:26)\n' +
            '    at C:\\Users\\Hp\\Downloads\\AfriConnect\\backend\\src\\rou
tes\\videos.routes.ts:132:40\n' +
            '    at Layer.handle [as handle_request] (C:\\Users\\Hp\\Downloa
ds\\AfriConnect\\backend\\node_modules\\express\\lib\\router\\layer.js:95:5)
\n' +
            '    at next (C:\\Users\\Hp\\Downloads\\AfriConnect\\backend\\no
de_modules\\express\\lib\\router\\route.js:149:13)\n' +
            '    at authenticate (C:\\Users\\Hp\\Downloads\\AfriConnect\\bac
kend\\src\\middleware\\auth.ts:64:5)'
        }
      }

    [0m [90m 23 |[39m     }[33m;[39m
     [90m 24 |[39m
    [31m[1m>[22m[39m[90m 25 |[39m     
console[33m.[39merror([32m'[ERROR]'[39m[33m,[39m logData)[33m;[39m
     [90m    |[39m             [31m[1m^[22m[39m
     [90m 26 |[39m     [36mreturn[39m logData[33m;[39m
     [90m 27 |[39m   }
     [90m 28 |[39m[0m

      at Logger.error (src/utils/logger.ts:25:13)
      at errorHandler (src/middleware/errorHandler.ts:18:10)
      at Layer.handle_error (node_modules/express/lib/router/layer.js:71:5)
      at trim_prefix (node_modules/express/lib/router/index.js:326:13)
      at node_modules/express/lib/router/index.js:286:9
      at Function.process_params 
(node_modules/express/lib/router/index.js:346:12)
      at next (node_modules/express/lib/router/index.js:280:10)
      at node_modules/express/lib/router/index.js:646:15
      at next (node_modules/express/lib/router/index.js:265:14)
      at next (node_modules/express/lib/router/route.js:141:14)
      at src/routes/videos.routes.ts:139:5

    console.log
      [INFO] {
        level: 'info',
        message: 'Utilisateur connect├®',
        timestamp: '2026-02-04T00:35:58.825Z',
        context: {
          userId: '46562254-850c-48ff-ad1b-da9daa2997a1',
          email: 'test131770165357843@example.com'
        }
      }

      at Logger.info (src/utils/logger.ts:49:13)

  ÔùÅ Videos API ÔÇ║ GET /api/videos ÔÇ║ ne devrait pas retourner les 
vid├®os avec example.com

    TypeError: Cannot read properties of undefined (reading 'accessToken')

    [0m [90m 32 |[39m       })[33m;[39m
     [90m 33 |[39m
    [31m[1m>[22m[39m[90m 34 |[39m     authToken [33m=[39m 
loginResponse[33m.[39mbody[33m.[39mdata[33m.[39maccessToken[33m;[39m
     [90m    |[39m                                         
[31m[1m^[22m[39m
     [90m 35 |[39m
     [90m 36 |[39m     [90m// Cr├®er une vid├®o de test (sans 
example.com car filtr├®)[39m
     [90m 37 |[39m     testVideo [33m=[39m [36mawait[39m 
prisma[33m.[39mvideo[33m.[39mcreate({[0m

      at Object.<anonymous> (__tests__/videos.test.ts:34:41)

  ÔùÅ Videos API ÔÇ║ GET /api/videos ÔÇ║ devrait supporter la pagination

    PrismaClientKnownRequestError: 
    Invalid `prisma.video.create()` invocation in
    C:\Users\Hp\Downloads\AfriConnect\backend\__tests__\videos.test.ts:37:36

      34 authToken = loginResponse.body.data.accessToken;
      35 
      36 // Cr├®er une vid├®o de test (sans example.com car filtr├®)
    ÔåÆ 37 testVideo = await prisma.video.create(
    Foreign key constraint violated: `Video_creator_id_fkey (index)`

    [0m [90m 35 |[39m
     [90m 36 |[39m     [90m// Cr├®er une vid├®o de test (sans 
example.com car filtr├®)[39m
    [31m[1m>[22m[39m[90m 37 |[39m     testVideo [33m=[39m 
[36mawait[39m prisma[33m.[39mvideo[33m.[39mcreate({
     [90m    |[39m                 [31m[1m^[22m[39m
     [90m 38 |[39m       data[33m:[39m {
     [90m 39 |[39m         title[33m:[39m [32m'Test 
Video'[39m[33m,[39m
     [90m 40 |[39m         description[33m:[39m [32m'Test 
Description'[39m[33m,[39m[0m

      at $n.handleRequestError 
(node_modules/@prisma/client/runtime/library.js:121:7315)
      at $n.handleAndLogRequestError 
(node_modules/@prisma/client/runtime/library.js:121:6623)
      at $n.request 
(node_modules/@prisma/client/runtime/library.js:121:6307)
      at l (node_modules/@prisma/client/runtime/library.js:130:9633)
      at Object.<anonymous> (__tests__/videos.test.ts:37:17)

  ÔùÅ Videos API ÔÇ║ GET /api/videos/:id ÔÇ║ devrait retourner les d├®tails 
d'une vid├®o

    TypeError: Cannot read properties of undefined (reading 'accessToken')

    [0m [90m 32 |[39m       })[33m;[39m
     [90m 33 |[39m
    [31m[1m>[22m[39m[90m 34 |[39m     authToken [33m=[39m 
loginResponse[33m.[39mbody[33m.[39mdata[33m.[39maccessToken[33m;[39m
     [90m    |[39m                                         
[31m[1m^[22m[39m
     [90m 35 |[39m
     [90m 36 |[39m     [90m// Cr├®er une vid├®o de test (sans 
example.com car filtr├®)[39m
     [90m 37 |[39m     testVideo [33m=[39m [36mawait[39m 
prisma[33m.[39mvideo[33m.[39mcreate({[0m

      at Object.<anonymous> (__tests__/videos.test.ts:34:41)

  ÔùÅ Videos API ÔÇ║ GET /api/videos/:id ÔÇ║ devrait retourner 404 pour une 
vid├®o inexistante

    PrismaClientKnownRequestError: 
    Invalid `prisma.video.create()` invocation in
    C:\Users\Hp\Downloads\AfriConnect\backend\__tests__\videos.test.ts:37:36

      34 authToken = loginResponse.body.data.accessToken;
      35 
      36 // Cr├®er une vid├®o de test (sans example.com car filtr├®)
    ÔåÆ 37 testVideo = await prisma.video.create(
    Foreign key constraint violated: `Video_creator_id_fkey (index)`

    [0m [90m 35 |[39m
     [90m 36 |[39m     [90m// Cr├®er une vid├®o de test (sans 
example.com car filtr├®)[39m
    [31m[1m>[22m[39m[90m 37 |[39m     testVideo [33m=[39m 
[36mawait[39m prisma[33m.[39mvideo[33m.[39mcreate({
     [90m    |[39m                 [31m[1m^[22m[39m
     [90m 38 |[39m       data[33m:[39m {
     [90m 39 |[39m         title[33m:[39m [32m'Test 
Video'[39m[33m,[39m
     [90m 40 |[39m         description[33m:[39m [32m'Test 
Description'[39m[33m,[39m[0m

      at $n.handleRequestError 
(node_modules/@prisma/client/runtime/library.js:121:7315)
      at $n.handleAndLogRequestError 
(node_modules/@prisma/client/runtime/library.js:121:6623)
      at $n.request 
(node_modules/@prisma/client/runtime/library.js:121:6307)
      at l (node_modules/@prisma/client/runtime/library.js:130:9633)
      at Object.<anonymous> (__tests__/videos.test.ts:37:17)

  ÔùÅ Videos API ÔÇ║ POST /api/videos ÔÇ║ devrait cr├®er une nouvelle vid├®o

    PrismaClientKnownRequestError: 
    Invalid `prisma.video.create()` invocation in
    C:\Users\Hp\Downloads\AfriConnect\backend\__tests__\videos.test.ts:37:36

      34 authToken = loginResponse.body.data.accessToken;
      35 
      36 // Cr├®er une vid├®o de test (sans example.com car filtr├®)
    ÔåÆ 37 testVideo = await prisma.video.create(
    Foreign key constraint violated: `Video_creator_id_fkey (index)`

    [0m [90m 35 |[39m
     [90m 36 |[39m     [90m// Cr├®er une vid├®o de test (sans 
example.com car filtr├®)[39m
    [31m[1m>[22m[39m[90m 37 |[39m     testVideo [33m=[39m 
[36mawait[39m prisma[33m.[39mvideo[33m.[39mcreate({
     [90m    |[39m                 [31m[1m^[22m[39m
     [90m 38 |[39m       data[33m:[39m {
     [90m 39 |[39m         title[33m:[39m [32m'Test 
Video'[39m[33m,[39m
     [90m 40 |[39m         description[33m:[39m [32m'Test 
Description'[39m[33m,[39m[0m

      at $n.handleRequestError 
(node_modules/@prisma/client/runtime/library.js:121:7315)
      at $n.handleAndLogRequestError 
(node_modules/@prisma/client/runtime/library.js:121:6623)
      at $n.request 
(node_modules/@prisma/client/runtime/library.js:121:6307)
      at l (node_modules/@prisma/client/runtime/library.js:130:9633)
      at Object.<anonymous> (__tests__/videos.test.ts:37:17)

  ÔùÅ Videos API ÔÇ║ POST /api/videos ÔÇ║ devrait rejeter une vid├®o sans 
titre

    TypeError: Cannot read properties of undefined (reading 'accessToken')

    [0m [90m 32 |[39m       })[33m;[39m
     [90m 33 |[39m
    [31m[1m>[22m[39m[90m 34 |[39m     authToken [33m=[39m 
loginResponse[33m.[39mbody[33m.[39mdata[33m.[39maccessToken[33m;[39m
     [90m    |[39m                                         
[31m[1m^[22m[39m
     [90m 35 |[39m
     [90m 36 |[39m     [90m// Cr├®er une vid├®o de test (sans 
example.com car filtr├®)[39m
     [90m 37 |[39m     testVideo [33m=[39m [36mawait[39m 
prisma[33m.[39mvideo[33m.[39mcreate({[0m

      at Object.<anonymous> (__tests__/videos.test.ts:34:41)

  ÔùÅ Videos API ÔÇ║ POST /api/videos ÔÇ║ devrait rejeter une requ├¬te non 
authentifi├®e

    TypeError: Cannot read properties of undefined (reading 'accessToken')

    [0m [90m 32 |[39m       })[33m;[39m
     [90m 33 |[39m
    [31m[1m>[22m[39m[90m 34 |[39m     authToken [33m=[39m 
loginResponse[33m.[39mbody[33m.[39mdata[33m.[39maccessToken[33m;[39m
     [90m    |[39m                                         
[31m[1m^[22m[39m
     [90m 35 |[39m
     [90m 36 |[39m     [90m// Cr├®er une vid├®o de test (sans 
example.com car filtr├®)[39m
     [90m 37 |[39m     testVideo [33m=[39m [36mawait[39m 
prisma[33m.[39mvideo[33m.[39mcreate({[0m

      at Object.<anonymous> (__tests__/videos.test.ts:34:41)

  ÔùÅ Videos API ÔÇ║ POST /api/videos/:id/like ÔÇ║ devrait liker une vid├®o

    TypeError: Cannot read properties of undefined (reading 'accessToken')

    [0m [90m 32 |[39m       })[33m;[39m
     [90m 33 |[39m
    [31m[1m>[22m[39m[90m 34 |[39m     authToken [33m=[39m 
loginResponse[33m.[39mbody[33m.[39mdata[33m.[39maccessToken[33m;[39m
     [90m    |[39m                                         
[31m[1m^[22m[39m
     [90m 35 |[39m
     [90m 36 |[39m     [90m// Cr├®er une vid├®o de test (sans 
example.com car filtr├®)[39m
     [90m 37 |[39m     testVideo [33m=[39m [36mawait[39m 
prisma[33m.[39mvideo[33m.[39mcreate({[0m

      at Object.<anonymous> (__tests__/videos.test.ts:34:41)

Test Suites: 4 failed, 4 total
Tests:       25 failed, 14 passed, 39 total
Snapshots:   0 total
Time:        54.481 s
Ran all test suites.
