
> africonnect-backend@1.0.0 test
> cross-env NODE_ENV=test node --experimental-vm-modules node_modules/jest/bin/jest.js --config jest.config.js

node.exe : ts-jest[config] (WARN) 
Au caractère C:\Users\Hp\AppData\Roaming\npm\npm.ps1:24 : 5
+     & "node$exe"  "$basedir/node_modules/npm/bin/npm-cli.js" $args
+     ~~~~~~~~~~~~~~~~~~~~~~~~~~~~~~~~~~~~~~~~~~~~~~~~~~~~~~~~~~~~~~
    + CategoryInfo          : NotSpecified: (ts-jest[config] (WARN) :String 
   ) [], RemoteException
    + FullyQualifiedErrorId : NativeCommandError
 
    The "ts-jest" config option "isolatedModules" is deprecated and will be 
removed in v30.0.0. Please use "isolatedModules: true" in 
C:/Users/Hp/Downloads/AfriConnect/backend/tsconfig.json instead, see 
https://www.typescriptlang.org/tsconfig/#isolatedModules
  
ts-jest[config] (WARN) 
    The "ts-jest" config option "isolatedModules" is deprecated and will be 
removed in v30.0.0. Please use "isolatedModules: true" in 
C:/Users/Hp/Downloads/AfriConnect/backend/tsconfig.json instead, see 
https://www.typescriptlang.org/tsconfig/#isolatedModules
  
ts-jest[config] (WARN) 
    The "ts-jest" config option "isolatedModules" is deprecated and will be 
removed in v30.0.0. Please use "isolatedModules: true" in 
C:/Users/Hp/Downloads/AfriConnect/backend/tsconfig.json instead, see 
https://www.typescriptlang.org/tsconfig/#isolatedModules
  
ts-jest[config] (WARN) 
    The "ts-jest" config option "isolatedModules" is deprecated and will be 
removed in v30.0.0. Please use "isolatedModules: true" in 
C:/Users/Hp/Downloads/AfriConnect/backend/tsconfig.json instead, see 
https://www.typescriptlang.org/tsconfig/#isolatedModules
  
(node:340) ExperimentalWarning: VM Modules is an experimental feature and 
might change at any time
(Use `node --trace-warnings ...` to show where the warning was created)
(node:3424) ExperimentalWarning: VM Modules is an experimental feature and 
might change at any time
(Use `node --trace-warnings ...` to show where the warning was created)
(node:24152) ExperimentalWarning: VM Modules is an experimental feature and 
might change at any time
(Use `node --trace-warnings ...` to show where the warning was created)
(node:17608) ExperimentalWarning: VM Modules is an experimental feature and 
might change at any time
(Use `node --trace-warnings ...` to show where the warning was created)
FAIL __tests__/users.test.ts (34.012 s)
  ÔùÅ Console

    console.log
      [INFO] {
        level: 'info',
        message: 'Ô£à Database connected',
        timestamp: '2026-02-04T00:44:55.376Z',
        context: undefined
      }

      at Logger.info (src/utils/logger.ts:49:13)

    console.log
      [INFO] {
        level: 'info',
        message: 'Utilisateur connect├®',
        timestamp: '2026-02-04T00:44:57.313Z',
        context: {
          userId: '5e74485a-fb3e-4c2a-a467-4a2eeabb150c',
          email: 'test11770165895263@example.com'
        }
      }

      at Logger.info (src/utils/logger.ts:49:13)

    console.log
      [INFO] {
        level: 'info',
        message: 'Utilisateur connect├®',
        timestamp: '2026-02-04T00:45:01.790Z',
        context: {
          userId: '21a2aa0b-18c8-4628-8f69-57626fe15439',
          email: 'test21770165901062@example.com'
        }
      }

      at Logger.info (src/utils/logger.ts:49:13)

    console.error
      [ERROR] {
        level: 'error',
        message: 'Utilisateur non trouv├®',
        timestamp: '2026-02-04T00:45:02.238Z',
        context: {
          path: '/api/users/non-existent-id',
          method: 'GET',
          statusCode: 404
        },
        error: {
          name: 'Error',
          message: 'Utilisateur non trouv├®',
          stack: 'Error: Utilisateur non trouv├®\n' +
            '    at UserService.getById (C:\\Users\\Hp\\Downloads\\AfriConne
ct\\backend\\src\\services\\user.service.ts:70:26)\n' +
            '    at C:\\Users\\Hp\\Downloads\\AfriConnect\\backend\\src\\rou
tes\\users.routes.ts:24:18'
        }
      }

    [0m [90m 23 |[39m     }[33m;[39m
     [90m 24 |[39m
    [31m[1m>[22m[39m[90m 25 |[39m     
console[33m.[39merror([32m'[ERROR]'[39m[33m,[39m logData)[33m;[39m
     [90m    |[39m             [31m[1m^[22m[39m
     [90m 26 |[39m     [36mreturn[39m logData[33m;[39m
     [90m 27 |[39m   }
     [90m 28 |[39m[0m

      at Logger.error (src/utils/logger.ts:25:13)
      at errorHandler (src/middleware/errorHandler.ts:18:10)
      at Layer.handle_error (node_modules/express/lib/router/layer.js:71:5)
      at trim_prefix (node_modules/express/lib/router/index.js:326:13)
      at node_modules/express/lib/router/index.js:286:9
      at Function.process_params 
(node_modules/express/lib/router/index.js:346:12)
      at next (node_modules/express/lib/router/index.js:280:10)
      at node_modules/express/lib/router/index.js:646:15
      at next (node_modules/express/lib/router/index.js:265:14)
      at next (node_modules/express/lib/router/route.js:141:14)
      at src/routes/users.routes.ts:27:5

    console.error
      [ERROR] {
        level: 'error',
        message: 'Email ou mot de passe incorrect',
        timestamp: '2026-02-04T00:45:04.257Z',
        context: { path: '/api/auth/login', method: 'POST', statusCode: 401 
},
        error: {
          name: 'Error',
          message: 'Email ou mot de passe incorrect',
          stack: 'Error: Email ou mot de passe incorrect\n' +
            '    at AuthService.login (C:\\Users\\Hp\\Downloads\\AfriConnect
\\backend\\src\\services\\auth.service.ts:86:26)\n' +
            '    at C:\\Users\\Hp\\Downloads\\AfriConnect\\backend\\src\\rou
tes\\auth.routes.ts:34:20'
        }
      }

    [0m [90m 23 |[39m     }[33m;[39m
     [90m 24 |[39m
    [31m[1m>[22m[39m[90m 25 |[39m     
console[33m.[39merror([32m'[ERROR]'[39m[33m,[39m logData)[33m;[39m
     [90m    |[39m             [31m[1m^[22m[39m
     [90m 26 |[39m     [36mreturn[39m logData[33m;[39m
     [90m 27 |[39m   }
     [90m 28 |[39m[0m

      at Logger.error (src/utils/logger.ts:25:13)
      at errorHandler (src/middleware/errorHandler.ts:18:10)
      at Layer.handle_error (node_modules/express/lib/router/layer.js:71:5)
      at trim_prefix (node_modules/express/lib/router/index.js:326:13)
      at node_modules/express/lib/router/index.js:286:9
      at Function.process_params 
(node_modules/express/lib/router/index.js:346:12)
      at next (node_modules/express/lib/router/index.js:280:10)
      at node_modules/express/lib/router/index.js:646:15
      at next (node_modules/express/lib/router/index.js:265:14)
      at next (node_modules/express/lib/router/route.js:141:14)
      at src/routes/auth.routes.ts:41:5

    console.error
      [ERROR] {
        level: 'error',
        message: 'Email ou mot de passe incorrect',
        timestamp: '2026-02-04T00:45:06.067Z',
        context: { path: '/api/auth/login', method: 'POST', statusCode: 401 
},
        error: {
          name: 'Error',
          message: 'Email ou mot de passe incorrect',
          stack: 'Error: Email ou mot de passe incorrect\n' +
            '    at AuthService.login (C:\\Users\\Hp\\Downloads\\AfriConnect
\\backend\\src\\services\\auth.service.ts:86:26)\n' +
            '    at C:\\Users\\Hp\\Downloads\\AfriConnect\\backend\\src\\rou
tes\\auth.routes.ts:34:20'
        }
      }

    [0m [90m 23 |[39m     }[33m;[39m
     [90m 24 |[39m
    [31m[1m>[22m[39m[90m 25 |[39m     
console[33m.[39merror([32m'[ERROR]'[39m[33m,[39m logData)[33m;[39m
     [90m    |[39m             [31m[1m^[22m[39m
     [90m 26 |[39m     [36mreturn[39m logData[33m;[39m
     [90m 27 |[39m   }
     [90m 28 |[39m[0m

      at Logger.error (src/utils/logger.ts:25:13)
      at errorHandler (src/middleware/errorHandler.ts:18:10)
      at Layer.handle_error (node_modules/express/lib/router/layer.js:71:5)
      at trim_prefix (node_modules/express/lib/router/index.js:326:13)
      at node_modules/express/lib/router/index.js:286:9
      at Function.process_params 
(node_modules/express/lib/router/index.js:346:12)
      at next (node_modules/express/lib/router/index.js:280:10)
      at node_modules/express/lib/router/index.js:646:15
      at next (node_modules/express/lib/router/index.js:265:14)
      at next (node_modules/express/lib/router/route.js:141:14)
      at src/routes/auth.routes.ts:41:5

    console.error
      [ERROR] {
        level: 'error',
        message: 'Email ou mot de passe incorrect',
        timestamp: '2026-02-04T00:45:07.935Z',
        context: { path: '/api/auth/login', method: 'POST', statusCode: 401 
},
        error: {
          name: 'Error',
          message: 'Email ou mot de passe incorrect',
          stack: 'Error: Email ou mot de passe incorrect\n' +
            '    at AuthService.login (C:\\Users\\Hp\\Downloads\\AfriConnect
\\backend\\src\\services\\auth.service.ts:86:26)\n' +
            '    at C:\\Users\\Hp\\Downloads\\AfriConnect\\backend\\src\\rou
tes\\auth.routes.ts:34:20'
        }
      }

    [0m [90m 23 |[39m     }[33m;[39m
     [90m 24 |[39m
    [31m[1m>[22m[39m[90m 25 |[39m     
console[33m.[39merror([32m'[ERROR]'[39m[33m,[39m logData)[33m;[39m
     [90m    |[39m             [31m[1m^[22m[39m
     [90m 26 |[39m     [36mreturn[39m logData[33m;[39m
     [90m 27 |[39m   }
     [90m 28 |[39m[0m

      at Logger.error (src/utils/logger.ts:25:13)
      at errorHandler (src/middleware/errorHandler.ts:18:10)
      at Layer.handle_error (node_modules/express/lib/router/layer.js:71:5)
      at trim_prefix (node_modules/express/lib/router/index.js:326:13)
      at node_modules/express/lib/router/index.js:286:9
      at Function.process_params 
(node_modules/express/lib/router/index.js:346:12)
      at next (node_modules/express/lib/router/index.js:280:10)
      at node_modules/express/lib/router/index.js:646:15
      at next (node_modules/express/lib/router/index.js:265:14)
      at next (node_modules/express/lib/router/route.js:141:14)
      at src/routes/auth.routes.ts:41:5

    console.error
      [ERROR] {
        level: 'error',
        message: 'Email ou mot de passe incorrect',
        timestamp: '2026-02-04T00:45:09.906Z',
        context: { path: '/api/auth/login', method: 'POST', statusCode: 401 
},
        error: {
          name: 'Error',
          message: 'Email ou mot de passe incorrect',
          stack: 'Error: Email ou mot de passe incorrect\n' +
            '    at AuthService.login (C:\\Users\\Hp\\Downloads\\AfriConnect
\\backend\\src\\services\\auth.service.ts:86:26)\n' +
            '    at C:\\Users\\Hp\\Downloads\\AfriConnect\\backend\\src\\rou
tes\\auth.routes.ts:34:20'
        }
      }

    [0m [90m 23 |[39m     }[33m;[39m
     [90m 24 |[39m
    [31m[1m>[22m[39m[90m 25 |[39m     
console[33m.[39merror([32m'[ERROR]'[39m[33m,[39m logData)[33m;[39m
     [90m    |[39m             [31m[1m^[22m[39m
     [90m 26 |[39m     [36mreturn[39m logData[33m;[39m
     [90m 27 |[39m   }
     [90m 28 |[39m[0m

      at Logger.error (src/utils/logger.ts:25:13)
      at errorHandler (src/middleware/errorHandler.ts:18:10)
      at Layer.handle_error (node_modules/express/lib/router/layer.js:71:5)
      at trim_prefix (node_modules/express/lib/router/index.js:326:13)
      at node_modules/express/lib/router/index.js:286:9
      at Function.process_params 
(node_modules/express/lib/router/index.js:346:12)
      at next (node_modules/express/lib/router/index.js:280:10)
      at node_modules/express/lib/router/index.js:646:15
      at next (node_modules/express/lib/router/index.js:265:14)
      at next (node_modules/express/lib/router/route.js:141:14)
      at src/routes/auth.routes.ts:41:5

    console.error
      [ERROR] {
        level: 'error',
        message: 'Email ou mot de passe incorrect',
        timestamp: '2026-02-04T00:45:12.299Z',
        context: { path: '/api/auth/login', method: 'POST', statusCode: 401 
},
        error: {
          name: 'Error',
          message: 'Email ou mot de passe incorrect',
          stack: 'Error: Email ou mot de passe incorrect\n' +
            '    at AuthService.login (C:\\Users\\Hp\\Downloads\\AfriConnect
\\backend\\src\\services\\auth.service.ts:86:26)\n' +
            '    at C:\\Users\\Hp\\Downloads\\AfriConnect\\backend\\src\\rou
tes\\auth.routes.ts:34:20'
        }
      }

    [0m [90m 23 |[39m     }[33m;[39m
     [90m 24 |[39m
    [31m[1m>[22m[39m[90m 25 |[39m     
console[33m.[39merror([32m'[ERROR]'[39m[33m,[39m logData)[33m;[39m
     [90m    |[39m             [31m[1m^[22m[39m
     [90m 26 |[39m     [36mreturn[39m logData[33m;[39m
     [90m 27 |[39m   }
     [90m 28 |[39m[0m

      at Logger.error (src/utils/logger.ts:25:13)
      at errorHandler (src/middleware/errorHandler.ts:18:10)
      at Layer.handle_error (node_modules/express/lib/router/layer.js:71:5)
      at trim_prefix (node_modules/express/lib/router/index.js:326:13)
      at node_modules/express/lib/router/index.js:286:9
      at Function.process_params 
(node_modules/express/lib/router/index.js:346:12)
      at next (node_modules/express/lib/router/index.js:280:10)
      at node_modules/express/lib/router/index.js:646:15
      at next (node_modules/express/lib/router/index.js:265:14)
      at next (node_modules/express/lib/router/route.js:141:14)
      at src/routes/auth.routes.ts:41:5

  ÔùÅ Users API ÔÇ║ POST /api/users/:id/follow ÔÇ║ devrait suivre un 
utilisateur

    TypeError: Cannot read properties of undefined (reading 'accessToken')

    [0m [90m 43 |[39m       })[33m;[39m
     [90m 44 |[39m
    [31m[1m>[22m[39m[90m 45 |[39m     authToken [33m=[39m 
loginResponse[33m.[39mbody[33m.[39mdata[33m.[39maccessToken[33m;[39m
     [90m    |[39m                                         
[31m[1m^[22m[39m
     [90m 46 |[39m   })[33m;[39m
     [90m 47 |[39m
     [90m 48 |[39m   afterEach([36masync[39m () [33m=>[39m {[0m

      at Object.<anonymous> (__tests__/users.test.ts:45:41)

  ÔùÅ Users API ÔÇ║ POST /api/users/:id/follow ÔÇ║ devrait unfollow un 
utilisateur d├®j├á suivi

    TypeError: Cannot read properties of undefined (reading 'accessToken')

    [0m [90m 43 |[39m       })[33m;[39m
     [90m 44 |[39m
    [31m[1m>[22m[39m[90m 45 |[39m     authToken [33m=[39m 
loginResponse[33m.[39mbody[33m.[39mdata[33m.[39maccessToken[33m;[39m
     [90m    |[39m                                         
[31m[1m^[22m[39m
     [90m 46 |[39m   })[33m;[39m
     [90m 47 |[39m
     [90m 48 |[39m   afterEach([36masync[39m () [33m=>[39m {[0m

      at Object.<anonymous> (__tests__/users.test.ts:45:41)

  ÔùÅ Users API ÔÇ║ POST /api/users/:id/follow ÔÇ║ ne devrait pas permettre 
de se suivre soi-m├¬me

    TypeError: Cannot read properties of undefined (reading 'accessToken')

    [0m [90m 43 |[39m       })[33m;[39m
     [90m 44 |[39m
    [31m[1m>[22m[39m[90m 45 |[39m     authToken [33m=[39m 
loginResponse[33m.[39mbody[33m.[39mdata[33m.[39maccessToken[33m;[39m
     [90m    |[39m                                         
[31m[1m^[22m[39m
     [90m 46 |[39m   })[33m;[39m
     [90m 47 |[39m
     [90m 48 |[39m   afterEach([36masync[39m () [33m=>[39m {[0m

      at Object.<anonymous> (__tests__/users.test.ts:45:41)

  ÔùÅ Users API ÔÇ║ GET /api/users/:id/followers ÔÇ║ devrait retourner la 
liste des followers

    TypeError: Cannot read properties of undefined (reading 'accessToken')

    [0m [90m 43 |[39m       })[33m;[39m
     [90m 44 |[39m
    [31m[1m>[22m[39m[90m 45 |[39m     authToken [33m=[39m 
loginResponse[33m.[39mbody[33m.[39mdata[33m.[39maccessToken[33m;[39m
     [90m    |[39m                                         
[31m[1m^[22m[39m
     [90m 46 |[39m   })[33m;[39m
     [90m 47 |[39m
     [90m 48 |[39m   afterEach([36masync[39m () [33m=>[39m {[0m

      at Object.<anonymous> (__tests__/users.test.ts:45:41)

  ÔùÅ Users API ÔÇ║ GET /api/users/:id/following ÔÇ║ devrait retourner la 
liste des utilisateurs suivis

    TypeError: Cannot read properties of undefined (reading 'accessToken')

    [0m [90m 43 |[39m       })[33m;[39m
     [90m 44 |[39m
    [31m[1m>[22m[39m[90m 45 |[39m     authToken [33m=[39m 
loginResponse[33m.[39mbody[33m.[39mdata[33m.[39maccessToken[33m;[39m
     [90m    |[39m                                         
[31m[1m^[22m[39m
     [90m 46 |[39m   })[33m;[39m
     [90m 47 |[39m
     [90m 48 |[39m   afterEach([36masync[39m () [33m=>[39m {[0m

      at Object.<anonymous> (__tests__/users.test.ts:45:41)

FAIL __tests__/products.test.ts (35.628 s)
  ÔùÅ Console

    console.log
      [INFO] {
        level: 'info',
        message: 'Ô£à Database connected',
        timestamp: '2026-02-04T00:44:55.362Z',
        context: undefined
      }

      at Logger.info (src/utils/logger.ts:49:13)

    console.log
      [INFO] {
        level: 'info',
        message: 'Utilisateur connect├®',
        timestamp: '2026-02-04T00:44:57.310Z',
        context: {
          userId: 'af36bcd5-5caf-4736-b984-d88d2cdcbda5',
          email: 'test11770165895843@example.com'
        }
      }

      at Logger.info (src/utils/logger.ts:49:13)

    console.log
      prisma:error 
      Invalid `prisma.product.findMany()` invocation in
      C:\Users\Hp\Downloads\AfriConnect\backend\src\services\product.service
.ts:35:22
      
        32 }
        33 
        34 const [products, total] = await Promise.all([
      ÔåÆ 35   prisma.product.findMany(
      Inconsistent query result: Field seller is required to return data, 
got `null` instead.

      at Object.mc (node_modules/@prisma/client/runtime/library.js:21:432)
          at async Promise.all (index 0)

    console.error
      [ERROR] {
        level: 'error',
        message: '\n' +
          'Invalid `prisma.product.findMany()` invocation in\n' +
          'C:\\Users\\Hp\\Downloads\\AfriConnect\\backend\\src\\services\\pr
oduct.service.ts:35:22\n' +
          '\n' +
          '  32 }\n' +
          '  33 \n' +
          '  34 const [products, total] = await Promise.all([\n' +
          'ÔåÆ 35   prisma.product.findMany(\n' +
          'Inconsistent query result: Field seller is required to return 
data, got `null` instead.',
        timestamp: '2026-02-04T00:44:58.326Z',
        context: { path: '/api/products', method: 'GET', statusCode: 500 },
        error: {
          name: 'PrismaClientUnknownRequestError',
          message: '\n' +
            'Invalid `prisma.product.findMany()` invocation in\n' +
            'C:\\Users\\Hp\\Downloads\\AfriConnect\\backend\\src\\services\\
product.service.ts:35:22\n' +
            '\n' +
            '  32 }\n' +
            '  33 \n' +
            '  34 const [products, total] = await Promise.all([\n' +
            'ÔåÆ 35   prisma.product.findMany(\n' +
            'Inconsistent query result: Field seller is required to return 
data, got `null` instead.',
          stack: 'PrismaClientUnknownRequestError: \n' +
            'Invalid `prisma.product.findMany()` invocation in\n' +
            'C:\\Users\\Hp\\Downloads\\AfriConnect\\backend\\src\\services\\
product.service.ts:35:22\n' +
            '\n' +
            '  32 }\n' +
            '  33 \n' +
            '  34 const [products, total] = await Promise.all([\n' +
            'ÔåÆ 35   prisma.product.findMany(\n' +
            'Inconsistent query result: Field seller is required to return 
data, got `null` instead.\n' +
            '    at $n.handleRequestError (C:\\Users\\Hp\\Downloads\\AfriCon
nect\\backend\\node_modules\\@prisma\\client\\runtime\\library.js:121:7505)\
n' +
            '    at $n.handleAndLogRequestError (C:\\Users\\Hp\\Downloads\\A
friConnect\\backend\\node_modules\\@prisma\\client\\runtime\\library.js:121:
6623)\n' +
            '    at $n.request (C:\\Users\\Hp\\Downloads\\AfriConnect\\backe
nd\\node_modules\\@prisma\\client\\runtime\\library.js:121:6307)\n' +
            '    at l (C:\\Users\\Hp\\Downloads\\AfriConnect\\backend\\node_
modules\\@prisma\\client\\runtime\\library.js:130:9633)\n' +
            '    at async Promise.all (index 0)\n' +
            '    at ProductService.list (C:\\Users\\Hp\\Downloads\\AfriConne
ct\\backend\\src\\services\\product.service.ts:34:31)\n' +
            '    at C:\\Users\\Hp\\Downloads\\AfriConnect\\backend\\src\\rou
tes\\products.routes.ts:16:20'
        }
      }

    [0m [90m 23 |[39m     }[33m;[39m
     [90m 24 |[39m
    [31m[1m>[22m[39m[90m 25 |[39m     
console[33m.[39merror([32m'[ERROR]'[39m[33m,[39m logData)[33m;[39m
     [90m    |[39m             [31m[1m^[22m[39m
     [90m 26 |[39m     [36mreturn[39m logData[33m;[39m
     [90m 27 |[39m   }
     [90m 28 |[39m[0m

      at Logger.error (src/utils/logger.ts:25:13)
      at errorHandler (src/middleware/errorHandler.ts:18:10)
      at Layer.handle_error (node_modules/express/lib/router/layer.js:71:5)
      at trim_prefix (node_modules/express/lib/router/index.js:326:13)
      at node_modules/express/lib/router/index.js:286:9
      at Function.process_params 
(node_modules/express/lib/router/index.js:346:12)
      at next (node_modules/express/lib/router/index.js:280:10)
      at node_modules/express/lib/router/index.js:646:15
      at next (node_modules/express/lib/router/index.js:265:14)
      at next (node_modules/express/lib/router/route.js:141:14)
      at src/routes/products.routes.ts:25:5

    console.log
      [INFO] {
        level: 'info',
        message: 'Utilisateur connect├®',
        timestamp: '2026-02-04T00:45:01.778Z',
        context: {
          userId: '6e39c4f1-e7c1-484a-b06d-27a4dc715a55',
          email: 'test21770165901196@example.com'
        }
      }

      at Logger.info (src/utils/logger.ts:49:13)

    console.error
      [ERROR] {
        level: 'error',
        message: 'Email ou mot de passe incorrect',
        timestamp: '2026-02-04T00:45:03.976Z',
        context: { path: '/api/auth/login', method: 'POST', statusCode: 401 
},
        error: {
          name: 'Error',
          message: 'Email ou mot de passe incorrect',
          stack: 'Error: Email ou mot de passe incorrect\n' +
            '    at AuthService.login (C:\\Users\\Hp\\Downloads\\AfriConnect
\\backend\\src\\services\\auth.service.ts:86:26)\n' +
            '    at C:\\Users\\Hp\\Downloads\\AfriConnect\\backend\\src\\rou
tes\\auth.routes.ts:34:20'
        }
      }

    [0m [90m 23 |[39m     }[33m;[39m
     [90m 24 |[39m
    [31m[1m>[22m[39m[90m 25 |[39m     
console[33m.[39merror([32m'[ERROR]'[39m[33m,[39m logData)[33m;[39m
     [90m    |[39m             [31m[1m^[22m[39m
     [90m 26 |[39m     [36mreturn[39m logData[33m;[39m
     [90m 27 |[39m   }
     [90m 28 |[39m[0m

      at Logger.error (src/utils/logger.ts:25:13)
      at errorHandler (src/middleware/errorHandler.ts:18:10)
      at Layer.handle_error (node_modules/express/lib/router/layer.js:71:5)
      at trim_prefix (node_modules/express/lib/router/index.js:326:13)
      at node_modules/express/lib/router/index.js:286:9
      at Function.process_params 
(node_modules/express/lib/router/index.js:346:12)
      at next (node_modules/express/lib/router/index.js:280:10)
      at node_modules/express/lib/router/index.js:646:15
      at next (node_modules/express/lib/router/index.js:265:14)
      at next (node_modules/express/lib/router/route.js:141:14)
      at src/routes/auth.routes.ts:41:5

    console.error
      [ERROR] {
        level: 'error',
        message: 'Email ou mot de passe incorrect',
        timestamp: '2026-02-04T00:45:05.644Z',
        context: { path: '/api/auth/login', method: 'POST', statusCode: 401 
},
        error: {
          name: 'Error',
          message: 'Email ou mot de passe incorrect',
          stack: 'Error: Email ou mot de passe incorrect\n' +
            '    at AuthService.login (C:\\Users\\Hp\\Downloads\\AfriConnect
\\backend\\src\\services\\auth.service.ts:86:26)\n' +
            '    at C:\\Users\\Hp\\Downloads\\AfriConnect\\backend\\src\\rou
tes\\auth.routes.ts:34:20'
        }
      }

    [0m [90m 23 |[39m     }[33m;[39m
     [90m 24 |[39m
    [31m[1m>[22m[39m[90m 25 |[39m     
console[33m.[39merror([32m'[ERROR]'[39m[33m,[39m logData)[33m;[39m
     [90m    |[39m             [31m[1m^[22m[39m
     [90m 26 |[39m     [36mreturn[39m logData[33m;[39m
     [90m 27 |[39m   }
     [90m 28 |[39m[0m

      at Logger.error (src/utils/logger.ts:25:13)
      at errorHandler (src/middleware/errorHandler.ts:18:10)
      at Layer.handle_error (node_modules/express/lib/router/layer.js:71:5)
      at trim_prefix (node_modules/express/lib/router/index.js:326:13)
      at node_modules/express/lib/router/index.js:286:9
      at Function.process_params 
(node_modules/express/lib/router/index.js:346:12)
      at next (node_modules/express/lib/router/index.js:280:10)
      at node_modules/express/lib/router/index.js:646:15
      at next (node_modules/express/lib/router/index.js:265:14)
      at next (node_modules/express/lib/router/route.js:141:14)
      at src/routes/auth.routes.ts:41:5

    console.log
      [INFO] {
        level: 'info',
        message: 'Utilisateur connect├®',
        timestamp: '2026-02-04T00:45:07.388Z',
        context: {
          userId: '1f47197e-7691-41be-b5ec-59ac7840c68e',
          email: 'test51770165907013@example.com'
        }
      }

      at Logger.info (src/utils/logger.ts:49:13)

    console.error
      [ERROR] {
        level: 'error',
        message: 'Email ou mot de passe incorrect',
        timestamp: '2026-02-04T00:45:09.370Z',
        context: { path: '/api/auth/login', method: 'POST', statusCode: 401 
},
        error: {
          name: 'Error',
          message: 'Email ou mot de passe incorrect',
          stack: 'Error: Email ou mot de passe incorrect\n' +
            '    at AuthService.login (C:\\Users\\Hp\\Downloads\\AfriConnect
\\backend\\src\\services\\auth.service.ts:86:26)\n' +
            '    at C:\\Users\\Hp\\Downloads\\AfriConnect\\backend\\src\\rou
tes\\auth.routes.ts:34:20'
        }
      }

    [0m [90m 23 |[39m     }[33m;[39m
     [90m 24 |[39m
    [31m[1m>[22m[39m[90m 25 |[39m     
console[33m.[39merror([32m'[ERROR]'[39m[33m,[39m logData)[33m;[39m
     [90m    |[39m             [31m[1m^[22m[39m
     [90m 26 |[39m     [36mreturn[39m logData[33m;[39m
     [90m 27 |[39m   }
     [90m 28 |[39m[0m

      at Logger.error (src/utils/logger.ts:25:13)
      at errorHandler (src/middleware/errorHandler.ts:18:10)
      at Layer.handle_error (node_modules/express/lib/router/layer.js:71:5)
      at trim_prefix (node_modules/express/lib/router/index.js:326:13)
      at node_modules/express/lib/router/index.js:286:9
      at Function.process_params 
(node_modules/express/lib/router/index.js:346:12)
      at next (node_modules/express/lib/router/index.js:280:10)
      at node_modules/express/lib/router/index.js:646:15
      at next (node_modules/express/lib/router/index.js:265:14)
      at next (node_modules/express/lib/router/route.js:141:14)
      at src/routes/auth.routes.ts:41:5

    console.log
      [INFO] {
        level: 'info',
        message: 'Utilisateur connect├®',
        timestamp: '2026-02-04T00:45:11.711Z',
        context: {
          userId: '8dc715ea-f156-49c0-a12d-0073876e539f',
          email: 'test71770165911142@example.com'
        }
      }

      at Logger.info (src/utils/logger.ts:49:13)

    console.log
      [INFO] {
        level: 'info',
        message: 'Utilisateur connect├®',
        timestamp: '2026-02-04T00:45:13.895Z',
        context: {
          userId: '1998ab4e-2d81-4981-a184-0f55d7c8a9f6',
          email: 'test81770165913443@example.com'
        }
      }

      at Logger.info (src/utils/logger.ts:49:13)

  ÔùÅ Products API ÔÇ║ GET /api/products ÔÇ║ devrait retourner la liste des 
produits

    expect(received).toBe(expected) // Object.is equality

    Expected: 200
    Received: 500

    [0m [90m 59 |[39m         [33m.[39mquery({ page[33m:[39m 
[35m1[39m[33m,[39m limit[33m:[39m [35m10[39m })[33m;[39m
     [90m 60 |[39m
    [31m[1m>[22m[39m[90m 61 |[39m       
expect(response[33m.[39mstatus)[33m.[39mtoBe([35m200[39m)[33m;[39m
     [90m    |[39m                               [31m[1m^[22m[39m
     [90m 62 |[39m       expect(response[33m.[39mbody[33m.[39msuccess)
[33m.[39mtoBe([36mtrue[39m)[33m;[39m
     [90m 63 |[39m       expect(response[33m.[39mbody[33m.[39mdata)[3
3m.[39mtoHaveProperty([32m'products'[39m)[33m;[39m
     [90m 64 |[39m       expect([33mArray[39m[33m.[39misArray(response
[33m.[39mbody[33m.[39mdata[33m.[39mproducts))[33m.[39mtoBe([36mtrue
[39m)[33m;[39m[0m

      at Object.<anonymous> (__tests__/products.test.ts:61:31)

  ÔùÅ Products API ÔÇ║ GET /api/products ÔÇ║ devrait supporter la pagination

    PrismaClientKnownRequestError: 
    Invalid `prisma.product.create()` invocation in
    
C:\Users\Hp\Downloads\AfriConnect\backend\__tests__\products.test.ts:37:40

      34 authToken = loginResponse.body.data.accessToken;
      35 
      36 // Cr├®er un produit de test
    ÔåÆ 37 testProduct = await prisma.product.create(
    Foreign key constraint violated: `Product_seller_id_fkey (index)`

    [0m [90m 35 |[39m
     [90m 36 |[39m     [90m// Cr├®er un produit de test[39m
    [31m[1m>[22m[39m[90m 37 |[39m     testProduct [33m=[39m 
[36mawait[39m prisma[33m.[39mproduct[33m.[39mcreate({
     [90m    |[39m                   [31m[1m^[22m[39m
     [90m 38 |[39m       data[33m:[39m {
     [90m 39 |[39m         name[33m:[39m [32m'Test 
Product'[39m[33m,[39m
     [90m 40 |[39m         description[33m:[39m [32m'Test 
Description'[39m[33m,[39m[0m

      at $n.handleRequestError 
(node_modules/@prisma/client/runtime/library.js:121:7315)
      at $n.handleAndLogRequestError 
(node_modules/@prisma/client/runtime/library.js:121:6623)
      at $n.request 
(node_modules/@prisma/client/runtime/library.js:121:6307)
      at l (node_modules/@prisma/client/runtime/library.js:130:9633)
      at Object.<anonymous> (__tests__/products.test.ts:37:19)

  ÔùÅ Products API ÔÇ║ GET /api/products ÔÇ║ devrait filtrer par cat├®gorie

    TypeError: Cannot read properties of undefined (reading 'accessToken')

    [0m [90m 32 |[39m       })[33m;[39m
     [90m 33 |[39m
    [31m[1m>[22m[39m[90m 34 |[39m     authToken [33m=[39m 
loginResponse[33m.[39mbody[33m.[39mdata[33m.[39maccessToken[33m;[39m
     [90m    |[39m                                         
[31m[1m^[22m[39m
     [90m 35 |[39m
     [90m 36 |[39m     [90m// Cr├®er un produit de test[39m
     [90m 37 |[39m     testProduct [33m=[39m [36mawait[39m 
prisma[33m.[39mproduct[33m.[39mcreate({[0m

      at Object.<anonymous> (__tests__/products.test.ts:34:41)

  ÔùÅ Products API ÔÇ║ GET /api/products/:id ÔÇ║ devrait retourner les 
d├®tails d'un produit

    TypeError: Cannot read properties of undefined (reading 'accessToken')

    [0m [90m 32 |[39m       })[33m;[39m
     [90m 33 |[39m
    [31m[1m>[22m[39m[90m 34 |[39m     authToken [33m=[39m 
loginResponse[33m.[39mbody[33m.[39mdata[33m.[39maccessToken[33m;[39m
     [90m    |[39m                                         
[31m[1m^[22m[39m
     [90m 35 |[39m
     [90m 36 |[39m     [90m// Cr├®er un produit de test[39m
     [90m 37 |[39m     testProduct [33m=[39m [36mawait[39m 
prisma[33m.[39mproduct[33m.[39mcreate({[0m

      at Object.<anonymous> (__tests__/products.test.ts:34:41)

  ÔùÅ Products API ÔÇ║ GET /api/products/:id ÔÇ║ devrait retourner 404 pour 
un produit inexistant

    PrismaClientKnownRequestError: 
    Invalid `prisma.product.create()` invocation in
    
C:\Users\Hp\Downloads\AfriConnect\backend\__tests__\products.test.ts:37:40

      34 authToken = loginResponse.body.data.accessToken;
      35 
      36 // Cr├®er un produit de test
    ÔåÆ 37 testProduct = await prisma.product.create(
    Foreign key constraint violated: `Product_seller_id_fkey (index)`

    [0m [90m 35 |[39m
     [90m 36 |[39m     [90m// Cr├®er un produit de test[39m
    [31m[1m>[22m[39m[90m 37 |[39m     testProduct [33m=[39m 
[36mawait[39m prisma[33m.[39mproduct[33m.[39mcreate({
     [90m    |[39m                   [31m[1m^[22m[39m
     [90m 38 |[39m       data[33m:[39m {
     [90m 39 |[39m         name[33m:[39m [32m'Test 
Product'[39m[33m,[39m
     [90m 40 |[39m         description[33m:[39m [32m'Test 
Description'[39m[33m,[39m[0m

      at $n.handleRequestError 
(node_modules/@prisma/client/runtime/library.js:121:7315)
      at $n.handleAndLogRequestError 
(node_modules/@prisma/client/runtime/library.js:121:6623)
      at $n.request 
(node_modules/@prisma/client/runtime/library.js:121:6307)
      at l (node_modules/@prisma/client/runtime/library.js:130:9633)
      at Object.<anonymous> (__tests__/products.test.ts:37:19)

  ÔùÅ Products API ÔÇ║ POST /api/products ÔÇ║ devrait cr├®er un nouveau 
produit

    TypeError: Cannot read properties of undefined (reading 'accessToken')

    [0m [90m 32 |[39m       })[33m;[39m
     [90m 33 |[39m
    [31m[1m>[22m[39m[90m 34 |[39m     authToken [33m=[39m 
loginResponse[33m.[39mbody[33m.[39mdata[33m.[39maccessToken[33m;[39m
     [90m    |[39m                                         
[31m[1m^[22m[39m
     [90m 35 |[39m
     [90m 36 |[39m     [90m// Cr├®er un produit de test[39m
     [90m 37 |[39m     testProduct [33m=[39m [36mawait[39m 
prisma[33m.[39mproduct[33m.[39mcreate({[0m

      at Object.<anonymous> (__tests__/products.test.ts:34:41)

  ÔùÅ Products API ÔÇ║ POST /api/products ÔÇ║ devrait rejeter un produit 
sans nom

    PrismaClientKnownRequestError: 
    Invalid `prisma.product.create()` invocation in
    
C:\Users\Hp\Downloads\AfriConnect\backend\__tests__\products.test.ts:37:40

      34 authToken = loginResponse.body.data.accessToken;
      35 
      36 // Cr├®er un produit de test
    ÔåÆ 37 testProduct = await prisma.product.create(
    Foreign key constraint violated: `Product_seller_id_fkey (index)`

    [0m [90m 35 |[39m
     [90m 36 |[39m     [90m// Cr├®er un produit de test[39m
    [31m[1m>[22m[39m[90m 37 |[39m     testProduct [33m=[39m 
[36mawait[39m prisma[33m.[39mproduct[33m.[39mcreate({
     [90m    |[39m                   [31m[1m^[22m[39m
     [90m 38 |[39m       data[33m:[39m {
     [90m 39 |[39m         name[33m:[39m [32m'Test 
Product'[39m[33m,[39m
     [90m 40 |[39m         description[33m:[39m [32m'Test 
Description'[39m[33m,[39m[0m

      at $n.handleRequestError 
(node_modules/@prisma/client/runtime/library.js:121:7315)
      at $n.handleAndLogRequestError 
(node_modules/@prisma/client/runtime/library.js:121:6623)
      at $n.request 
(node_modules/@prisma/client/runtime/library.js:121:6307)
      at l (node_modules/@prisma/client/runtime/library.js:130:9633)
      at Object.<anonymous> (__tests__/products.test.ts:37:19)

  ÔùÅ Products API ÔÇ║ POST /api/products ÔÇ║ devrait rejeter une requ├¬te 
non authentifi├®e

    PrismaClientKnownRequestError: 
    Invalid `prisma.product.create()` invocation in
    
C:\Users\Hp\Downloads\AfriConnect\backend\__tests__\products.test.ts:37:40

      34 authToken = loginResponse.body.data.accessToken;
      35 
      36 // Cr├®er un produit de test
    ÔåÆ 37 testProduct = await prisma.product.create(
    Foreign key constraint violated: `Product_seller_id_fkey (index)`

    [0m [90m 35 |[39m
     [90m 36 |[39m     [90m// Cr├®er un produit de test[39m
    [31m[1m>[22m[39m[90m 37 |[39m     testProduct [33m=[39m 
[36mawait[39m prisma[33m.[39mproduct[33m.[39mcreate({
     [90m    |[39m                   [31m[1m^[22m[39m
     [90m 38 |[39m       data[33m:[39m {
     [90m 39 |[39m         name[33m:[39m [32m'Test 
Product'[39m[33m,[39m
     [90m 40 |[39m         description[33m:[39m [32m'Test 
Description'[39m[33m,[39m[0m

      at $n.handleRequestError 
(node_modules/@prisma/client/runtime/library.js:121:7315)
      at $n.handleAndLogRequestError 
(node_modules/@prisma/client/runtime/library.js:121:6623)
      at $n.request 
(node_modules/@prisma/client/runtime/library.js:121:6307)
      at l (node_modules/@prisma/client/runtime/library.js:130:9633)
      at Object.<anonymous> (__tests__/products.test.ts:37:19)

FAIL __tests__/auth.test.ts (38.939 s)
  ÔùÅ Console

    console.log
      [INFO] {
        level: 'info',
        message: 'Ô£à Database connected',
        timestamp: '2026-02-04T00:44:55.182Z',
        context: undefined
      }

      at Logger.info (src/utils/logger.ts:49:13)

    console.log
      [INFO] {
        level: 'info',
        message: 'Utilisateur cr├®├®',
        timestamp: '2026-02-04T00:44:57.875Z',
        context: {
          userId: 'f5cda5ca-5ed4-433a-9972-4e2b870da562',
          email: 'newuser@example.com'
        }
      }

      at Logger.info (src/utils/logger.ts:49:13)

    console.error
      [ERROR] {
        level: 'error',
        message: "Email ou nom d'utilisateur d├®j├á utilis├®",
        timestamp: '2026-02-04T00:45:00.942Z',
        context: { path: '/api/auth/register', method: 'POST', statusCode: 
400 },
        error: {
          name: 'Error',
          message: "Email ou nom d'utilisateur d├®j├á utilis├®",
          stack: "Error: Email ou nom d'utilisateur d├®j├á utilis├®\n" +
            '    at AuthService.register (C:\\Users\\Hp\\Downloads\\AfriConn
ect\\backend\\src\\services\\auth.service.ts:41:26)\n' +
            '    at C:\\Users\\Hp\\Downloads\\AfriConnect\\backend\\src\\rou
tes\\auth.routes.ts:13:20'
        }
      }

    [0m [90m 23 |[39m     }[33m;[39m
     [90m 24 |[39m
    [31m[1m>[22m[39m[90m 25 |[39m     
console[33m.[39merror([32m'[ERROR]'[39m[33m,[39m logData)[33m;[39m
     [90m    |[39m             [31m[1m^[22m[39m
     [90m 26 |[39m     [36mreturn[39m logData[33m;[39m
     [90m 27 |[39m   }
     [90m 28 |[39m[0m

      at Logger.error (src/utils/logger.ts:25:13)
      at errorHandler (src/middleware/errorHandler.ts:18:10)
      at Layer.handle_error (node_modules/express/lib/router/layer.js:71:5)
      at trim_prefix (node_modules/express/lib/router/index.js:326:13)
      at node_modules/express/lib/router/index.js:286:9
      at Function.process_params 
(node_modules/express/lib/router/index.js:346:12)
      at next (node_modules/express/lib/router/index.js:280:10)
      at node_modules/express/lib/router/index.js:646:15
      at next (node_modules/express/lib/router/index.js:265:14)
      at next (node_modules/express/lib/router/route.js:141:14)
      at src/routes/auth.routes.ts:25:5

    console.error
      [ERROR] {
        level: 'error',
        message: "Email, nom d'utilisateur et mot de passe sont requis",
        timestamp: '2026-02-04T00:45:02.657Z',
        context: { path: '/api/auth/register', method: 'POST', statusCode: 
400 },
        error: {
          name: 'Error',
          message: "Email, nom d'utilisateur et mot de passe sont requis",
          stack: "Error: Email, nom d'utilisateur et mot de passe sont 
requis\n" +
            '    at AuthService.register (C:\\Users\\Hp\\Downloads\\AfriConn
ect\\backend\\src\\services\\auth.service.ts:17:26)\n' +
            '    at C:\\Users\\Hp\\Downloads\\AfriConnect\\backend\\src\\rou
tes\\auth.routes.ts:13:38\n' +
            '    at Layer.handle [as handle_request] (C:\\Users\\Hp\\Downloa
ds\\AfriConnect\\backend\\node_modules\\express\\lib\\router\\layer.js:95:5)
\n' +
            '    at next (C:\\Users\\Hp\\Downloads\\AfriConnect\\backend\\no
de_modules\\express\\lib\\router\\route.js:149:13)\n' +
            '    at Route.dispatch (C:\\Users\\Hp\\Downloads\\AfriConnect\\b
ackend\\node_modules\\express\\lib\\router\\route.js:119:3)\n' +
            '    at Layer.handle [as handle_request] (C:\\Users\\Hp\\Downloa
ds\\AfriConnect\\backend\\node_modules\\express\\lib\\router\\layer.js:95:5)
\n' +
            '    at C:\\Users\\Hp\\Downloads\\AfriConnect\\backend\\node_mod
ules\\express\\lib\\router\\index.js:284:15\n' +
            '    at Function.process_params (C:\\Users\\Hp\\Downloads\\AfriC
onnect\\backend\\node_modules\\express\\lib\\router\\index.js:346:12)\n' +
            '    at next (C:\\Users\\Hp\\Downloads\\AfriConnect\\backend\\no
de_modules\\express\\lib\\router\\index.js:280:10)\n' +
            '    at Function.handle (C:\\Users\\Hp\\Downloads\\AfriConnect\\
backend\\node_modules\\express\\lib\\router\\index.js:175:3)\n' +
            '    at router (C:\\Users\\Hp\\Downloads\\AfriConnect\\backend\\
node_modules\\express\\lib\\router\\index.js:47:12)\n' +
            '    at Layer.handle [as handle_request] (C:\\Users\\Hp\\Downloa
ds\\AfriConnect\\backend\\node_modules\\express\\lib\\router\\layer.js:95:5)
\n' +
            '    at trim_prefix (C:\\Users\\Hp\\Downloads\\AfriConnect\\back
end\\node_modules\\express\\lib\\router\\index.js:328:13)\n' +
            '    at C:\\Users\\Hp\\Downloads\\AfriConnect\\backend\\node_mod
ules\\express\\lib\\router\\index.js:286:9\n' +
            '    at Function.process_params (C:\\Users\\Hp\\Downloads\\AfriC
onnect\\backend\\node_modules\\express\\lib\\router\\index.js:346:12)\n' +
            '    at next (C:\\Users\\Hp\\Downloads\\AfriConnect\\backend\\no
de_modules\\express\\lib\\router\\index.js:280:10)\n' +
            '    at urlencodedParser (C:\\Users\\Hp\\Downloads\\AfriConnect\
\backend\\node_modules\\body-parser\\lib\\types\\urlencoded.js:82:7)\n' +
            '    at Layer.handle [as handle_request] (C:\\Users\\Hp\\Downloa
ds\\AfriConnect\\backend\\node_modules\\express\\lib\\router\\layer.js:95:5)
\n' +
            '    at trim_prefix (C:\\Users\\Hp\\Downloads\\AfriConnect\\back
end\\node_modules\\express\\lib\\router\\index.js:328:13)\n' +
            '    at C:\\Users\\Hp\\Downloads\\AfriConnect\\backend\\node_mod
ules\\express\\lib\\router\\index.js:286:9\n' +
            '    at Function.process_params (C:\\Users\\Hp\\Downloads\\AfriC
onnect\\backend\\node_modules\\express\\lib\\router\\index.js:346:12)\n' +
            '    at next (C:\\Users\\Hp\\Downloads\\AfriConnect\\backend\\no
de_modules\\express\\lib\\router\\index.js:280:10)\n' +
            '    at C:\\Users\\Hp\\Downloads\\AfriConnect\\backend\\node_mod
ules\\body-parser\\lib\\read.js:137:5\n' +
            '    at AsyncResource.runInAsyncScope 
(node:async_hooks:206:9)\n' +
            '    at invokeCallback (C:\\Users\\Hp\\Downloads\\AfriConnect\\b
ackend\\node_modules\\raw-body\\index.js:238:16)\n' +
            '    at done (C:\\Users\\Hp\\Downloads\\AfriConnect\\backend\\no
de_modules\\raw-body\\index.js:227:7)\n' +
            '    at IncomingMessage.onEnd (C:\\Users\\Hp\\Downloads\\AfriCon
nect\\backend\\node_modules\\raw-body\\index.js:287:7)\n' +
            '    at IncomingMessage.emit (node:events:524:28)\n' +
            '    at endReadableNT 
(node:internal/streams/readable:1698:12)\n' +
            '    at processTicksAndRejections 
(node:internal/process/task_queues:82:21)'
        }
      }

    [0m [90m 23 |[39m     }[33m;[39m
     [90m 24 |[39m
    [31m[1m>[22m[39m[90m 25 |[39m     
console[33m.[39merror([32m'[ERROR]'[39m[33m,[39m logData)[33m;[39m
     [90m    |[39m             [31m[1m^[22m[39m
     [90m 26 |[39m     [36mreturn[39m logData[33m;[39m
     [90m 27 |[39m   }
     [90m 28 |[39m[0m

      at Logger.error (src/utils/logger.ts:25:13)
      at errorHandler (src/middleware/errorHandler.ts:18:10)
      at Layer.handle_error (node_modules/express/lib/router/layer.js:71:5)
      at trim_prefix (node_modules/express/lib/router/index.js:326:13)
      at node_modules/express/lib/router/index.js:286:9
      at Function.process_params 
(node_modules/express/lib/router/index.js:346:12)
      at next (node_modules/express/lib/router/index.js:280:10)
      at node_modules/express/lib/router/index.js:646:15
      at next (node_modules/express/lib/router/index.js:265:14)
      at next (node_modules/express/lib/router/route.js:141:14)
      at src/routes/auth.routes.ts:25:5

    console.error
      [ERROR] {
        level: 'error',
        message: 'Email ou mot de passe incorrect',
        timestamp: '2026-02-04T00:45:04.760Z',
        context: { path: '/api/auth/login', method: 'POST', statusCode: 401 
},
        error: {
          name: 'Error',
          message: 'Email ou mot de passe incorrect',
          stack: 'Error: Email ou mot de passe incorrect\n' +
            '    at AuthService.login (C:\\Users\\Hp\\Downloads\\AfriConnect
\\backend\\src\\services\\auth.service.ts:86:26)\n' +
            '    at C:\\Users\\Hp\\Downloads\\AfriConnect\\backend\\src\\rou
tes\\auth.routes.ts:34:20'
        }
      }

    [0m [90m 23 |[39m     }[33m;[39m
     [90m 24 |[39m
    [31m[1m>[22m[39m[90m 25 |[39m     
console[33m.[39merror([32m'[ERROR]'[39m[33m,[39m logData)[33m;[39m
     [90m    |[39m             [31m[1m^[22m[39m
     [90m 26 |[39m     [36mreturn[39m logData[33m;[39m
     [90m 27 |[39m   }
     [90m 28 |[39m[0m

      at Logger.error (src/utils/logger.ts:25:13)
      at errorHandler (src/middleware/errorHandler.ts:18:10)
      at Layer.handle_error (node_modules/express/lib/router/layer.js:71:5)
      at trim_prefix (node_modules/express/lib/router/index.js:326:13)
      at node_modules/express/lib/router/index.js:286:9
      at Function.process_params 
(node_modules/express/lib/router/index.js:346:12)
      at next (node_modules/express/lib/router/index.js:280:10)
      at node_modules/express/lib/router/index.js:646:15
      at next (node_modules/express/lib/router/index.js:265:14)
      at next (node_modules/express/lib/router/route.js:141:14)
      at src/routes/auth.routes.ts:41:5

    console.error
      [ERROR] {
        level: 'error',
        message: 'Email ou mot de passe incorrect',
        timestamp: '2026-02-04T00:45:06.351Z',
        context: { path: '/api/auth/login', method: 'POST', statusCode: 401 
},
        error: {
          name: 'Error',
          message: 'Email ou mot de passe incorrect',
          stack: 'Error: Email ou mot de passe incorrect\n' +
            '    at AuthService.login (C:\\Users\\Hp\\Downloads\\AfriConnect
\\backend\\src\\services\\auth.service.ts:95:26)\n' +
            '    at C:\\Users\\Hp\\Downloads\\AfriConnect\\backend\\src\\rou
tes\\auth.routes.ts:34:20'
        }
      }

    [0m [90m 23 |[39m     }[33m;[39m
     [90m 24 |[39m
    [31m[1m>[22m[39m[90m 25 |[39m     
console[33m.[39merror([32m'[ERROR]'[39m[33m,[39m logData)[33m;[39m
     [90m    |[39m             [31m[1m^[22m[39m
     [90m 26 |[39m     [36mreturn[39m logData[33m;[39m
     [90m 27 |[39m   }
     [90m 28 |[39m[0m

      at Logger.error (src/utils/logger.ts:25:13)
      at errorHandler (src/middleware/errorHandler.ts:18:10)
      at Layer.handle_error (node_modules/express/lib/router/layer.js:71:5)
      at trim_prefix (node_modules/express/lib/router/index.js:326:13)
      at node_modules/express/lib/router/index.js:286:9
      at Function.process_params 
(node_modules/express/lib/router/index.js:346:12)
      at next (node_modules/express/lib/router/index.js:280:10)
      at node_modules/express/lib/router/index.js:646:15
      at next (node_modules/express/lib/router/index.js:265:14)
      at next (node_modules/express/lib/router/route.js:141:14)
      at src/routes/auth.routes.ts:41:5

    console.error
      [ERROR] {
        level: 'error',
        message: 'Email ou mot de passe incorrect',
        timestamp: '2026-02-04T00:45:07.839Z',
        context: { path: '/api/auth/login', method: 'POST', statusCode: 401 
},
        error: {
          name: 'Error',
          message: 'Email ou mot de passe incorrect',
          stack: 'Error: Email ou mot de passe incorrect\n' +
            '    at AuthService.login (C:\\Users\\Hp\\Downloads\\AfriConnect
\\backend\\src\\services\\auth.service.ts:86:26)\n' +
            '    at C:\\Users\\Hp\\Downloads\\AfriConnect\\backend\\src\\rou
tes\\auth.routes.ts:34:20'
        }
      }

    [0m [90m 23 |[39m     }[33m;[39m
     [90m 24 |[39m
    [31m[1m>[22m[39m[90m 25 |[39m     
console[33m.[39merror([32m'[ERROR]'[39m[33m,[39m logData)[33m;[39m
     [90m    |[39m             [31m[1m^[22m[39m
     [90m 26 |[39m     [36mreturn[39m logData[33m;[39m
     [90m 27 |[39m   }
     [90m 28 |[39m[0m

      at Logger.error (src/utils/logger.ts:25:13)
      at errorHandler (src/middleware/errorHandler.ts:18:10)
      at Layer.handle_error (node_modules/express/lib/router/layer.js:71:5)
      at trim_prefix (node_modules/express/lib/router/index.js:326:13)
      at node_modules/express/lib/router/index.js:286:9
      at Function.process_params 
(node_modules/express/lib/router/index.js:346:12)
      at next (node_modules/express/lib/router/index.js:280:10)
      at node_modules/express/lib/router/index.js:646:15
      at next (node_modules/express/lib/router/index.js:265:14)
      at next (node_modules/express/lib/router/route.js:141:14)
      at src/routes/auth.routes.ts:41:5

    console.log
      [INFO] {
        level: 'info',
        message: 'Utilisateur connect├®',
        timestamp: '2026-02-04T00:45:09.787Z',
        context: {
          userId: '5c85c383-5603-4486-8bcc-29b4474faa9d',
          email: 'test71770165909291@example.com'
        }
      }

      at Logger.info (src/utils/logger.ts:49:13)

    console.error
      [ERROR] {
        level: 'error',
        message: 'Erreur authentification',
        timestamp: '2026-02-04T00:45:13.619Z',
        context: undefined,
        error: {
          name: 'JsonWebTokenError',
          message: 'jwt malformed',
          stack: 'JsonWebTokenError: jwt malformed\n' +
            '    at Object.<anonymous>.module.exports [as verify] (C:\\Users
\\Hp\\Downloads\\AfriConnect\\backend\\node_modules\\jsonwebtoken\\verify.js
:70:17)\n' +
            '    at authenticate (C:\\Users\\Hp\\Downloads\\AfriConnect\\bac
kend\\src\\middleware\\auth.ts:35:25)\n' +
            '    at Layer.handle [as handle_request] (C:\\Users\\Hp\\Downloa
ds\\AfriConnect\\backend\\node_modules\\express\\lib\\router\\layer.js:95:5)
\n' +
            '    at next (C:\\Users\\Hp\\Downloads\\AfriConnect\\backend\\no
de_modules\\express\\lib\\router\\route.js:149:13)\n' +
            '    at Route.dispatch (C:\\Users\\Hp\\Downloads\\AfriConnect\\b
ackend\\node_modules\\express\\lib\\router\\route.js:119:3)\n' +
            '    at Layer.handle [as handle_request] (C:\\Users\\Hp\\Downloa
ds\\AfriConnect\\backend\\node_modules\\express\\lib\\router\\layer.js:95:5)
\n' +
            '    at C:\\Users\\Hp\\Downloads\\AfriConnect\\backend\\node_mod
ules\\express\\lib\\router\\index.js:284:15\n' +
            '    at Function.process_params (C:\\Users\\Hp\\Downloads\\AfriC
onnect\\backend\\node_modules\\express\\lib\\router\\index.js:346:12)\n' +
            '    at next (C:\\Users\\Hp\\Downloads\\AfriConnect\\backend\\no
de_modules\\express\\lib\\router\\index.js:280:10)\n' +
            '    at Function.handle (C:\\Users\\Hp\\Downloads\\AfriConnect\\
backend\\node_modules\\express\\lib\\router\\index.js:175:3)\n' +
            '    at router (C:\\Users\\Hp\\Downloads\\AfriConnect\\backend\\
node_modules\\express\\lib\\router\\index.js:47:12)\n' +
            '    at Layer.handle [as handle_request] (C:\\Users\\Hp\\Downloa
ds\\AfriConnect\\backend\\node_modules\\express\\lib\\router\\layer.js:95:5)
\n' +
            '    at trim_prefix (C:\\Users\\Hp\\Downloads\\AfriConnect\\back
end\\node_modules\\express\\lib\\router\\index.js:328:13)\n' +
            '    at C:\\Users\\Hp\\Downloads\\AfriConnect\\backend\\node_mod
ules\\express\\lib\\router\\index.js:286:9\n' +
            '    at Function.process_params (C:\\Users\\Hp\\Downloads\\AfriC
onnect\\backend\\node_modules\\express\\lib\\router\\index.js:346:12)\n' +
            '    at next (C:\\Users\\Hp\\Downloads\\AfriConnect\\backend\\no
de_modules\\express\\lib\\router\\index.js:280:10)\n' +
            '    at urlencodedParser (C:\\Users\\Hp\\Downloads\\AfriConnect\
\backend\\node_modules\\body-parser\\lib\\types\\urlencoded.js:91:7)\n' +
            '    at Layer.handle [as handle_request] (C:\\Users\\Hp\\Downloa
ds\\AfriConnect\\backend\\node_modules\\express\\lib\\router\\layer.js:95:5)
\n' +
            '    at trim_prefix (C:\\Users\\Hp\\Downloads\\AfriConnect\\back
end\\node_modules\\express\\lib\\router\\index.js:328:13)\n' +
            '    at C:\\Users\\Hp\\Downloads\\AfriConnect\\backend\\node_mod
ules\\express\\lib\\router\\index.js:286:9\n' +
            '    at Function.process_params (C:\\Users\\Hp\\Downloads\\AfriC
onnect\\backend\\node_modules\\express\\lib\\router\\index.js:346:12)\n' +
            '    at next (C:\\Users\\Hp\\Downloads\\AfriConnect\\backend\\no
de_modules\\express\\lib\\router\\index.js:280:10)\n' +
            '    at jsonParser (C:\\Users\\Hp\\Downloads\\AfriConnect\\backe
nd\\node_modules\\body-parser\\lib\\types\\json.js:113:7)\n' +
            '    at Layer.handle [as handle_request] (C:\\Users\\Hp\\Downloa
ds\\AfriConnect\\backend\\node_modules\\express\\lib\\router\\layer.js:95:5)
\n' +
            '    at trim_prefix (C:\\Users\\Hp\\Downloads\\AfriConnect\\back
end\\node_modules\\express\\lib\\router\\index.js:328:13)\n' +
            '    at C:\\Users\\Hp\\Downloads\\AfriConnect\\backend\\node_mod
ules\\express\\lib\\router\\index.js:286:9\n' +
            '    at Function.process_params (C:\\Users\\Hp\\Downloads\\AfriC
onnect\\backend\\node_modules\\express\\lib\\router\\index.js:346:12)\n' +
            '    at next (C:\\Users\\Hp\\Downloads\\AfriConnect\\backend\\no
de_modules\\express\\lib\\router\\index.js:280:10)\n' +
            '    at cors (C:\\Users\\Hp\\Downloads\\AfriConnect\\backend\\no
de_modules\\cors\\lib\\index.js:188:7)\n' +
            '    at C:\\Users\\Hp\\Downloads\\AfriConnect\\backend\\node_mod
ules\\cors\\lib\\index.js:224:17\n' +
            '    at originCallback (C:\\Users\\Hp\\Downloads\\AfriConnect\\b
ackend\\node_modules\\cors\\lib\\index.js:214:15)\n' +
            '    at C:\\Users\\Hp\\Downloads\\AfriConnect\\backend\\node_mod
ules\\cors\\lib\\index.js:219:13\n' +
            '    at optionsCallback (C:\\Users\\Hp\\Downloads\\AfriConnect\\
backend\\node_modules\\cors\\lib\\index.js:199:9)\n' +
            '    at corsMiddleware (C:\\Users\\Hp\\Downloads\\AfriConnect\\b
ackend\\node_modules\\cors\\lib\\index.js:204:7)\n' +
            '    at Layer.handle [as handle_request] (C:\\Users\\Hp\\Downloa
ds\\AfriConnect\\backend\\node_modules\\express\\lib\\router\\layer.js:95:5)
\n' +
            '    at trim_prefix (C:\\Users\\Hp\\Downloads\\AfriConnect\\back
end\\node_modules\\express\\lib\\router\\index.js:328:13)\n' +
            '    at C:\\Users\\Hp\\Downloads\\AfriConnect\\backend\\node_mod
ules\\express\\lib\\router\\index.js:286:9\n' +
            '    at Function.process_params (C:\\Users\\Hp\\Downloads\\AfriC
onnect\\backend\\node_modules\\express\\lib\\router\\index.js:346:12)\n' +
            '    at next (C:\\Users\\Hp\\Downloads\\AfriConnect\\backend\\no
de_modules\\express\\lib\\router\\index.js:280:10)\n' +
            '    at internalNext (C:\\Users\\Hp\\Downloads\\AfriConnect\\bac
kend\\node_modules\\helmet\\index.mjs:527:6)\n' +
            '    at xXssProtectionMiddleware (C:\\Users\\Hp\\Downloads\\Afri
Connect\\backend\\node_modules\\helmet\\index.mjs:307:3)\n' +
            '    at internalNext (C:\\Users\\Hp\\Downloads\\AfriConnect\\bac
kend\\node_modules\\helmet\\index.mjs:525:6)\n' +
            '    at xPoweredByMiddleware (C:\\Users\\Hp\\Downloads\\AfriConn
ect\\backend\\node_modules\\helmet\\index.mjs:300:3)\n' +
            '    at internalNext (C:\\Users\\Hp\\Downloads\\AfriConnect\\bac
kend\\node_modules\\helmet\\index.mjs:525:6)\n' +
            '    at xPermittedCrossDomainPoliciesMiddleware (C:\\Users\\Hp\\
Downloads\\AfriConnect\\backend\\node_modules\\helmet\\index.mjs:293:3)\n' +
            '    at internalNext (C:\\Users\\Hp\\Downloads\\AfriConnect\\bac
kend\\node_modules\\helmet\\index.mjs:525:6)\n' +
            '    at xFrameOptionsMiddleware (C:\\Users\\Hp\\Downloads\\AfriC
onnect\\backend\\node_modules\\helmet\\index.mjs:277:3)\n' +
            '    at internalNext (C:\\Users\\Hp\\Downloads\\AfriConnect\\bac
kend\\node_modules\\helmet\\index.mjs:525:6)\n' +
            '    at xDownloadOptionsMiddleware (C:\\Users\\Hp\\Downloads\\Af
riConnect\\backend\\node_modules\\helmet\\index.mjs:257:3)\n' +
            '    at internalNext (C:\\Users\\Hp\\Downloads\\AfriConnect\\bac
kend\\node_modules\\helmet\\index.mjs:525:6)\n' +
            '    at xDnsPrefetchControlMiddleware (C:\\Users\\Hp\\Downloads\
\AfriConnect\\backend\\node_modules\\helmet\\index.mjs:250:3)\n' +
            '    at internalNext (C:\\Users\\Hp\\Downloads\\AfriConnect\\bac
kend\\node_modules\\helmet\\index.mjs:525:6)\n' +
            '    at xContentTypeOptionsMiddleware (C:\\Users\\Hp\\Downloads\
\AfriConnect\\backend\\node_modules\\helmet\\index.mjs:242:3)\n' +
            '    at internalNext (C:\\Users\\Hp\\Downloads\\AfriConnect\\bac
kend\\node_modules\\helmet\\index.mjs:525:6)\n' +
            '    at strictTransportSecurityMiddleware (C:\\Users\\Hp\\Downlo
ads\\AfriConnect\\backend\\node_modules\\helmet\\index.mjs:235:3)\n' +
            '    at internalNext (C:\\Users\\Hp\\Downloads\\AfriConnect\\bac
kend\\node_modules\\helmet\\index.mjs:525:6)\n' +
            '    at referrerPolicyMiddleware (C:\\Users\\Hp\\Downloads\\Afri
Connect\\backend\\node_modules\\helmet\\index.mjs:203:3)\n' +
            '    at internalNext (C:\\Users\\Hp\\Downloads\\AfriConnect\\bac
kend\\node_modules\\helmet\\index.mjs:525:6)\n' +
            '    at originAgentClusterMiddleware (C:\\Users\\Hp\\Downloads\\
AfriConnect\\backend\\node_modules\\helmet\\index.mjs:178:3)\n' +
            '    at internalNext (C:\\Users\\Hp\\Downloads\\AfriConnect\\bac
kend\\node_modules\\helmet\\index.mjs:525:6)\n' +
            '    at crossOriginResourcePolicyMiddleware (C:\\Users\\Hp\\Down
loads\\AfriConnect\\backend\\node_modules\\helmet\\index.mjs:171:3)\n' +
            '    at internalNext (C:\\Users\\Hp\\Downloads\\AfriConnect\\bac
kend\\node_modules\\helmet\\index.mjs:525:6)\n' +
            '    at crossOriginOpenerPolicyMiddleware (C:\\Users\\Hp\\Downlo
ads\\AfriConnect\\backend\\node_modules\\helmet\\index.mjs:155:3)\n' +
            '    at internalNext (C:\\Users\\Hp\\Downloads\\AfriConnect\\bac
kend\\node_modules\\helmet\\index.mjs:525:6)\n' +
            '    at contentSecurityPolicyMiddleware (C:\\Users\\Hp\\Download
s\\AfriConnect\\backend\\node_modules\\helmet\\index.mjs:120:4)\n' +
            '    at internalNext (C:\\Users\\Hp\\Downloads\\AfriConnect\\bac
kend\\node_modules\\helmet\\index.mjs:525:6)\n' +
            '    at helmetMiddleware (C:\\Users\\Hp\\Downloads\\AfriConnect\
\backend\\node_modules\\helmet\\index.mjs:529:6)\n' +
            '    at Layer.handle [as handle_request] (C:\\Users\\Hp\\Downloa
ds\\AfriConnect\\backend\\node_modules\\express\\lib\\router\\layer.js:95:5)
\n' +
            '    at trim_prefix (C:\\Users\\Hp\\Downloads\\AfriConnect\\back
end\\node_modules\\express\\lib\\router\\index.js:328:13)\n' +
            '    at C:\\Users\\Hp\\Downloads\\AfriConnect\\backend\\node_mod
ules\\express\\lib\\router\\index.js:286:9\n' +
            '    at Function.process_params (C:\\Users\\Hp\\Downloads\\AfriC
onnect\\backend\\node_modules\\express\\lib\\router\\index.js:346:12)\n' +
            '    at next (C:\\Users\\Hp\\Downloads\\AfriConnect\\backend\\no
de_modules\\express\\lib\\router\\index.js:280:10)\n' +
            '    at expressInit (C:\\Users\\Hp\\Downloads\\AfriConnect\\back
end\\node_modules\\express\\lib\\middleware\\init.js:40:5)\n' +
            '    at Layer.handle [as handle_request] (C:\\Users\\Hp\\Downloa
ds\\AfriConnect\\backend\\node_modules\\express\\lib\\router\\layer.js:95:5)
\n' +
            '    at trim_prefix (C:\\Users\\Hp\\Downloads\\AfriConnect\\back
end\\node_modules\\express\\lib\\router\\index.js:328:13)\n' +
            '    at C:\\Users\\Hp\\Downloads\\AfriConnect\\backend\\node_mod
ules\\express\\lib\\router\\index.js:286:9\n' +
            '    at Function.process_params (C:\\Users\\Hp\\Downloads\\AfriC
onnect\\backend\\node_modules\\express\\lib\\router\\index.js:346:12)\n' +
            '    at next (C:\\Users\\Hp\\Downloads\\AfriConnect\\backend\\no
de_modules\\express\\lib\\router\\index.js:280:10)\n' +
            '    at query (C:\\Users\\Hp\\Downloads\\AfriConnect\\backend\\n
ode_modules\\express\\lib\\middleware\\query.js:45:5)\n' +
            '    at Layer.handle [as handle_request] (C:\\Users\\Hp\\Downloa
ds\\AfriConnect\\backend\\node_modules\\express\\lib\\router\\layer.js:95:5)
\n' +
            '    at trim_prefix (C:\\Users\\Hp\\Downloads\\AfriConnect\\back
end\\node_modules\\express\\lib\\router\\index.js:328:13)\n' +
            '    at C:\\Users\\Hp\\Downloads\\AfriConnect\\backend\\node_mod
ules\\express\\lib\\router\\index.js:286:9\n' +
            '    at Function.process_params (C:\\Users\\Hp\\Downloads\\AfriC
onnect\\backend\\node_modules\\express\\lib\\router\\index.js:346:12)\n' +
            '    at next (C:\\Users\\Hp\\Downloads\\AfriConnect\\backend\\no
de_modules\\express\\lib\\router\\index.js:280:10)\n' +
            '    at Function.handle (C:\\Users\\Hp\\Downloads\\AfriConnect\\
backend\\node_modules\\express\\lib\\router\\index.js:175:3)\n' +
            '    at Function.handle (C:\\Users\\Hp\\Downloads\\AfriConnect\\
backend\\node_modules\\express\\lib\\application.js:181:10)\n' +
            '    at Server.app (C:\\Users\\Hp\\Downloads\\AfriConnect\\backe
nd\\node_modules\\express\\lib\\express.js:39:9)\n' +
            '    at Server.emit (node:events:524:28)\n' +
            '    at parserOnIncoming (node:_http_server:1141:12)\n' +
            '    at HTTPParser.parserOnHeadersComplete 
(node:_http_common:118:17)'
        }
      }

    [0m [90m 23 |[39m     }[33m;[39m
     [90m 24 |[39m
    [31m[1m>[22m[39m[90m 25 |[39m     
console[33m.[39merror([32m'[ERROR]'[39m[33m,[39m logData)[33m;[39m
     [90m    |[39m             [31m[1m^[22m[39m
     [90m 26 |[39m     [36mreturn[39m logData[33m;[39m
     [90m 27 |[39m   }
     [90m 28 |[39m[0m

      at Logger.error (src/utils/logger.ts:25:13)
      at authenticate (src/middleware/auth.ts:66:12)
      at Layer.handle [as handle_request] 
(node_modules/express/lib/router/layer.js:95:5)
      at next (node_modules/express/lib/router/route.js:149:13)
      at Route.dispatch (node_modules/express/lib/router/route.js:119:3)
      at Layer.handle [as handle_request] 
(node_modules/express/lib/router/layer.js:95:5)
      at node_modules/express/lib/router/index.js:284:15
      at Function.process_params 
(node_modules/express/lib/router/index.js:346:12)
      at next (node_modules/express/lib/router/index.js:280:10)
      at Function.handle (node_modules/express/lib/router/index.js:175:3)
      at router (node_modules/express/lib/router/index.js:47:12)
      at Layer.handle [as handle_request] 
(node_modules/express/lib/router/layer.js:95:5)
      at trim_prefix (node_modules/express/lib/router/index.js:328:13)
      at node_modules/express/lib/router/index.js:286:9
      at Function.process_params 
(node_modules/express/lib/router/index.js:346:12)
      at next (node_modules/express/lib/router/index.js:280:10)
      at urlencodedParser 
(node_modules/body-parser/lib/types/urlencoded.js:91:7)
      at Layer.handle [as handle_request] 
(node_modules/express/lib/router/layer.js:95:5)
      at trim_prefix (node_modules/express/lib/router/index.js:328:13)
      at node_modules/express/lib/router/index.js:286:9
      at Function.process_params 
(node_modules/express/lib/router/index.js:346:12)
      at next (node_modules/express/lib/router/index.js:280:10)
      at jsonParser (node_modules/body-parser/lib/types/json.js:113:7)
      at Layer.handle [as handle_request] 
(node_modules/express/lib/router/layer.js:95:5)
      at trim_prefix (node_modules/express/lib/router/index.js:328:13)
      at node_modules/express/lib/router/index.js:286:9
      at Function.process_params 
(node_modules/express/lib/router/index.js:346:12)
      at next (node_modules/express/lib/router/index.js:280:10)
      at cors (node_modules/cors/lib/index.js:188:7)
      at node_modules/cors/lib/index.js:224:17
      at originCallback (node_modules/cors/lib/index.js:214:15)
      at node_modules/cors/lib/index.js:219:13
      at optionsCallback (node_modules/cors/lib/index.js:199:9)
      at corsMiddleware (node_modules/cors/lib/index.js:204:7)
      at Layer.handle [as handle_request] 
(node_modules/express/lib/router/layer.js:95:5)
      at trim_prefix (node_modules/express/lib/router/index.js:328:13)
      at node_modules/express/lib/router/index.js:286:9
      at Function.process_params 
(node_modules/express/lib/router/index.js:346:12)
      at next (node_modules/express/lib/router/index.js:280:10)
      at internalNext (node_modules/helmet/index.mjs:527:6)
      at xXssProtectionMiddleware (node_modules/helmet/index.mjs:307:3)
      at internalNext (node_modules/helmet/index.mjs:525:6)
      at xPoweredByMiddleware (node_modules/helmet/index.mjs:300:3)
      at internalNext (node_modules/helmet/index.mjs:525:6)
      at xPermittedCrossDomainPoliciesMiddleware 
(node_modules/helmet/index.mjs:293:3)
      at internalNext (node_modules/helmet/index.mjs:525:6)
      at xFrameOptionsMiddleware (node_modules/helmet/index.mjs:277:3)
      at internalNext (node_modules/helmet/index.mjs:525:6)
      at xDownloadOptionsMiddleware (node_modules/helmet/index.mjs:257:3)
      at internalNext (node_modules/helmet/index.mjs:525:6)
      at xDnsPrefetchControlMiddleware (node_modules/helmet/index.mjs:250:3)
      at internalNext (node_modules/helmet/index.mjs:525:6)
      at xContentTypeOptionsMiddleware (node_modules/helmet/index.mjs:242:3)
      at internalNext (node_modules/helmet/index.mjs:525:6)
      at strictTransportSecurityMiddleware 
(node_modules/helmet/index.mjs:235:3)
      at internalNext (node_modules/helmet/index.mjs:525:6)
      at referrerPolicyMiddleware (node_modules/helmet/index.mjs:203:3)
      at internalNext (node_modules/helmet/index.mjs:525:6)
      at originAgentClusterMiddleware (node_modules/helmet/index.mjs:178:3)
      at internalNext (node_modules/helmet/index.mjs:525:6)
      at crossOriginResourcePolicyMiddleware 
(node_modules/helmet/index.mjs:171:3)
      at internalNext (node_modules/helmet/index.mjs:525:6)
      at crossOriginOpenerPolicyMiddleware 
(node_modules/helmet/index.mjs:155:3)
      at internalNext (node_modules/helmet/index.mjs:525:6)
      at contentSecurityPolicyMiddleware 
(node_modules/helmet/index.mjs:120:4)
      at internalNext (node_modules/helmet/index.mjs:525:6)
      at helmetMiddleware (node_modules/helmet/index.mjs:529:6)
      at Layer.handle [as handle_request] 
(node_modules/express/lib/router/layer.js:95:5)
      at trim_prefix (node_modules/express/lib/router/index.js:328:13)
      at node_modules/express/lib/router/index.js:286:9
      at Function.process_params 
(node_modules/express/lib/router/index.js:346:12)
      at next (node_modules/express/lib/router/index.js:280:10)
      at expressInit (node_modules/express/lib/middleware/init.js:40:5)
      at Layer.handle [as handle_request] 
(node_modules/express/lib/router/layer.js:95:5)
      at trim_prefix (node_modules/express/lib/router/index.js:328:13)
      at node_modules/express/lib/router/index.js:286:9
      at Function.process_params 
(node_modules/express/lib/router/index.js:346:12)
      at next (node_modules/express/lib/router/index.js:280:10)
      at query (node_modules/express/lib/middleware/query.js:45:5)
      at Layer.handle [as handle_request] 
(node_modules/express/lib/router/layer.js:95:5)
      at trim_prefix (node_modules/express/lib/router/index.js:328:13)
      at node_modules/express/lib/router/index.js:286:9
      at Function.process_params 
(node_modules/express/lib/router/index.js:346:12)
      at next (node_modules/express/lib/router/index.js:280:10)
      at Function.handle (node_modules/express/lib/router/index.js:175:3)
      at Function.handle (node_modules/express/lib/application.js:181:10)
      at Server.app (node_modules/express/lib/express.js:39:9)

    console.error
      [ERROR] {
        level: 'error',
        message: 'Email ou mot de passe incorrect',
        timestamp: '2026-02-04T00:45:15.557Z',
        context: { path: '/api/auth/login', method: 'POST', statusCode: 401 
},
        error: {
          name: 'Error',
          message: 'Email ou mot de passe incorrect',
          stack: 'Error: Email ou mot de passe incorrect\n' +
            '    at AuthService.login (C:\\Users\\Hp\\Downloads\\AfriConnect
\\backend\\src\\services\\auth.service.ts:86:26)\n' +
            '    at C:\\Users\\Hp\\Downloads\\AfriConnect\\backend\\src\\rou
tes\\auth.routes.ts:34:20'
        }
      }

    [0m [90m 23 |[39m     }[33m;[39m
     [90m 24 |[39m
    [31m[1m>[22m[39m[90m 25 |[39m     
console[33m.[39merror([32m'[ERROR]'[39m[33m,[39m logData)[33m;[39m
     [90m    |[39m             [31m[1m^[22m[39m
     [90m 26 |[39m     [36mreturn[39m logData[33m;[39m
     [90m 27 |[39m   }
     [90m 28 |[39m[0m

      at Logger.error (src/utils/logger.ts:25:13)
      at errorHandler (src/middleware/errorHandler.ts:18:10)
      at Layer.handle_error (node_modules/express/lib/router/layer.js:71:5)
      at trim_prefix (node_modules/express/lib/router/index.js:326:13)
      at node_modules/express/lib/router/index.js:286:9
      at Function.process_params 
(node_modules/express/lib/router/index.js:346:12)
      at next (node_modules/express/lib/router/index.js:280:10)
      at node_modules/express/lib/router/index.js:646:15
      at next (node_modules/express/lib/router/index.js:265:14)
      at next (node_modules/express/lib/router/route.js:141:14)
      at src/routes/auth.routes.ts:41:5

    console.error
      [ERROR] {
        level: 'error',
        message: 'Refresh token invalide',
        timestamp: '2026-02-04T00:45:17.142Z',
        context: { path: '/api/auth/refresh', method: 'POST', statusCode: 
401 },
        error: {
          name: 'Error',
          message: 'Refresh token invalide',
          stack: 'Error: Refresh token invalide\n' +
            '    at AuthService.refreshToken (C:\\Users\\Hp\\Downloads\\Afri
Connect\\backend\\src\\services\\auth.service.ts:154:24)\n' +
            '    at C:\\Users\\Hp\\Downloads\\AfriConnect\\backend\\src\\rou
tes\\auth.routes.ts:58:38\n' +
            '    at Layer.handle [as handle_request] (C:\\Users\\Hp\\Downloa
ds\\AfriConnect\\backend\\node_modules\\express\\lib\\router\\layer.js:95:5)
\n' +
            '    at next (C:\\Users\\Hp\\Downloads\\AfriConnect\\backend\\no
de_modules\\express\\lib\\router\\route.js:149:13)\n' +
            '    at Route.dispatch (C:\\Users\\Hp\\Downloads\\AfriConnect\\b
ackend\\node_modules\\express\\lib\\router\\route.js:119:3)\n' +
            '    at Layer.handle [as handle_request] (C:\\Users\\Hp\\Downloa
ds\\AfriConnect\\backend\\node_modules\\express\\lib\\router\\layer.js:95:5)
\n' +
            '    at C:\\Users\\Hp\\Downloads\\AfriConnect\\backend\\node_mod
ules\\express\\lib\\router\\index.js:284:15\n' +
            '    at Function.process_params (C:\\Users\\Hp\\Downloads\\AfriC
onnect\\backend\\node_modules\\express\\lib\\router\\index.js:346:12)\n' +
            '    at next (C:\\Users\\Hp\\Downloads\\AfriConnect\\backend\\no
de_modules\\express\\lib\\router\\index.js:280:10)\n' +
            '    at Function.handle (C:\\Users\\Hp\\Downloads\\AfriConnect\\
backend\\node_modules\\express\\lib\\router\\index.js:175:3)\n' +
            '    at router (C:\\Users\\Hp\\Downloads\\AfriConnect\\backend\\
node_modules\\express\\lib\\router\\index.js:47:12)\n' +
            '    at Layer.handle [as handle_request] (C:\\Users\\Hp\\Downloa
ds\\AfriConnect\\backend\\node_modules\\express\\lib\\router\\layer.js:95:5)
\n' +
            '    at trim_prefix (C:\\Users\\Hp\\Downloads\\AfriConnect\\back
end\\node_modules\\express\\lib\\router\\index.js:328:13)\n' +
            '    at C:\\Users\\Hp\\Downloads\\AfriConnect\\backend\\node_mod
ules\\express\\lib\\router\\index.js:286:9\n' +
            '    at Function.process_params (C:\\Users\\Hp\\Downloads\\AfriC
onnect\\backend\\node_modules\\express\\lib\\router\\index.js:346:12)\n' +
            '    at next (C:\\Users\\Hp\\Downloads\\AfriConnect\\backend\\no
de_modules\\express\\lib\\router\\index.js:280:10)\n' +
            '    at urlencodedParser (C:\\Users\\Hp\\Downloads\\AfriConnect\
\backend\\node_modules\\body-parser\\lib\\types\\urlencoded.js:82:7)\n' +
            '    at Layer.handle [as handle_request] (C:\\Users\\Hp\\Downloa
ds\\AfriConnect\\backend\\node_modules\\express\\lib\\router\\layer.js:95:5)
\n' +
            '    at trim_prefix (C:\\Users\\Hp\\Downloads\\AfriConnect\\back
end\\node_modules\\express\\lib\\router\\index.js:328:13)\n' +
            '    at C:\\Users\\Hp\\Downloads\\AfriConnect\\backend\\node_mod
ules\\express\\lib\\router\\index.js:286:9\n' +
            '    at Function.process_params (C:\\Users\\Hp\\Downloads\\AfriC
onnect\\backend\\node_modules\\express\\lib\\router\\index.js:346:12)\n' +
            '    at next (C:\\Users\\Hp\\Downloads\\AfriConnect\\backend\\no
de_modules\\express\\lib\\router\\index.js:280:10)\n' +
            '    at C:\\Users\\Hp\\Downloads\\AfriConnect\\backend\\node_mod
ules\\body-parser\\lib\\read.js:137:5\n' +
            '    at AsyncResource.runInAsyncScope 
(node:async_hooks:206:9)\n' +
            '    at invokeCallback (C:\\Users\\Hp\\Downloads\\AfriConnect\\b
ackend\\node_modules\\raw-body\\index.js:238:16)\n' +
            '    at done (C:\\Users\\Hp\\Downloads\\AfriConnect\\backend\\no
de_modules\\raw-body\\index.js:227:7)\n' +
            '    at IncomingMessage.onEnd (C:\\Users\\Hp\\Downloads\\AfriCon
nect\\backend\\node_modules\\raw-body\\index.js:287:7)\n' +
            '    at IncomingMessage.emit (node:events:524:28)\n' +
            '    at endReadableNT 
(node:internal/streams/readable:1698:12)\n' +
            '    at processTicksAndRejections 
(node:internal/process/task_queues:82:21)'
        }
      }

    [0m [90m 23 |[39m     }[33m;[39m
     [90m 24 |[39m
    [31m[1m>[22m[39m[90m 25 |[39m     
console[33m.[39merror([32m'[ERROR]'[39m[33m,[39m logData)[33m;[39m
     [90m    |[39m             [31m[1m^[22m[39m
     [90m 26 |[39m     [36mreturn[39m logData[33m;[39m
     [90m 27 |[39m   }
     [90m 28 |[39m[0m

      at Logger.error (src/utils/logger.ts:25:13)
      at errorHandler (src/middleware/errorHandler.ts:18:10)
      at Layer.handle_error (node_modules/express/lib/router/layer.js:71:5)
      at trim_prefix (node_modules/express/lib/router/index.js:326:13)
      at node_modules/express/lib/router/index.js:286:9
      at Function.process_params 
(node_modules/express/lib/router/index.js:346:12)
      at next (node_modules/express/lib/router/index.js:280:10)
      at node_modules/express/lib/router/index.js:646:15
      at next (node_modules/express/lib/router/index.js:265:14)
      at next (node_modules/express/lib/router/route.js:141:14)
      at src/routes/auth.routes.ts:65:5

  ÔùÅ Auth API ÔÇ║ POST /api/auth/login ÔÇ║ devrait connecter un 
utilisateur avec des identifiants valides

    expect(received).toBe(expected) // Object.is equality

    Expected: 200
    Received: 401

    [0m [90m 79 |[39m         })[33m;[39m
     [90m 80 |[39m
    [31m[1m>[22m[39m[90m 81 |[39m       
expect(response[33m.[39mstatus)[33m.[39mtoBe([35m200[39m)[33m;[39m
     [90m    |[39m                               [31m[1m^[22m[39m
     [90m 82 |[39m       expect(response[33m.[39mbody[33m.[39msuccess)
[33m.[39mtoBe([36mtrue[39m)[33m;[39m
     [90m 83 |[39m       expect(response[33m.[39mbody[33m.[39mdata)[3
3m.[39mtoHaveProperty([32m'user'[39m)[33m;[39m
     [90m 84 |[39m       expect(response[33m.[39mbody[33m.[39mdata)[3
3m.[39mtoHaveProperty([32m'accessToken'[39m)[33m;[39m[0m

      at Object.<anonymous> (__tests__/auth.test.ts:81:31)

  ÔùÅ Auth API ÔÇ║ GET /api/auth/me ÔÇ║ devrait retourner les informations 
de l'utilisateur connect├®

    expect(received).toBe(expected) // Object.is equality

    Expected: 200
    Received: 401

    [0m [90m 126 |[39m         
[33m.[39m[36mset[39m([32m'Authorization'[39m[33m,[39m [32m`Bearer 
${token}`[39m)[33m;[39m
     [90m 127 |[39m
    [31m[1m>[22m[39m[90m 128 |[39m       
expect(response[33m.[39mstatus)[33m.[39mtoBe([35m200[39m)[33m;[39m
     [90m     |[39m                               [31m[1m^[22m[39m
     [90m 129 |[39m       expect(response[33m.[39mbody[33m.[39msuccess
)[33m.[39mtoBe([36mtrue[39m)[33m;[39m
     [90m 130 |[39m       expect(response[33m.[39mbody[33m.[39mdata[3
3m.[39memail)[33m.[39mtoBe(testUser[33m.[39memail)[33m;[39m
     [90m 131 |[39m     })[33m;[39m[0m

      at Object.<anonymous> (__tests__/auth.test.ts:128:31)

  ÔùÅ Auth API ÔÇ║ POST /api/auth/refresh ÔÇ║ devrait rafra├«chir le token 
d'acc├¿s

    TypeError: Cannot read properties of undefined (reading 'refreshToken')

    [0m [90m 157 |[39m         })[33m;[39m
     [90m 158 |[39m
    [31m[1m>[22m[39m[90m 159 |[39m       [36mconst[39m refreshToken 
[33m=[39m loginResponse[33m.[39mbody[33m.[39mdata[33m.[39mrefreshTok
en[33m;[39m
     [90m     |[39m                                                    
[31m[1m^[22m[39m
     [90m 160 |[39m
     [90m 161 |[39m       [36mconst[39m response [33m=[39m 
[36mawait[39m request(app)
     [90m 162 |[39m         
[33m.[39mpost([32m'/api/auth/refresh'[39m)[0m

      at Object.<anonymous> (__tests__/auth.test.ts:159:52)

FAIL __tests__/videos.test.ts (53.085 s)
  ÔùÅ Console

    console.log
      [INFO] {
        level: 'info',
        message: 'Ô£à Database connected',
        timestamp: '2026-02-04T00:44:55.183Z',
        context: undefined
      }

      at Logger.info (src/utils/logger.ts:49:13)

    console.log
      [INFO] {
        level: 'info',
        message: 'Utilisateur connect├®',
        timestamp: '2026-02-04T00:44:57.401Z',
        context: {
          userId: '183ebfa3-c5b7-419a-9131-4ac410a21a7f',
          email: 'test11770165895767@example.com'
        }
      }

      at Logger.info (src/utils/logger.ts:49:13)

    console.error
      [ERROR] {
        level: 'error',
        message: 'Email ou mot de passe incorrect',
        timestamp: '2026-02-04T00:45:02.531Z',
        context: { path: '/api/auth/login', method: 'POST', statusCode: 401 
},
        error: {
          name: 'Error',
          message: 'Email ou mot de passe incorrect',
          stack: 'Error: Email ou mot de passe incorrect\n' +
            '    at AuthService.login (C:\\Users\\Hp\\Downloads\\AfriConnect
\\backend\\src\\services\\auth.service.ts:86:26)\n' +
            '    at C:\\Users\\Hp\\Downloads\\AfriConnect\\backend\\src\\rou
tes\\auth.routes.ts:34:20'
        }
      }

    [0m [90m 23 |[39m     }[33m;[39m
     [90m 24 |[39m
    [31m[1m>[22m[39m[90m 25 |[39m     
console[33m.[39merror([32m'[ERROR]'[39m[33m,[39m logData)[33m;[39m
     [90m    |[39m             [31m[1m^[22m[39m
     [90m 26 |[39m     [36mreturn[39m logData[33m;[39m
     [90m 27 |[39m   }
     [90m 28 |[39m[0m

      at Logger.error (src/utils/logger.ts:25:13)
      at errorHandler (src/middleware/errorHandler.ts:18:10)
      at Layer.handle_error (node_modules/express/lib/router/layer.js:71:5)
      at trim_prefix (node_modules/express/lib/router/index.js:326:13)
      at node_modules/express/lib/router/index.js:286:9
      at Function.process_params 
(node_modules/express/lib/router/index.js:346:12)
      at next (node_modules/express/lib/router/index.js:280:10)
      at node_modules/express/lib/router/index.js:646:15
      at next (node_modules/express/lib/router/index.js:265:14)
      at next (node_modules/express/lib/router/route.js:141:14)
      at src/routes/auth.routes.ts:41:5

    console.error
      [ERROR] {
        level: 'error',
        message: 'Email ou mot de passe incorrect',
        timestamp: '2026-02-04T00:45:04.403Z',
        context: { path: '/api/auth/login', method: 'POST', statusCode: 401 
},
        error: {
          name: 'Error',
          message: 'Email ou mot de passe incorrect',
          stack: 'Error: Email ou mot de passe incorrect\n' +
            '    at AuthService.login (C:\\Users\\Hp\\Downloads\\AfriConnect
\\backend\\src\\services\\auth.service.ts:86:26)\n' +
            '    at C:\\Users\\Hp\\Downloads\\AfriConnect\\backend\\src\\rou
tes\\auth.routes.ts:34:20'
        }
      }

    [0m [90m 23 |[39m     }[33m;[39m
     [90m 24 |[39m
    [31m[1m>[22m[39m[90m 25 |[39m     
console[33m.[39merror([32m'[ERROR]'[39m[33m,[39m logData)[33m;[39m
     [90m    |[39m             [31m[1m^[22m[39m
     [90m 26 |[39m     [36mreturn[39m logData[33m;[39m
     [90m 27 |[39m   }
     [90m 28 |[39m[0m

      at Logger.error (src/utils/logger.ts:25:13)
      at errorHandler (src/middleware/errorHandler.ts:18:10)
      at Layer.handle_error (node_modules/express/lib/router/layer.js:71:5)
      at trim_prefix (node_modules/express/lib/router/index.js:326:13)
      at node_modules/express/lib/router/index.js:286:9
      at Function.process_params 
(node_modules/express/lib/router/index.js:346:12)
      at next (node_modules/express/lib/router/index.js:280:10)
      at node_modules/express/lib/router/index.js:646:15
      at next (node_modules/express/lib/router/index.js:265:14)
      at next (node_modules/express/lib/router/route.js:141:14)
      at src/routes/auth.routes.ts:41:5

    console.log
      [INFO] {
        level: 'info',
        message: 'Utilisateur connect├®',
        timestamp: '2026-02-04T00:45:06.184Z',
        context: {
          userId: 'bf83f1e2-829b-434b-bef7-8e9d0fad7606',
          email: 'test41770165905821@example.com'
        }
      }

      at Logger.info (src/utils/logger.ts:49:13)

    console.log
      [INFO] {
        level: 'info',
        message: 'Utilisateur connect├®',
        timestamp: '2026-02-04T00:45:08.144Z',
        context: {
          userId: '49f94856-a339-4c2e-bb6b-4e47efc67319',
          email: 'test51770165907717@example.com'
        }
      }

      at Logger.info (src/utils/logger.ts:49:13)

    console.error
      [ERROR] {
        level: 'error',
        message: 'Email ou mot de passe incorrect',
        timestamp: '2026-02-04T00:45:10.277Z',
        context: { path: '/api/auth/login', method: 'POST', statusCode: 401 
},
        error: {
          name: 'Error',
          message: 'Email ou mot de passe incorrect',
          stack: 'Error: Email ou mot de passe incorrect\n' +
            '    at AuthService.login (C:\\Users\\Hp\\Downloads\\AfriConnect
\\backend\\src\\services\\auth.service.ts:86:26)\n' +
            '    at C:\\Users\\Hp\\Downloads\\AfriConnect\\backend\\src\\rou
tes\\auth.routes.ts:34:20'
        }
      }

    [0m [90m 23 |[39m     }[33m;[39m
     [90m 24 |[39m
    [31m[1m>[22m[39m[90m 25 |[39m     
console[33m.[39merror([32m'[ERROR]'[39m[33m,[39m logData)[33m;[39m
     [90m    |[39m             [31m[1m^[22m[39m
     [90m 26 |[39m     [36mreturn[39m logData[33m;[39m
     [90m 27 |[39m   }
     [90m 28 |[39m[0m

      at Logger.error (src/utils/logger.ts:25:13)
      at errorHandler (src/middleware/errorHandler.ts:18:10)
      at Layer.handle_error (node_modules/express/lib/router/layer.js:71:5)
      at trim_prefix (node_modules/express/lib/router/index.js:326:13)
      at node_modules/express/lib/router/index.js:286:9
      at Function.process_params 
(node_modules/express/lib/router/index.js:346:12)
      at next (node_modules/express/lib/router/index.js:280:10)
      at node_modules/express/lib/router/index.js:646:15
      at next (node_modules/express/lib/router/index.js:265:14)
      at next (node_modules/express/lib/router/route.js:141:14)
      at src/routes/auth.routes.ts:41:5

    console.log
      [INFO] {
        level: 'info',
        message: 'Utilisateur connect├®',
        timestamp: '2026-02-04T00:45:12.690Z',
        context: {
          userId: 'b506f472-25a9-4fe4-a3f0-8ed9a3f8c8ca',
          email: 'test71770165912059@example.com'
        }
      }

      at Logger.info (src/utils/logger.ts:49:13)

    console.log
      [INFO] {
        level: 'info',
        message: 'Utilisateur connect├®',
        timestamp: '2026-02-04T00:45:15.060Z',
        context: {
          userId: '9547d940-d9d3-46e9-a53e-57e3ebbc687a',
          email: 'test81770165914537@example.com'
        }
      }

      at Logger.info (src/utils/logger.ts:49:13)

    console.log
      [INFO] {
        level: 'info',
        message: 'Utilisateur connect├®',
        timestamp: '2026-02-04T00:45:17.341Z',
        context: {
          userId: '22a5e55b-093a-4b57-9667-5e58eb1cb223',
          email: 'test91770165916891@example.com'
        }
      }

      at Logger.info (src/utils/logger.ts:49:13)

    console.log
      [INFO] {
        level: 'info',
        message: 'Utilisateur connect├®',
        timestamp: '2026-02-04T00:45:19.510Z',
        context: {
          userId: 'cb098478-efed-4278-99f0-e7840c94ec99',
          email: 'test101770165919120@example.com'
        }
      }

      at Logger.info (src/utils/logger.ts:49:13)

    console.log
      [INFO] {
        level: 'info',
        message: 'Utilisateur connect├®',
        timestamp: '2026-02-04T00:45:23.400Z',
        context: {
          userId: 'dc41c272-8a7b-4301-9029-ae305772eeb6',
          email: 'test111770165923032@example.com'
        }
      }

      at Logger.info (src/utils/logger.ts:49:13)

    console.log
      [INFO] {
        level: 'info',
        message: 'Utilisateur connect├®',
        timestamp: '2026-02-04T00:45:26.912Z',
        context: {
          userId: '43f2218d-6308-4079-b204-9cca8fb915f9',
          email: 'test121770165926314@example.com'
        }
      }

      at Logger.info (src/utils/logger.ts:49:13)

    console.error
      [ERROR] {
        level: 'error',
        message: 'Le contenu du commentaire ne peut pas ├¬tre vide',
        timestamp: '2026-02-04T00:45:27.261Z',
        context: {
          path: '/api/videos/178da395-4acd-47c8-8fec-01361f798ec9/comment',
          method: 'POST',
          statusCode: 400
        },
        error: {
          name: 'Error',
          message: 'Le contenu du commentaire ne peut pas ├¬tre vide',
          stack: 'Error: Le contenu du commentaire ne peut pas ├¬tre 
vide\n' +
            '    at VideoService.addComment (C:\\Users\\Hp\\Downloads\\AfriC
onnect\\backend\\src\\services\\video.service.ts:330:26)\n' +
            '    at C:\\Users\\Hp\\Downloads\\AfriConnect\\backend\\src\\rou
tes\\videos.routes.ts:132:40\n' +
            '    at Layer.handle [as handle_request] (C:\\Users\\Hp\\Downloa
ds\\AfriConnect\\backend\\node_modules\\express\\lib\\router\\layer.js:95:5)
\n' +
            '    at next (C:\\Users\\Hp\\Downloads\\AfriConnect\\backend\\no
de_modules\\express\\lib\\router\\route.js:149:13)\n' +
            '    at authenticate (C:\\Users\\Hp\\Downloads\\AfriConnect\\bac
kend\\src\\middleware\\auth.ts:64:5)'
        }
      }

    [0m [90m 23 |[39m     }[33m;[39m
     [90m 24 |[39m
    [31m[1m>[22m[39m[90m 25 |[39m     
console[33m.[39merror([32m'[ERROR]'[39m[33m,[39m logData)[33m;[39m
     [90m    |[39m             [31m[1m^[22m[39m
     [90m 26 |[39m     [36mreturn[39m logData[33m;[39m
     [90m 27 |[39m   }
     [90m 28 |[39m[0m

      at Logger.error (src/utils/logger.ts:25:13)
      at errorHandler (src/middleware/errorHandler.ts:18:10)
      at Layer.handle_error (node_modules/express/lib/router/layer.js:71:5)
      at trim_prefix (node_modules/express/lib/router/index.js:326:13)
      at node_modules/express/lib/router/index.js:286:9
      at Function.process_params 
(node_modules/express/lib/router/index.js:346:12)
      at next (node_modules/express/lib/router/index.js:280:10)
      at node_modules/express/lib/router/index.js:646:15
      at next (node_modules/express/lib/router/index.js:265:14)
      at next (node_modules/express/lib/router/route.js:141:14)
      at src/routes/videos.routes.ts:139:5

    console.log
      [INFO] {
        level: 'info',
        message: 'Utilisateur connect├®',
        timestamp: '2026-02-04T00:45:29.214Z',
        context: {
          userId: 'c8ecbe0f-1f68-4531-b25b-6f30ccd6cc58',
          email: 'test131770165928857@example.com'
        }
      }

      at Logger.info (src/utils/logger.ts:49:13)

  ÔùÅ Videos API ÔÇ║ GET /api/videos ÔÇ║ ne devrait pas retourner les 
vid├®os avec example.com

    TypeError: Cannot read properties of undefined (reading 'accessToken')

    [0m [90m 32 |[39m       })[33m;[39m
     [90m 33 |[39m
    [31m[1m>[22m[39m[90m 34 |[39m     authToken [33m=[39m 
loginResponse[33m.[39mbody[33m.[39mdata[33m.[39maccessToken[33m;[39m
     [90m    |[39m                                         
[31m[1m^[22m[39m
     [90m 35 |[39m
     [90m 36 |[39m     [90m// Cr├®er une vid├®o de test (sans 
example.com car filtr├®)[39m
     [90m 37 |[39m     testVideo [33m=[39m [36mawait[39m 
prisma[33m.[39mvideo[33m.[39mcreate({[0m

      at Object.<anonymous> (__tests__/videos.test.ts:34:41)

  ÔùÅ Videos API ÔÇ║ GET /api/videos ÔÇ║ devrait supporter la pagination

    TypeError: Cannot read properties of undefined (reading 'accessToken')

    [0m [90m 32 |[39m       })[33m;[39m
     [90m 33 |[39m
    [31m[1m>[22m[39m[90m 34 |[39m     authToken [33m=[39m 
loginResponse[33m.[39mbody[33m.[39mdata[33m.[39maccessToken[33m;[39m
     [90m    |[39m                                         
[31m[1m^[22m[39m
     [90m 35 |[39m
     [90m 36 |[39m     [90m// Cr├®er une vid├®o de test (sans 
example.com car filtr├®)[39m
     [90m 37 |[39m     testVideo [33m=[39m [36mawait[39m 
prisma[33m.[39mvideo[33m.[39mcreate({[0m

      at Object.<anonymous> (__tests__/videos.test.ts:34:41)

  ÔùÅ Videos API ÔÇ║ GET /api/videos/:id ÔÇ║ devrait retourner les d├®tails 
d'une vid├®o

    PrismaClientKnownRequestError: 
    Invalid `prisma.video.create()` invocation in
    C:\Users\Hp\Downloads\AfriConnect\backend\__tests__\videos.test.ts:37:36

      34 authToken = loginResponse.body.data.accessToken;
      35 
      36 // Cr├®er une vid├®o de test (sans example.com car filtr├®)
    ÔåÆ 37 testVideo = await prisma.video.create(
    Foreign key constraint violated: `Video_creator_id_fkey (index)`

    [0m [90m 35 |[39m
     [90m 36 |[39m     [90m// Cr├®er une vid├®o de test (sans 
example.com car filtr├®)[39m
    [31m[1m>[22m[39m[90m 37 |[39m     testVideo [33m=[39m 
[36mawait[39m prisma[33m.[39mvideo[33m.[39mcreate({
     [90m    |[39m                 [31m[1m^[22m[39m
     [90m 38 |[39m       data[33m:[39m {
     [90m 39 |[39m         title[33m:[39m [32m'Test 
Video'[39m[33m,[39m
     [90m 40 |[39m         description[33m:[39m [32m'Test 
Description'[39m[33m,[39m[0m

      at $n.handleRequestError 
(node_modules/@prisma/client/runtime/library.js:121:7315)
      at $n.handleAndLogRequestError 
(node_modules/@prisma/client/runtime/library.js:121:6623)
      at $n.request 
(node_modules/@prisma/client/runtime/library.js:121:6307)
      at l (node_modules/@prisma/client/runtime/library.js:130:9633)
      at Object.<anonymous> (__tests__/videos.test.ts:37:17)

  ÔùÅ Videos API ÔÇ║ GET /api/videos/:id ÔÇ║ devrait retourner 404 pour une 
vid├®o inexistante

    PrismaClientKnownRequestError: 
    Invalid `prisma.video.create()` invocation in
    C:\Users\Hp\Downloads\AfriConnect\backend\__tests__\videos.test.ts:37:36

      34 authToken = loginResponse.body.data.accessToken;
      35 
      36 // Cr├®er une vid├®o de test (sans example.com car filtr├®)
    ÔåÆ 37 testVideo = await prisma.video.create(
    Foreign key constraint violated: `Video_creator_id_fkey (index)`

    [0m [90m 35 |[39m
     [90m 36 |[39m     [90m// Cr├®er une vid├®o de test (sans 
example.com car filtr├®)[39m
    [31m[1m>[22m[39m[90m 37 |[39m     testVideo [33m=[39m 
[36mawait[39m prisma[33m.[39mvideo[33m.[39mcreate({
     [90m    |[39m                 [31m[1m^[22m[39m
     [90m 38 |[39m       data[33m:[39m {
     [90m 39 |[39m         title[33m:[39m [32m'Test 
Video'[39m[33m,[39m
     [90m 40 |[39m         description[33m:[39m [32m'Test 
Description'[39m[33m,[39m[0m

      at $n.handleRequestError 
(node_modules/@prisma/client/runtime/library.js:121:7315)
      at $n.handleAndLogRequestError 
(node_modules/@prisma/client/runtime/library.js:121:6623)
      at $n.request 
(node_modules/@prisma/client/runtime/library.js:121:6307)
      at l (node_modules/@prisma/client/runtime/library.js:130:9633)
      at Object.<anonymous> (__tests__/videos.test.ts:37:17)

  ÔùÅ Videos API ÔÇ║ POST /api/videos ÔÇ║ devrait cr├®er une nouvelle vid├®o

    TypeError: Cannot read properties of undefined (reading 'accessToken')

    [0m [90m 32 |[39m       })[33m;[39m
     [90m 33 |[39m
    [31m[1m>[22m[39m[90m 34 |[39m     authToken [33m=[39m 
loginResponse[33m.[39mbody[33m.[39mdata[33m.[39maccessToken[33m;[39m
     [90m    |[39m                                         
[31m[1m^[22m[39m
     [90m 35 |[39m
     [90m 36 |[39m     [90m// Cr├®er une vid├®o de test (sans 
example.com car filtr├®)[39m
     [90m 37 |[39m     testVideo [33m=[39m [36mawait[39m 
prisma[33m.[39mvideo[33m.[39mcreate({[0m

      at Object.<anonymous> (__tests__/videos.test.ts:34:41)

  ÔùÅ Videos API ÔÇ║ POST /api/videos ÔÇ║ devrait rejeter une vid├®o sans 
titre

    PrismaClientKnownRequestError: 
    Invalid `prisma.video.create()` invocation in
    C:\Users\Hp\Downloads\AfriConnect\backend\__tests__\videos.test.ts:37:36

      34 authToken = loginResponse.body.data.accessToken;
      35 
      36 // Cr├®er une vid├®o de test (sans example.com car filtr├®)
    ÔåÆ 37 testVideo = await prisma.video.create(
    Foreign key constraint violated: `Video_creator_id_fkey (index)`

    [0m [90m 35 |[39m
     [90m 36 |[39m     [90m// Cr├®er une vid├®o de test (sans 
example.com car filtr├®)[39m
    [31m[1m>[22m[39m[90m 37 |[39m     testVideo [33m=[39m 
[36mawait[39m prisma[33m.[39mvideo[33m.[39mcreate({
     [90m    |[39m                 [31m[1m^[22m[39m
     [90m 38 |[39m       data[33m:[39m {
     [90m 39 |[39m         title[33m:[39m [32m'Test 
Video'[39m[33m,[39m
     [90m 40 |[39m         description[33m:[39m [32m'Test 
Description'[39m[33m,[39m[0m

      at $n.handleRequestError 
(node_modules/@prisma/client/runtime/library.js:121:7315)
      at $n.handleAndLogRequestError 
(node_modules/@prisma/client/runtime/library.js:121:6623)
      at $n.request 
(node_modules/@prisma/client/runtime/library.js:121:6307)
      at l (node_modules/@prisma/client/runtime/library.js:130:9633)
      at Object.<anonymous> (__tests__/videos.test.ts:37:17)

  ÔùÅ Videos API ÔÇ║ POST /api/videos ÔÇ║ devrait rejeter une requ├¬te non 
authentifi├®e

    PrismaClientKnownRequestError: 
    Invalid `prisma.video.create()` invocation in
    C:\Users\Hp\Downloads\AfriConnect\backend\__tests__\videos.test.ts:37:36

      34 authToken = loginResponse.body.data.accessToken;
      35 
      36 // Cr├®er une vid├®o de test (sans example.com car filtr├®)
    ÔåÆ 37 testVideo = await prisma.video.create(
    Foreign key constraint violated: `Video_creator_id_fkey (index)`

    [0m [90m 35 |[39m
     [90m 36 |[39m     [90m// Cr├®er une vid├®o de test (sans 
example.com car filtr├®)[39m
    [31m[1m>[22m[39m[90m 37 |[39m     testVideo [33m=[39m 
[36mawait[39m prisma[33m.[39mvideo[33m.[39mcreate({
     [90m    |[39m                 [31m[1m^[22m[39m
     [90m 38 |[39m       data[33m:[39m {
     [90m 39 |[39m         title[33m:[39m [32m'Test 
Video'[39m[33m,[39m
     [90m 40 |[39m         description[33m:[39m [32m'Test 
Description'[39m[33m,[39m[0m

      at $n.handleRequestError 
(node_modules/@prisma/client/runtime/library.js:121:7315)
      at $n.handleAndLogRequestError 
(node_modules/@prisma/client/runtime/library.js:121:6623)
      at $n.request 
(node_modules/@prisma/client/runtime/library.js:121:6307)
      at l (node_modules/@prisma/client/runtime/library.js:130:9633)
      at Object.<anonymous> (__tests__/videos.test.ts:37:17)

  ÔùÅ Videos API ÔÇ║ POST /api/videos/:id/like ÔÇ║ devrait liker une vid├®o

    PrismaClientKnownRequestError: 
    Invalid `prisma.video.create()` invocation in
    C:\Users\Hp\Downloads\AfriConnect\backend\__tests__\videos.test.ts:37:36

      34 authToken = loginResponse.body.data.accessToken;
      35 
      36 // Cr├®er une vid├®o de test (sans example.com car filtr├®)
    ÔåÆ 37 testVideo = await prisma.video.create(
    Foreign key constraint violated: `Video_creator_id_fkey (index)`

    [0m [90m 35 |[39m
     [90m 36 |[39m     [90m// Cr├®er une vid├®o de test (sans 
example.com car filtr├®)[39m
    [31m[1m>[22m[39m[90m 37 |[39m     testVideo [33m=[39m 
[36mawait[39m prisma[33m.[39mvideo[33m.[39mcreate({
     [90m    |[39m                 [31m[1m^[22m[39m
     [90m 38 |[39m       data[33m:[39m {
     [90m 39 |[39m         title[33m:[39m [32m'Test 
Video'[39m[33m,[39m
     [90m 40 |[39m         description[33m:[39m [32m'Test 
Description'[39m[33m,[39m[0m

      at $n.handleRequestError 
(node_modules/@prisma/client/runtime/library.js:121:7315)
      at $n.handleAndLogRequestError 
(node_modules/@prisma/client/runtime/library.js:121:6623)
      at $n.request 
(node_modules/@prisma/client/runtime/library.js:121:6307)
      at l (node_modules/@prisma/client/runtime/library.js:130:9633)
      at Object.<anonymous> (__tests__/videos.test.ts:37:17)

Test Suites: 4 failed, 4 total
Tests:       24 failed, 15 passed, 39 total
Snapshots:   0 total
Time:        55.856 s
Ran all test suites.
